Archive member included because of file (symbol)

D:\qp\qpcpp/ports/arm-cortex/vanilla/gnu/spy\libqp_cortex-m4f_cs.a(qhsm_ini.o)
                              spy/table.o (QP::QHsm::~QHsm())
D:\qp\qpcpp/ports/arm-cortex/vanilla/gnu/spy\libqp_cortex-m4f_cs.a(qhsm_top.o)
                              spy/table.o (QP::QHsm::top(void*, QP::QEvt const*))
D:\qp\qpcpp/ports/arm-cortex/vanilla/gnu/spy\libqp_cortex-m4f_cs.a(qa_fifo.o)
                              spy/philo.o (QP::QActive::postFIFO(QP::QEvt const*, void const*))
D:\qp\qpcpp/ports/arm-cortex/vanilla/gnu/spy\libqp_cortex-m4f_cs.a(qa_sub.o)
                              spy/table.o (QP::QActive::subscribe(int) const)
D:\qp\qpcpp/ports/arm-cortex/vanilla/gnu/spy\libqp_cortex-m4f_cs.a(qf_act.o)
                              D:\qp\qpcpp/ports/arm-cortex/vanilla/gnu/spy\libqp_cortex-m4f_cs.a(qa_sub.o) (QP::QF::active_)
D:\qp\qpcpp/ports/arm-cortex/vanilla/gnu/spy\libqp_cortex-m4f_cs.a(qf_new.o)
                              spy/table.o (QP::QF::new_(unsigned short, int))
D:\qp\qpcpp/ports/arm-cortex/vanilla/gnu/spy\libqp_cortex-m4f_cs.a(qf_pool.o)
                              spy/main.o (QP::QF::poolInit(void*, unsigned long, unsigned long))
D:\qp\qpcpp/ports/arm-cortex/vanilla/gnu/spy\libqp_cortex-m4f_cs.a(qf_psini.o)
                              spy/main.o (QP::QF::psInit(QP::QSubscrList*, unsigned long))
D:\qp\qpcpp/ports/arm-cortex/vanilla/gnu/spy\libqp_cortex-m4f_cs.a(qf_pspub.o)
                              spy/table.o (QP::QF::publish(QP::QEvt const*, void const*))
D:\qp\qpcpp/ports/arm-cortex/vanilla/gnu/spy\libqp_cortex-m4f_cs.a(qf_pwr2.o)
                              D:\qp\qpcpp/ports/arm-cortex/vanilla/gnu/spy\libqp_cortex-m4f_cs.a(qa_fifo.o) (QP::QF_div8Lkup)
D:\qp\qpcpp/ports/arm-cortex/vanilla/gnu/spy\libqp_cortex-m4f_cs.a(qf_tick.o)
                              spy/bsp.o (QP::QF::tick(void const*))
D:\qp\qpcpp/ports/arm-cortex/vanilla/gnu/spy\libqp_cortex-m4f_cs.a(qmp_get.o)
                              D:\qp\qpcpp/ports/arm-cortex/vanilla/gnu/spy\libqp_cortex-m4f_cs.a(qf_new.o) (QP::QMPool::get())
D:\qp\qpcpp/ports/arm-cortex/vanilla/gnu/spy\libqp_cortex-m4f_cs.a(qmp_init.o)
                              D:\qp\qpcpp/ports/arm-cortex/vanilla/gnu/spy\libqp_cortex-m4f_cs.a(qf_pool.o) (QP::QMPool::init(void*, unsigned long, unsigned short))
D:\qp\qpcpp/ports/arm-cortex/vanilla/gnu/spy\libqp_cortex-m4f_cs.a(qte_ctor.o)
                              spy/philo.o (QP::QTimeEvt::QTimeEvt(int))
D:\qp\qpcpp/ports/arm-cortex/vanilla/gnu/spy\libqp_cortex-m4f_cs.a(qte_arm.o)
                              spy/philo.o (QP::QTimeEvt::arm_(QP::QActive*, unsigned short))
D:\qp\qpcpp/ports/arm-cortex/vanilla/gnu/spy\libqp_cortex-m4f_cs.a(qte_darm.o)
                              spy/philo.o (QP::QTimeEvt::disarm())
D:\qp\qpcpp/ports/arm-cortex/vanilla/gnu/spy\libqp_cortex-m4f_cs.a(qvanilla.o)
                              spy/main.o (QP::QF::init())
D:\qp\qpcpp/ports/arm-cortex/vanilla/gnu/spy\libqp_cortex-m4f_cs.a(qs.o)
                              spy/bsp.o (QP::QS::initBuf(unsigned char*, unsigned long))
D:\qp\qpcpp/ports/arm-cortex/vanilla/gnu/spy\libqp_cortex-m4f_cs.a(qs_.o)
                              spy/bsp.o (QP::QS::u8_(unsigned char))
D:\qp\qpcpp/ports/arm-cortex/vanilla/gnu/spy\libqp_cortex-m4f_cs.a(qs_blk.o)
                              spy/bsp.o (QP::QS::getBlock(unsigned short*))
D:\qp\qpcpp/ports/arm-cortex/vanilla/gnu/spy\libqp_cortex-m4f_cs.a(qs_str.o)
                              spy/bsp.o (QP::QS::str(char const*))
D:\qp\qpcpp/ports/arm-cortex/vanilla/gnu/spy\libqp_cortex-m4f_cs.a(qep.o)
                              D:\qp\qpcpp/ports/arm-cortex/vanilla/gnu/spy\libqp_cortex-m4f_cs.a(qhsm_ini.o) (QP::QEP_reservedEvt_)
D:\qp\qpcpp/ports/arm-cortex/vanilla/gnu/spy\libqp_cortex-m4f_cs.a(qhsm_dis.o)
                              D:\qp\qpcpp/ports/arm-cortex/vanilla/gnu/spy\libqp_cortex-m4f_cs.a(qvanilla.o) (QP::QHsm::dispatch(QP::QEvt const*))
D:\qp\qpcpp/ports/arm-cortex/vanilla/gnu/spy\libqp_cortex-m4f_cs.a(qa_get_.o)
                              D:\qp\qpcpp/ports/arm-cortex/vanilla/gnu/spy\libqp_cortex-m4f_cs.a(qvanilla.o) (QP::QActive::get_())
D:\qp\qpcpp/ports/arm-cortex/vanilla/gnu/spy\libqp_cortex-m4f_cs.a(qeq_init.o)
                              D:\qp\qpcpp/ports/arm-cortex/vanilla/gnu/spy\libqp_cortex-m4f_cs.a(qvanilla.o) (QP::QEQueue::init(QP::QEvt const**, unsigned char))
D:\qp\qpcpp/ports/arm-cortex/vanilla/gnu/spy\libqp_cortex-m4f_cs.a(qf_gc.o)
                              D:\qp\qpcpp/ports/arm-cortex/vanilla/gnu/spy\libqp_cortex-m4f_cs.a(qf_pspub.o) (QP::QF::gc(QP::QEvt const*))
D:\qp\qpcpp/ports/arm-cortex/vanilla/gnu/spy\libqp_cortex-m4f_cs.a(qmp_put.o)
                              D:\qp\qpcpp/ports/arm-cortex/vanilla/gnu/spy\libqp_cortex-m4f_cs.a(qf_gc.o) (QP::QMPool::put(void*))
c:/tools/codesourcery/bin/../lib/gcc/arm-none-eabi/4.7.2/../../../../arm-none-eabi/lib/armv7-m\libc.a(lib_a-aeabi_atexit.o)
                              spy/table.o (__aeabi_atexit)
c:/tools/codesourcery/bin/../lib/gcc/arm-none-eabi/4.7.2/../../../../arm-none-eabi/lib/armv7-m\libc.a(lib_a-init.o)
                              spy/startup_lm4f.o (__libc_init_array)

Discarded input sections

 .group         0x00000000        0x8 spy/table.o
 .group         0x00000000        0x8 spy/table.o
 .group         0x00000000        0x8 spy/table.o
 .group         0x00000000        0x8 spy/table.o
 .group         0x00000000        0x8 spy/table.o
 .group         0x00000000        0x8 spy/table.o
 .group         0x00000000        0x8 spy/philo.o
 .group         0x00000000        0x8 spy/philo.o
 .group         0x00000000        0x8 spy/philo.o
 .group         0x00000000        0x8 spy/philo.o
 .group         0x00000000        0x8 spy/philo.o
 .group         0x00000000        0x8 spy/philo.o
 .text._ZN2QP7QActiveD2Ev
                0x00000000       0x14 spy/philo.o
 .text._ZN2QP7QActiveD0Ev
                0x00000000       0x1c spy/philo.o
 .rodata._ZTVN2QP7QActiveE
                0x00000000       0x10 spy/philo.o
 .ARM.attributes
                0x00000000       0x2d c:/tools/codesourcery/bin/../lib/gcc/arm-none-eabi/4.7.2/../../../../arm-none-eabi/lib/armv7-m\libc.a(lib_a-aeabi_atexit.o)
 .debug_frame   0x00000000       0x20 c:/tools/codesourcery/bin/../lib/gcc/arm-none-eabi/4.7.2/../../../../arm-none-eabi/lib/armv7-m\libc.a(lib_a-aeabi_atexit.o)
 .ARM.attributes
                0x00000000       0x2d c:/tools/codesourcery/bin/../lib/gcc/arm-none-eabi/4.7.2/../../../../arm-none-eabi/lib/armv7-m\libc.a(lib_a-init.o)
 .debug_frame   0x00000000       0x2c c:/tools/codesourcery/bin/../lib/gcc/arm-none-eabi/4.7.2/../../../../arm-none-eabi/lib/armv7-m\libc.a(lib_a-init.o)

Memory Configuration

Name             Origin             Length             Attributes
ROM              0x00000000         0x00040000         xr
RAM              0x20000000         0x00008000         xrw
*default*        0x00000000         0xffffffff

Linker script and memory map

LOAD spy/startup_lm4f.o
LOAD spy/main.o
LOAD spy/table.o
LOAD spy/philo.o
LOAD spy/bsp.o
LOAD spy/no_heap.o
LOAD spy/mini_cpp.o
LOAD D:\qp\qpcpp/ports/arm-cortex/vanilla/gnu/spy\libqp_cortex-m4f_cs.a
                0x000003e8                STACK_SIZE = 0x3e8
                0x00000000                HEAP_SIZE = 0x0

.isr_vector     0x00000000       0xf0
 *(.isr_vector)
 .isr_vector    0x00000000       0xf0 spy/startup_lm4f.o
                0x00000000                g_pfnVectors
                0x000000f0                . = ALIGN (0x4)

.text           0x000000f0     0x4150
                0x000000f0                . = ALIGN (0x4)
 *(.text)
 .text          0x000000f0       0xb8 spy/startup_lm4f.o
                0x000000f0                DebugMon_Handler
                0x000000f0                FlashCtrl_IRQHandler
                0x000000f0                Timer0B_IRQHandler
                0x000000f0                I2C0_IRQHandler
                0x000000f0                PendSV_Handler
                0x000000f0                NMI_Handler
                0x000000f0                I2C1_IRQHandler
                0x000000f0                PWMGen0_IRQHandler
                0x000000f0                UART1_IRQHandler
                0x000000f0                CAN1_IRQHandler
                0x000000f0                Timer1B_IRQHandler
                0x000000f0                Watchdog_IRQHandler
                0x000000f0                UART0_IRQHandler
                0x000000f0                SSI0_IRQHandler
                0x000000f0                UsageFault_Handler
                0x000000f0                ADCSeq1_IRQHandler
                0x000000f0                PWMFault_IRQHandler
                0x000000f0                PWMGen1_IRQHandler
                0x000000f0                SSI1_IRQHandler
                0x000000f0                SysCtrl_IRQHandler
                0x000000f0                Spurious_Handler
                0x000000f0                GPIOPortC_IRQHandler
                0x000000f0                ADCSeq2_IRQHandler
                0x000000f0                PWMGen2_IRQHandler
                0x000000f0                UART2_IRQHandler
                0x000000f0                QEI1_IRQHandler
                0x000000f0                QEI0_IRQHandler
                0x000000f0                GPIOPortD_IRQHandler
                0x000000f0                MemManage_Handler
                0x000000f0                Ethernet_IRQHandler
                0x000000f0                SVC_Handler
                0x000000f0                Timer3B_IRQHandler
                0x000000f0                Timer3A_IRQHandler
                0x000000f0                Timer0A_IRQHandler
                0x000000f0                ADCSeq0_IRQHandler
                0x000000f0                Timer1A_IRQHandler
                0x000000f0                GPIOPortG_IRQHandler
                0x000000f0                ADCSeq3_IRQHandler
                0x000000f0                GPIOPortE_IRQHandler
                0x000000f0                CAN0_IRQHandler
                0x000000f0                Comp0_IRQHandler
                0x000000f0                Comp1_IRQHandler
                0x000000f0                Comp2_IRQHandler
                0x000000f0                GPIOPortF_IRQHandler
                0x000000f0                GPIOPortB_IRQHandler
                0x000000f0                CAN2_IRQHandler
                0x000000f0                GPIOPortH_IRQHandler
                0x000000f0                BusFault_Handler
                0x000000f0                Timer2A_IRQHandler
                0x000000f0                Timer2B_IRQHandler
                0x000000f0                Hibernate_IRQHandler
                0x0000010c                Reset_Handler
                0x000001a4                _init
 .text          0x000001a8      0x20c spy/main.o
                0x000001a8                main
 .text          0x000003b4      0x6f4 spy/table.o
                0x000003b4                DPP::Table::paused(DPP::Table*, QP::QEvt const*)
                0x000004a8                DPP::Table::serving(DPP::Table*, QP::QEvt const*)
                0x00000740                DPP::Table::active(DPP::Table*, QP::QEvt const*)
                0x0000077c                DPP::Table::initial(DPP::Table*, QP::QEvt const*)
                0x00000a44                DPP::Table::Table()
                0x00000a44                DPP::Table::Table()
 .text          0x00000aa8      0x660 spy/philo.o
                0x00000acc                DPP::Philo::thinking(DPP::Philo*, QP::QEvt const*)
                0x00000b80                DPP::Philo::hungry(DPP::Philo*, QP::QEvt const*)
                0x00000c34                DPP::Philo::initial(DPP::Philo*, QP::QEvt const*)
                0x00000fd8                DPP::Philo::eating(DPP::Philo*, QP::QEvt const*)
                0x000010ac                DPP::Philo::Philo()
                0x000010ac                DPP::Philo::Philo()
 .text          0x00001108      0x5a8 spy/bsp.o
                0x00001108                SysTick_Handler
                0x000011c0                GPIOPortA_IRQHandler
                0x000011e8                DPP::BSP_displayPaused(unsigned char)
                0x000011fc                DPP::BSP_random()
                0x00001238                DPP::BSP_randomSeed(unsigned long)
                0x00001244                DPP::BSP_terminate(short)
                0x00001248                Q_onAssert
                0x0000124c                assert_failed
                0x00001254                QP::QF::onStartup()
                0x000012c0                QP::QF::onCleanup()
                0x000012c4                QP::QF::onIdle()
                0x00001328                QP::QS::onStartup(void const*)
                0x00001458                QP::QS::onCleanup()
                0x0000145c                QP::QS::onGetTime()
                0x0000147c                DPP::BSP_displayPhilStat(unsigned char, char const*)
                0x000014e8                QP::QS::onFlush()
                0x00001540                DPP::BSP_init()
 .text          0x000016b0       0x44 spy/no_heap.o
                0x000016b0                malloc
                0x000016c8                free
                0x000016dc                calloc
 .text          0x000016f4       0x1c spy/mini_cpp.o
                0x000016f4                operator new(unsigned int)
                0x000016fc                operator delete(void*)
                0x00001704                __cxa_atexit
                0x00001708                __cxa_guard_acquire
                0x0000170c                __cxa_guard_release
 .text          0x00001710      0x1ac D:\qp\qpcpp/ports/arm-cortex/vanilla/gnu/spy\libqp_cortex-m4f_cs.a(qhsm_ini.o)
                0x00001710                QP::QHsm::~QHsm()
                0x00001710                QP::QHsm::~QHsm()
                0x0000171c                QP::QHsm::~QHsm()
                0x00001730                QP::QHsm::init(QP::QEvt const*)
 .text          0x000018bc        0x8 D:\qp\qpcpp/ports/arm-cortex/vanilla/gnu/spy\libqp_cortex-m4f_cs.a(qhsm_top.o)
                0x000018bc                QP::QHsm::top(void*, QP::QEvt const*)
 .text          0x000018c4       0xe4 D:\qp\qpcpp/ports/arm-cortex/vanilla/gnu/spy\libqp_cortex-m4f_cs.a(qa_fifo.o)
                0x000018c4                QP::QActive::postFIFO(QP::QEvt const*, void const*)
 .text          0x000019a8       0xa0 D:\qp\qpcpp/ports/arm-cortex/vanilla/gnu/spy\libqp_cortex-m4f_cs.a(qa_sub.o)
                0x000019a8                QP::QActive::subscribe(int) const
 .text          0x00001a48       0xf8 D:\qp\qpcpp/ports/arm-cortex/vanilla/gnu/spy\libqp_cortex-m4f_cs.a(qf_act.o)
                0x00001a48                QP::QF::getVersion()
                0x00001a50                QP::QF::add_(QP::QActive*)
                0x00001ac4                QP::QF::remove_(QP::QActive const*)
 .text          0x00001b40       0xac D:\qp\qpcpp/ports/arm-cortex/vanilla/gnu/spy\libqp_cortex-m4f_cs.a(qf_new.o)
                0x00001b40                QP::QF::new_(unsigned short, int)
 .text          0x00001bec       0x74 D:\qp\qpcpp/ports/arm-cortex/vanilla/gnu/spy\libqp_cortex-m4f_cs.a(qf_pool.o)
                0x00001bec                QP::QF::poolInit(void*, unsigned long, unsigned long)
 .text          0x00001c60        0xc D:\qp\qpcpp/ports/arm-cortex/vanilla/gnu/spy\libqp_cortex-m4f_cs.a(qf_psini.o)
                0x00001c60                QP::QF::psInit(QP::QSubscrList*, unsigned long)
 .text          0x00001c6c       0xec D:\qp\qpcpp/ports/arm-cortex/vanilla/gnu/spy\libqp_cortex-m4f_cs.a(qf_pspub.o)
                0x00001c6c                QP::QF::publish(QP::QEvt const*, void const*)
 .text          0x00001d58        0x0 D:\qp\qpcpp/ports/arm-cortex/vanilla/gnu/spy\libqp_cortex-m4f_cs.a(qf_pwr2.o)
 .text          0x00001d58      0x14c D:\qp\qpcpp/ports/arm-cortex/vanilla/gnu/spy\libqp_cortex-m4f_cs.a(qf_tick.o)
                0x00001d58                QP::QF::tick(void const*)
 .text          0x00001ea4       0xb8 D:\qp\qpcpp/ports/arm-cortex/vanilla/gnu/spy\libqp_cortex-m4f_cs.a(qmp_get.o)
                0x00001ea4                QP::QMPool::get()
                0x00001f20                QP::QF::getPoolMargin(unsigned char)
 .text          0x00001f5c       0xe0 D:\qp\qpcpp/ports/arm-cortex/vanilla/gnu/spy\libqp_cortex-m4f_cs.a(qmp_init.o)
                0x00001f5c                QP::QMPool::init(void*, unsigned long, unsigned short)
 .text          0x0000203c       0x34 D:\qp\qpcpp/ports/arm-cortex/vanilla/gnu/spy\libqp_cortex-m4f_cs.a(qte_ctor.o)
                0x0000203c                QP::QTimeEvt::QTimeEvt(int)
                0x0000203c                QP::QTimeEvt::QTimeEvt(int)
 .text          0x00002070       0xa4 D:\qp\qpcpp/ports/arm-cortex/vanilla/gnu/spy\libqp_cortex-m4f_cs.a(qte_arm.o)
                0x00002070                QP::QF::noTimeEvtsActive()
                0x00002084                QP::QTimeEvt::arm_(QP::QActive*, unsigned short)
 .text          0x00002114       0xac D:\qp\qpcpp/ports/arm-cortex/vanilla/gnu/spy\libqp_cortex-m4f_cs.a(qte_darm.o)
                0x00002114                QP::QTimeEvt::disarm()
 .text          0x000021c0       0xb8 D:\qp\qpcpp/ports/arm-cortex/vanilla/gnu/spy\libqp_cortex-m4f_cs.a(qvanilla.o)
                0x000021c0                QP::QF::init()
                0x000021c4                QP::QF::stop()
                0x000021cc                QP::QF::run()
                0x00002228                QP::QActive::start(unsigned char, QP::QEvt const**, unsigned long, void*, unsigned long, QP::QEvt const*)
                0x00002270                QP::QActive::stop()
 .text          0x00002278      0x91c D:\qp\qpcpp/ports/arm-cortex/vanilla/gnu/spy\libqp_cortex-m4f_cs.a(qs.o)
                0x00002278                QP::QS::getVersion()
                0x00002280                QP::QS::initBuf(unsigned char*, unsigned long)
                0x0000228c                QP::QS::filterOn(unsigned char)
                0x000022c8                QP::QS::filterOff(unsigned char)
                0x00002304                QP::QS::begin(unsigned char)
                0x00002450                QP::QS::end()
                0x00002538                QP::QS::u8(unsigned char, unsigned char)
                0x0000267c                QP::QS::u16(unsigned char, unsigned short)
                0x00002864                QP::QS::u32(unsigned char, unsigned long)
 .text          0x00002b94      0x630 D:\qp\qpcpp/ports/arm-cortex/vanilla/gnu/spy\libqp_cortex-m4f_cs.a(qs_.o)
                0x00002b94                QP::QS::u8_(unsigned char)
                0x00002c54                QP::QS::u16_(unsigned short)
                0x00002dc4                QP::QS::u32_(unsigned long)
                0x0000309c                QP::QS::str_(char const*)
                0x00003130                QP::QS::str_ROM_(char const*)
 .text          0x000031c4       0x64 D:\qp\qpcpp/ports/arm-cortex/vanilla/gnu/spy\libqp_cortex-m4f_cs.a(qs_blk.o)
                0x000031c4                QP::QS::getBlock(unsigned short*)
 .text          0x00003228      0x1a0 D:\qp\qpcpp/ports/arm-cortex/vanilla/gnu/spy\libqp_cortex-m4f_cs.a(qs_str.o)
                0x00003228                QP::QS::str(char const*)
                0x000032f8                QP::QS::str_ROM(char const*)
 .text          0x000033c8        0x8 D:\qp\qpcpp/ports/arm-cortex/vanilla/gnu/spy\libqp_cortex-m4f_cs.a(qep.o)
                0x000033c8                QP::QEP::getVersion()
 .text          0x000033d0      0x5dc D:\qp\qpcpp/ports/arm-cortex/vanilla/gnu/spy\libqp_cortex-m4f_cs.a(qhsm_dis.o)
                0x000033d0                QP::QHsm::dispatch(QP::QEvt const*)
 .text          0x000039ac      0x13c D:\qp\qpcpp/ports/arm-cortex/vanilla/gnu/spy\libqp_cortex-m4f_cs.a(qa_get_.o)
                0x000039ac                QP::QActive::get_()
                0x00003ab8                QP::QF::getQueueMargin(unsigned char)
 .text          0x00003ae8       0x54 D:\qp\qpcpp/ports/arm-cortex/vanilla/gnu/spy\libqp_cortex-m4f_cs.a(qeq_init.o)
                0x00003ae8                QP::QEQueue::init(QP::QEvt const**, unsigned char)
 .text          0x00003b3c       0xbc D:\qp\qpcpp/ports/arm-cortex/vanilla/gnu/spy\libqp_cortex-m4f_cs.a(qf_gc.o)
                0x00003b3c                QP::QF::gc(QP::QEvt const*)
 .text          0x00003bf8       0x88 D:\qp\qpcpp/ports/arm-cortex/vanilla/gnu/spy\libqp_cortex-m4f_cs.a(qmp_put.o)
                0x00003bf8                QP::QMPool::put(void*)
 .text          0x00003c80        0xa c:/tools/codesourcery/bin/../lib/gcc/arm-none-eabi/4.7.2/../../../../arm-none-eabi/lib/armv7-m\libc.a(lib_a-aeabi_atexit.o)
                0x00003c80                __aeabi_atexit
 *fill*         0x00003c8a        0x2 
 .text          0x00003c8c       0x4c c:/tools/codesourcery/bin/../lib/gcc/arm-none-eabi/4.7.2/../../../../arm-none-eabi/lib/armv7-m\libc.a(lib_a-init.o)
                0x00003c8c                __libc_init_array
 *(.text*)
 .text._ZN2QP7QActiveD2Ev
                0x00003cd8       0x14 spy/table.o
                0x00003cd8                QP::QActive::~QActive()
                0x00003cd8                QP::QActive::~QActive()
 .text._ZN3DPP5TableD2Ev
                0x00003cec       0x14 spy/table.o
                0x00003cec                DPP::Table::~Table()
                0x00003cec                DPP::Table::~Table()
 .text._ZN2QP7QActiveD0Ev
                0x00003d00       0x1c spy/table.o
                0x00003d00                QP::QActive::~QActive()
 .text._ZN3DPP5TableD0Ev
                0x00003d1c       0x1c spy/table.o
                0x00003d1c                DPP::Table::~Table()
 .text._ZN3DPP5PhiloD2Ev
                0x00003d38       0x14 spy/philo.o
                0x00003d38                DPP::Philo::~Philo()
                0x00003d38                DPP::Philo::~Philo()
 .text._ZN3DPP5PhiloD0Ev
                0x00003d4c       0x1c spy/philo.o
                0x00003d4c                DPP::Philo::~Philo()
 *(.rodata)
 .rodata        0x00003d68       0x80 spy/main.o
 .rodata        0x00003de8       0xa8 spy/table.o
                0x00003e8c                DPP::AO_Table
 .rodata        0x00003e90      0x130 spy/philo.o
                0x00003fac                DPP::AO_Philo
 .rodata        0x00003fc0       0x48 spy/bsp.o
 .rodata        0x00004008        0xc spy/no_heap.o
 *fill*         0x00004014        0x4 
 .rodata        0x00004018       0x20 D:\qp\qpcpp/ports/arm-cortex/vanilla/gnu/spy\libqp_cortex-m4f_cs.a(qhsm_ini.o)
                0x00004018                vtable for QP::QHsm
 .rodata        0x00004038        0x8 D:\qp\qpcpp/ports/arm-cortex/vanilla/gnu/spy\libqp_cortex-m4f_cs.a(qa_fifo.o)
 .rodata        0x00004040        0x8 D:\qp\qpcpp/ports/arm-cortex/vanilla/gnu/spy\libqp_cortex-m4f_cs.a(qa_sub.o)
 .rodata        0x00004048       0x10 D:\qp\qpcpp/ports/arm-cortex/vanilla/gnu/spy\libqp_cortex-m4f_cs.a(qf_act.o)
 .rodata        0x00004058        0x8 D:\qp\qpcpp/ports/arm-cortex/vanilla/gnu/spy\libqp_cortex-m4f_cs.a(qf_new.o)
 .rodata        0x00004060        0x8 D:\qp\qpcpp/ports/arm-cortex/vanilla/gnu/spy\libqp_cortex-m4f_cs.a(qf_pool.o)
 .rodata        0x00004068        0xc D:\qp\qpcpp/ports/arm-cortex/vanilla/gnu/spy\libqp_cortex-m4f_cs.a(qf_pspub.o)
 .rodata        0x00004074       0xcc D:\qp\qpcpp/ports/arm-cortex/vanilla/gnu/spy\libqp_cortex-m4f_cs.a(qf_pwr2.o)
                0x00004074                QP::QF_div8Lkup
                0x000040b8                QP::QF_invPwr2Lkup
                0x000040fc                QP::QF_pwr2Lkup
 .rodata        0x00004140        0x8 D:\qp\qpcpp/ports/arm-cortex/vanilla/gnu/spy\libqp_cortex-m4f_cs.a(qf_tick.o)
 .rodata        0x00004148        0x8 D:\qp\qpcpp/ports/arm-cortex/vanilla/gnu/spy\libqp_cortex-m4f_cs.a(qmp_get.o)
 .rodata        0x00004150        0xc D:\qp\qpcpp/ports/arm-cortex/vanilla/gnu/spy\libqp_cortex-m4f_cs.a(qmp_init.o)
 .rodata        0x0000415c        0xc D:\qp\qpcpp/ports/arm-cortex/vanilla/gnu/spy\libqp_cortex-m4f_cs.a(qte_ctor.o)
 .rodata        0x00004168        0x8 D:\qp\qpcpp/ports/arm-cortex/vanilla/gnu/spy\libqp_cortex-m4f_cs.a(qte_arm.o)
 .rodata        0x00004170        0xc D:\qp\qpcpp/ports/arm-cortex/vanilla/gnu/spy\libqp_cortex-m4f_cs.a(qvanilla.o)
 .rodata        0x0000417c        0x8 D:\qp\qpcpp/ports/arm-cortex/vanilla/gnu/spy\libqp_cortex-m4f_cs.a(qs.o)
 .rodata        0x00004184       0x18 D:\qp\qpcpp/ports/arm-cortex/vanilla/gnu/spy\libqp_cortex-m4f_cs.a(qep.o)
                0x0000418c                QP::QEP_reservedEvt_
 .rodata        0x0000419c        0xc D:\qp\qpcpp/ports/arm-cortex/vanilla/gnu/spy\libqp_cortex-m4f_cs.a(qhsm_dis.o)
 .rodata        0x000041a8        0x8 D:\qp\qpcpp/ports/arm-cortex/vanilla/gnu/spy\libqp_cortex-m4f_cs.a(qa_get_.o)
 .rodata        0x000041b0        0x8 D:\qp\qpcpp/ports/arm-cortex/vanilla/gnu/spy\libqp_cortex-m4f_cs.a(qf_gc.o)
 .rodata        0x000041b8        0x8 D:\qp\qpcpp/ports/arm-cortex/vanilla/gnu/spy\libqp_cortex-m4f_cs.a(qmp_put.o)
 *(.rodata*)
 .rodata.str1.4
                0x000041c0       0x25 spy/startup_lm4f.o
                                 0x28 (size before relaxing)
 *fill*         0x000041e5        0x3 
 .rodata._ZTVN2QP7QActiveE
                0x000041e8       0x10 spy/table.o
                0x000041e8                vtable for QP::QActive
 .rodata._ZTVN3DPP5TableE
                0x000041f8       0x10 spy/table.o
                0x000041f8                vtable for DPP::Table
 .rodata.str1.4
                0x00004208       0x24 spy/table.o
 *fill*         0x0000422c        0x4 
 .rodata._ZTVN3DPP5PhiloE
                0x00004230       0x10 spy/philo.o
                0x00004230                vtable for DPP::Philo
 *(.init)
 *(.fini)
                0x00004240                . = ALIGN (0x4)

.glue_7         0x00004240        0x0
 .glue_7        0x00000000        0x0 linker stubs

.glue_7t        0x00004240        0x0
 .glue_7t       0x00000000        0x0 linker stubs

.vfp11_veneer   0x00004240        0x0
 .vfp11_veneer  0x00000000        0x0 linker stubs

.v4_bx          0x00004240        0x0
 .v4_bx         0x00000000        0x0 linker stubs

.iplt           0x00004240        0x0
 .iplt          0x00000000        0x0 spy/startup_lm4f.o

.rel.dyn        0x00004240        0x0
 .rel.iplt      0x00000000        0x0 spy/startup_lm4f.o

.preinit_array  0x00004240        0x0
                0x00004240                PROVIDE (__preinit_array_start, .)
 *(.preinit_array*)
                0x00004240                PROVIDE (__preinit_array_end, .)

.init_array     0x00004240        0x8
                0x00004240                PROVIDE (__init_array_start, .)
 *(SORT(.init_array.*))
 *(.init_array*)
 .init_array    0x00004240        0x4 spy/table.o
 .init_array    0x00004244        0x4 spy/philo.o
                0x00004248                PROVIDE (__init_array_end, .)

.fini_array     0x00004248        0x0
                0x00004248                PROVIDE (__fini_array_start, .)
 *(.fini_array*)
 *(SORT(.fini_array.*))
                0x00004248                PROVIDE (__fini_array_end, .)
                0x00004248                _etext = .

.data           0x20000000        0x4 load address 0x00004248
                0x00004248                __data_load = LOADADDR (.data)
                0x20000000                __data_start = .
 *(.data)
 .data          0x20000000        0x0 spy/startup_lm4f.o
 .data          0x20000000        0x0 spy/main.o
 .data          0x20000000        0x0 spy/table.o
 .data          0x20000000        0x0 spy/philo.o
 .data          0x20000000        0x4 spy/bsp.o
 .data          0x20000004        0x0 spy/no_heap.o
 .data          0x20000004        0x0 spy/mini_cpp.o
 .data          0x20000004        0x0 D:\qp\qpcpp/ports/arm-cortex/vanilla/gnu/spy\libqp_cortex-m4f_cs.a(qhsm_ini.o)
 .data          0x20000004        0x0 D:\qp\qpcpp/ports/arm-cortex/vanilla/gnu/spy\libqp_cortex-m4f_cs.a(qhsm_top.o)
 .data          0x20000004        0x0 D:\qp\qpcpp/ports/arm-cortex/vanilla/gnu/spy\libqp_cortex-m4f_cs.a(qa_fifo.o)
 .data          0x20000004        0x0 D:\qp\qpcpp/ports/arm-cortex/vanilla/gnu/spy\libqp_cortex-m4f_cs.a(qa_sub.o)
 .data          0x20000004        0x0 D:\qp\qpcpp/ports/arm-cortex/vanilla/gnu/spy\libqp_cortex-m4f_cs.a(qf_act.o)
 .data          0x20000004        0x0 D:\qp\qpcpp/ports/arm-cortex/vanilla/gnu/spy\libqp_cortex-m4f_cs.a(qf_new.o)
 .data          0x20000004        0x0 D:\qp\qpcpp/ports/arm-cortex/vanilla/gnu/spy\libqp_cortex-m4f_cs.a(qf_pool.o)
 .data          0x20000004        0x0 D:\qp\qpcpp/ports/arm-cortex/vanilla/gnu/spy\libqp_cortex-m4f_cs.a(qf_psini.o)
 .data          0x20000004        0x0 D:\qp\qpcpp/ports/arm-cortex/vanilla/gnu/spy\libqp_cortex-m4f_cs.a(qf_pspub.o)
 .data          0x20000004        0x0 D:\qp\qpcpp/ports/arm-cortex/vanilla/gnu/spy\libqp_cortex-m4f_cs.a(qf_pwr2.o)
 .data          0x20000004        0x0 D:\qp\qpcpp/ports/arm-cortex/vanilla/gnu/spy\libqp_cortex-m4f_cs.a(qf_tick.o)
 .data          0x20000004        0x0 D:\qp\qpcpp/ports/arm-cortex/vanilla/gnu/spy\libqp_cortex-m4f_cs.a(qmp_get.o)
 .data          0x20000004        0x0 D:\qp\qpcpp/ports/arm-cortex/vanilla/gnu/spy\libqp_cortex-m4f_cs.a(qmp_init.o)
 .data          0x20000004        0x0 D:\qp\qpcpp/ports/arm-cortex/vanilla/gnu/spy\libqp_cortex-m4f_cs.a(qte_ctor.o)
 .data          0x20000004        0x0 D:\qp\qpcpp/ports/arm-cortex/vanilla/gnu/spy\libqp_cortex-m4f_cs.a(qte_arm.o)
 .data          0x20000004        0x0 D:\qp\qpcpp/ports/arm-cortex/vanilla/gnu/spy\libqp_cortex-m4f_cs.a(qte_darm.o)
 .data          0x20000004        0x0 D:\qp\qpcpp/ports/arm-cortex/vanilla/gnu/spy\libqp_cortex-m4f_cs.a(qvanilla.o)
 .data          0x20000004        0x0 D:\qp\qpcpp/ports/arm-cortex/vanilla/gnu/spy\libqp_cortex-m4f_cs.a(qs.o)
 .data          0x20000004        0x0 D:\qp\qpcpp/ports/arm-cortex/vanilla/gnu/spy\libqp_cortex-m4f_cs.a(qs_.o)
 .data          0x20000004        0x0 D:\qp\qpcpp/ports/arm-cortex/vanilla/gnu/spy\libqp_cortex-m4f_cs.a(qs_blk.o)
 .data          0x20000004        0x0 D:\qp\qpcpp/ports/arm-cortex/vanilla/gnu/spy\libqp_cortex-m4f_cs.a(qs_str.o)
 .data          0x20000004        0x0 D:\qp\qpcpp/ports/arm-cortex/vanilla/gnu/spy\libqp_cortex-m4f_cs.a(qep.o)
 .data          0x20000004        0x0 D:\qp\qpcpp/ports/arm-cortex/vanilla/gnu/spy\libqp_cortex-m4f_cs.a(qhsm_dis.o)
 .data          0x20000004        0x0 D:\qp\qpcpp/ports/arm-cortex/vanilla/gnu/spy\libqp_cortex-m4f_cs.a(qa_get_.o)
 .data          0x20000004        0x0 D:\qp\qpcpp/ports/arm-cortex/vanilla/gnu/spy\libqp_cortex-m4f_cs.a(qeq_init.o)
 .data          0x20000004        0x0 D:\qp\qpcpp/ports/arm-cortex/vanilla/gnu/spy\libqp_cortex-m4f_cs.a(qf_gc.o)
 .data          0x20000004        0x0 D:\qp\qpcpp/ports/arm-cortex/vanilla/gnu/spy\libqp_cortex-m4f_cs.a(qmp_put.o)
 .data          0x20000004        0x0 c:/tools/codesourcery/bin/../lib/gcc/arm-none-eabi/4.7.2/../../../../arm-none-eabi/lib/armv7-m\libc.a(lib_a-aeabi_atexit.o)
 .data          0x20000004        0x0 c:/tools/codesourcery/bin/../lib/gcc/arm-none-eabi/4.7.2/../../../../arm-none-eabi/lib/armv7-m\libc.a(lib_a-init.o)
 *(.data*)
                0x20000004                . = ALIGN (0x4)
                0x20000004                __data_end__ = .
                0x20000004                _edata = __data_end__

.igot.plt       0x20000004        0x0 load address 0x0000424c
 .igot.plt      0x00000000        0x0 spy/startup_lm4f.o

.bss            0x20000004      0x984 load address 0x0000424c
                0x20000004                __bss_start__ = .
 *(.bss)
 .bss           0x20000004        0x0 spy/startup_lm4f.o
 .bss           0x20000004       0xe8 spy/main.o
 .bss           0x200000ec       0x28 spy/table.o
 .bss           0x20000114       0xf4 spy/philo.o
 .bss           0x20000208      0x610 spy/bsp.o
                0x20000208                DPP::QS_tickTime_
                0x2000020c                DPP::QS_tickPeriod_
 .bss           0x20000818        0x0 spy/no_heap.o
 .bss           0x20000818        0x4 spy/mini_cpp.o
                0x20000818                __dso_handle
 .bss           0x2000081c        0x0 D:\qp\qpcpp/ports/arm-cortex/vanilla/gnu/spy\libqp_cortex-m4f_cs.a(qhsm_ini.o)
 .bss           0x2000081c        0x0 D:\qp\qpcpp/ports/arm-cortex/vanilla/gnu/spy\libqp_cortex-m4f_cs.a(qhsm_top.o)
 .bss           0x2000081c        0x0 D:\qp\qpcpp/ports/arm-cortex/vanilla/gnu/spy\libqp_cortex-m4f_cs.a(qa_fifo.o)
 .bss           0x2000081c        0x0 D:\qp\qpcpp/ports/arm-cortex/vanilla/gnu/spy\libqp_cortex-m4f_cs.a(qa_sub.o)
 .bss           0x2000081c       0x88 D:\qp\qpcpp/ports/arm-cortex/vanilla/gnu/spy\libqp_cortex-m4f_cs.a(qf_act.o)
                0x2000081c                QP::QF::active_
                0x200008a0                QP::QF_intLockNest_
 .bss           0x200008a4        0x0 D:\qp\qpcpp/ports/arm-cortex/vanilla/gnu/spy\libqp_cortex-m4f_cs.a(qf_new.o)
 .bss           0x200008a4       0x7c D:\qp\qpcpp/ports/arm-cortex/vanilla/gnu/spy\libqp_cortex-m4f_cs.a(qf_pool.o)
                0x200008a4                QP::QF_maxPool_
                0x200008a8                QP::QF_pool_
 .bss           0x20000920        0x8 D:\qp\qpcpp/ports/arm-cortex/vanilla/gnu/spy\libqp_cortex-m4f_cs.a(qf_psini.o)
                0x20000920                QP::QF_subscrList_
                0x20000924                QP::QF_maxSignal_
 .bss           0x20000928        0x0 D:\qp\qpcpp/ports/arm-cortex/vanilla/gnu/spy\libqp_cortex-m4f_cs.a(qf_pspub.o)
 .bss           0x20000928        0x0 D:\qp\qpcpp/ports/arm-cortex/vanilla/gnu/spy\libqp_cortex-m4f_cs.a(qf_pwr2.o)
 .bss           0x20000928        0x0 D:\qp\qpcpp/ports/arm-cortex/vanilla/gnu/spy\libqp_cortex-m4f_cs.a(qf_tick.o)
 .bss           0x20000928        0x0 D:\qp\qpcpp/ports/arm-cortex/vanilla/gnu/spy\libqp_cortex-m4f_cs.a(qmp_get.o)
 .bss           0x20000928        0x0 D:\qp\qpcpp/ports/arm-cortex/vanilla/gnu/spy\libqp_cortex-m4f_cs.a(qmp_init.o)
 .bss           0x20000928        0x0 D:\qp\qpcpp/ports/arm-cortex/vanilla/gnu/spy\libqp_cortex-m4f_cs.a(qte_ctor.o)
 .bss           0x20000928        0x4 D:\qp\qpcpp/ports/arm-cortex/vanilla/gnu/spy\libqp_cortex-m4f_cs.a(qte_arm.o)
                0x20000928                QP::QF_timeEvtListHead_
 .bss           0x2000092c        0x0 D:\qp\qpcpp/ports/arm-cortex/vanilla/gnu/spy\libqp_cortex-m4f_cs.a(qte_darm.o)
 .bss           0x2000092c        0xc D:\qp\qpcpp/ports/arm-cortex/vanilla/gnu/spy\libqp_cortex-m4f_cs.a(qvanilla.o)
                0x2000092c                QF_readySet_
                0x20000935                QF_currPrio_
                0x20000936                QF_intNest_
 .bss           0x20000938       0x34 D:\qp\qpcpp/ports/arm-cortex/vanilla/gnu/spy\libqp_cortex-m4f_cs.a(qs.o)
                0x20000938                QP::QS_ring_
                0x2000093c                QP::QS_end_
                0x20000940                QP::QS::glbFilter_
                0x20000960                QP::QS_seq_
                0x20000961                QP::QS_chksum_
                0x20000962                QP::QS_head_
                0x20000964                QP::QS_used_
                0x20000966                QP::QS_tail_
                0x20000968                QP::QS_full_
 .bss           0x2000096c       0x1c D:\qp\qpcpp/ports/arm-cortex/vanilla/gnu/spy\libqp_cortex-m4f_cs.a(qs_.o)
                0x2000096c                QP::QS::tickCtr_
                0x20000970                QP::QS::apObj_
                0x20000974                QP::QS::teObj_
                0x20000978                QP::QS::eqObj_
                0x2000097c                QP::QS::mpObj_
                0x20000980                QP::QS::aoObj_
                0x20000984                QP::QS::smObj_
 .bss           0x20000988        0x0 D:\qp\qpcpp/ports/arm-cortex/vanilla/gnu/spy\libqp_cortex-m4f_cs.a(qs_blk.o)
 .bss           0x20000988        0x0 D:\qp\qpcpp/ports/arm-cortex/vanilla/gnu/spy\libqp_cortex-m4f_cs.a(qs_str.o)
 .bss           0x20000988        0x0 D:\qp\qpcpp/ports/arm-cortex/vanilla/gnu/spy\libqp_cortex-m4f_cs.a(qep.o)
 .bss           0x20000988        0x0 D:\qp\qpcpp/ports/arm-cortex/vanilla/gnu/spy\libqp_cortex-m4f_cs.a(qhsm_dis.o)
 .bss           0x20000988        0x0 D:\qp\qpcpp/ports/arm-cortex/vanilla/gnu/spy\libqp_cortex-m4f_cs.a(qa_get_.o)
 .bss           0x20000988        0x0 D:\qp\qpcpp/ports/arm-cortex/vanilla/gnu/spy\libqp_cortex-m4f_cs.a(qeq_init.o)
 .bss           0x20000988        0x0 D:\qp\qpcpp/ports/arm-cortex/vanilla/gnu/spy\libqp_cortex-m4f_cs.a(qf_gc.o)
 .bss           0x20000988        0x0 D:\qp\qpcpp/ports/arm-cortex/vanilla/gnu/spy\libqp_cortex-m4f_cs.a(qmp_put.o)
 .bss           0x20000988        0x0 c:/tools/codesourcery/bin/../lib/gcc/arm-none-eabi/4.7.2/../../../../arm-none-eabi/lib/armv7-m\libc.a(lib_a-aeabi_atexit.o)
 .bss           0x20000988        0x0 c:/tools/codesourcery/bin/../lib/gcc/arm-none-eabi/4.7.2/../../../../arm-none-eabi/lib/armv7-m\libc.a(lib_a-init.o)
 *(.bss*)
 *(COMMON)
                0x20000988                . = ALIGN (0x4)
                0x20000988                _ebss = .
                0x20000988                __bss_end__ = .
                0x20000988                PROVIDE (end, _ebss)
                0x20000988                PROVIDE (_end, _ebss)
                0x20000988                PROVIDE (__end__, _ebss)

.heap           0x20000988        0x0
                0x20000988                __heap_start__ = .
                0x20000988                . = (. + HEAP_SIZE)
                0x20000988                . = ALIGN (0x4)
                0x20000988                __heap_end__ = .

.stack          0x20000988      0x3e8 load address 0x00004bd0
                0x20000988                __stack_start__ = .
                0x20000d70                . = (. + STACK_SIZE)
 *fill*         0x20000988      0x3e8 
                0x20000d70                . = ALIGN (0x4)
                0x20000d70                __c_stack_top__ = .
                0x20000d70                __stack_end__ = .

/DISCARD/
 libc.a(*)
 libm.a(*)
 libgcc.a(*)
OUTPUT(spy/dpp.elf elf32-littlearm)

.debug_info     0x00000000    0x18a40
 .debug_info    0x00000000      0x24c spy/startup_lm4f.o
 .debug_info    0x0000024c      0xebf spy/main.o
 .debug_info    0x0000110b     0x1d20 spy/table.o
 .debug_info    0x00002e2b     0x1ecd spy/philo.o
 .debug_info    0x00004cf8     0x232d spy/bsp.o
 .debug_info    0x00007025      0x2fd spy/no_heap.o
 .debug_info    0x00007322      0x17e spy/mini_cpp.o
 .debug_info    0x000074a0      0xab0 D:\qp\qpcpp/ports/arm-cortex/vanilla/gnu/spy\libqp_cortex-m4f_cs.a(qhsm_ini.o)
 .debug_info    0x00007f50      0x317 D:\qp\qpcpp/ports/arm-cortex/vanilla/gnu/spy\libqp_cortex-m4f_cs.a(qhsm_top.o)
 .debug_info    0x00008267      0xdc9 D:\qp\qpcpp/ports/arm-cortex/vanilla/gnu/spy\libqp_cortex-m4f_cs.a(qa_fifo.o)
 .debug_info    0x00009030      0xbd7 D:\qp\qpcpp/ports/arm-cortex/vanilla/gnu/spy\libqp_cortex-m4f_cs.a(qa_sub.o)
 .debug_info    0x00009c07      0xcb8 D:\qp\qpcpp/ports/arm-cortex/vanilla/gnu/spy\libqp_cortex-m4f_cs.a(qf_act.o)
 .debug_info    0x0000a8bf      0xd5a D:\qp\qpcpp/ports/arm-cortex/vanilla/gnu/spy\libqp_cortex-m4f_cs.a(qf_new.o)
 .debug_info    0x0000b619      0xaf2 D:\qp\qpcpp/ports/arm-cortex/vanilla/gnu/spy\libqp_cortex-m4f_cs.a(qf_pool.o)
 .debug_info    0x0000c10b      0x8da D:\qp\qpcpp/ports/arm-cortex/vanilla/gnu/spy\libqp_cortex-m4f_cs.a(qf_psini.o)
 .debug_info    0x0000c9e5      0xd31 D:\qp\qpcpp/ports/arm-cortex/vanilla/gnu/spy\libqp_cortex-m4f_cs.a(qf_pspub.o)
 .debug_info    0x0000d716      0x8eb D:\qp\qpcpp/ports/arm-cortex/vanilla/gnu/spy\libqp_cortex-m4f_cs.a(qf_pwr2.o)
 .debug_info    0x0000e001      0xc9e D:\qp\qpcpp/ports/arm-cortex/vanilla/gnu/spy\libqp_cortex-m4f_cs.a(qf_tick.o)
 .debug_info    0x0000ec9f      0xd64 D:\qp\qpcpp/ports/arm-cortex/vanilla/gnu/spy\libqp_cortex-m4f_cs.a(qmp_get.o)
 .debug_info    0x0000fa03      0xcde D:\qp\qpcpp/ports/arm-cortex/vanilla/gnu/spy\libqp_cortex-m4f_cs.a(qmp_init.o)
 .debug_info    0x000106e1      0x91c D:\qp\qpcpp/ports/arm-cortex/vanilla/gnu/spy\libqp_cortex-m4f_cs.a(qte_ctor.o)
 .debug_info    0x00010ffd      0xc1a D:\qp\qpcpp/ports/arm-cortex/vanilla/gnu/spy\libqp_cortex-m4f_cs.a(qte_arm.o)
 .debug_info    0x00011c17      0xb37 D:\qp\qpcpp/ports/arm-cortex/vanilla/gnu/spy\libqp_cortex-m4f_cs.a(qte_darm.o)
 .debug_info    0x0001274e      0xd6b D:\qp\qpcpp/ports/arm-cortex/vanilla/gnu/spy\libqp_cortex-m4f_cs.a(qvanilla.o)
 .debug_info    0x000134b9      0x5c9 D:\qp\qpcpp/ports/arm-cortex/vanilla/gnu/spy\libqp_cortex-m4f_cs.a(qs.o)
 .debug_info    0x00013a82      0x4ef D:\qp\qpcpp/ports/arm-cortex/vanilla/gnu/spy\libqp_cortex-m4f_cs.a(qs_.o)
 .debug_info    0x00013f71      0x300 D:\qp\qpcpp/ports/arm-cortex/vanilla/gnu/spy\libqp_cortex-m4f_cs.a(qs_blk.o)
 .debug_info    0x00014271      0x3ad D:\qp\qpcpp/ports/arm-cortex/vanilla/gnu/spy\libqp_cortex-m4f_cs.a(qs_str.o)
 .debug_info    0x0001461e      0x33d D:\qp\qpcpp/ports/arm-cortex/vanilla/gnu/spy\libqp_cortex-m4f_cs.a(qep.o)
 .debug_info    0x0001495b      0xd18 D:\qp\qpcpp/ports/arm-cortex/vanilla/gnu/spy\libqp_cortex-m4f_cs.a(qhsm_dis.o)
 .debug_info    0x00015673      0xe48 D:\qp\qpcpp/ports/arm-cortex/vanilla/gnu/spy\libqp_cortex-m4f_cs.a(qa_get_.o)
 .debug_info    0x000164bb      0xabf D:\qp\qpcpp/ports/arm-cortex/vanilla/gnu/spy\libqp_cortex-m4f_cs.a(qeq_init.o)
 .debug_info    0x00016f7a      0xe1b D:\qp\qpcpp/ports/arm-cortex/vanilla/gnu/spy\libqp_cortex-m4f_cs.a(qf_gc.o)
 .debug_info    0x00017d95      0xcab D:\qp\qpcpp/ports/arm-cortex/vanilla/gnu/spy\libqp_cortex-m4f_cs.a(qmp_put.o)

.debug_abbrev   0x00000000     0x7090
 .debug_abbrev  0x00000000      0x149 spy/startup_lm4f.o
 .debug_abbrev  0x00000149      0x360 spy/main.o
 .debug_abbrev  0x000004a9      0x5f9 spy/table.o
 .debug_abbrev  0x00000aa2      0x5fc spy/philo.o
 .debug_abbrev  0x0000109e      0x63b spy/bsp.o
 .debug_abbrev  0x000016d9      0x13d spy/no_heap.o
 .debug_abbrev  0x00001816      0x132 spy/mini_cpp.o
 .debug_abbrev  0x00001948      0x3e8 D:\qp\qpcpp/ports/arm-cortex/vanilla/gnu/spy\libqp_cortex-m4f_cs.a(qhsm_ini.o)
 .debug_abbrev  0x00001d30      0x136 D:\qp\qpcpp/ports/arm-cortex/vanilla/gnu/spy\libqp_cortex-m4f_cs.a(qhsm_top.o)
 .debug_abbrev  0x00001e66      0x457 D:\qp\qpcpp/ports/arm-cortex/vanilla/gnu/spy\libqp_cortex-m4f_cs.a(qa_fifo.o)
 .debug_abbrev  0x000022bd      0x3af D:\qp\qpcpp/ports/arm-cortex/vanilla/gnu/spy\libqp_cortex-m4f_cs.a(qa_sub.o)
 .debug_abbrev  0x0000266c      0x411 D:\qp\qpcpp/ports/arm-cortex/vanilla/gnu/spy\libqp_cortex-m4f_cs.a(qf_act.o)
 .debug_abbrev  0x00002a7d      0x3f7 D:\qp\qpcpp/ports/arm-cortex/vanilla/gnu/spy\libqp_cortex-m4f_cs.a(qf_new.o)
 .debug_abbrev  0x00002e74      0x37c D:\qp\qpcpp/ports/arm-cortex/vanilla/gnu/spy\libqp_cortex-m4f_cs.a(qf_pool.o)
 .debug_abbrev  0x000031f0      0x2f0 D:\qp\qpcpp/ports/arm-cortex/vanilla/gnu/spy\libqp_cortex-m4f_cs.a(qf_psini.o)
 .debug_abbrev  0x000034e0      0x443 D:\qp\qpcpp/ports/arm-cortex/vanilla/gnu/spy\libqp_cortex-m4f_cs.a(qf_pspub.o)
 .debug_abbrev  0x00003923      0x2a8 D:\qp\qpcpp/ports/arm-cortex/vanilla/gnu/spy\libqp_cortex-m4f_cs.a(qf_pwr2.o)
 .debug_abbrev  0x00003bcb      0x415 D:\qp\qpcpp/ports/arm-cortex/vanilla/gnu/spy\libqp_cortex-m4f_cs.a(qf_tick.o)
 .debug_abbrev  0x00003fe0      0x404 D:\qp\qpcpp/ports/arm-cortex/vanilla/gnu/spy\libqp_cortex-m4f_cs.a(qmp_get.o)
 .debug_abbrev  0x000043e4      0x3be D:\qp\qpcpp/ports/arm-cortex/vanilla/gnu/spy\libqp_cortex-m4f_cs.a(qmp_init.o)
 .debug_abbrev  0x000047a2      0x33b D:\qp\qpcpp/ports/arm-cortex/vanilla/gnu/spy\libqp_cortex-m4f_cs.a(qte_ctor.o)
 .debug_abbrev  0x00004add      0x3f8 D:\qp\qpcpp/ports/arm-cortex/vanilla/gnu/spy\libqp_cortex-m4f_cs.a(qte_arm.o)
 .debug_abbrev  0x00004ed5      0x363 D:\qp\qpcpp/ports/arm-cortex/vanilla/gnu/spy\libqp_cortex-m4f_cs.a(qte_darm.o)
 .debug_abbrev  0x00005238      0x4d0 D:\qp\qpcpp/ports/arm-cortex/vanilla/gnu/spy\libqp_cortex-m4f_cs.a(qvanilla.o)
 .debug_abbrev  0x00005708      0x205 D:\qp\qpcpp/ports/arm-cortex/vanilla/gnu/spy\libqp_cortex-m4f_cs.a(qs.o)
 .debug_abbrev  0x0000590d      0x172 D:\qp\qpcpp/ports/arm-cortex/vanilla/gnu/spy\libqp_cortex-m4f_cs.a(qs_.o)
 .debug_abbrev  0x00005a7f      0x135 D:\qp\qpcpp/ports/arm-cortex/vanilla/gnu/spy\libqp_cortex-m4f_cs.a(qs_blk.o)
 .debug_abbrev  0x00005bb4      0x150 D:\qp\qpcpp/ports/arm-cortex/vanilla/gnu/spy\libqp_cortex-m4f_cs.a(qs_str.o)
 .debug_abbrev  0x00005d04      0x142 D:\qp\qpcpp/ports/arm-cortex/vanilla/gnu/spy\libqp_cortex-m4f_cs.a(qep.o)
 .debug_abbrev  0x00005e46      0x263 D:\qp\qpcpp/ports/arm-cortex/vanilla/gnu/spy\libqp_cortex-m4f_cs.a(qhsm_dis.o)
 .debug_abbrev  0x000060a9      0x4a8 D:\qp\qpcpp/ports/arm-cortex/vanilla/gnu/spy\libqp_cortex-m4f_cs.a(qa_get_.o)
 .debug_abbrev  0x00006551      0x36c D:\qp\qpcpp/ports/arm-cortex/vanilla/gnu/spy\libqp_cortex-m4f_cs.a(qeq_init.o)
 .debug_abbrev  0x000068bd      0x43a D:\qp\qpcpp/ports/arm-cortex/vanilla/gnu/spy\libqp_cortex-m4f_cs.a(qf_gc.o)
 .debug_abbrev  0x00006cf7      0x399 D:\qp\qpcpp/ports/arm-cortex/vanilla/gnu/spy\libqp_cortex-m4f_cs.a(qmp_put.o)

.debug_loc      0x00000000     0x2d84
 .debug_loc     0x00000000       0x40 spy/startup_lm4f.o
 .debug_loc     0x00000040       0x5a spy/main.o
 .debug_loc     0x0000009a      0x7e3 spy/table.o
 .debug_loc     0x0000087d      0x84d spy/philo.o
 .debug_loc     0x000010ca      0x37b spy/bsp.o
 .debug_loc     0x00001445       0x60 spy/no_heap.o
 .debug_loc     0x000014a5       0x82 spy/mini_cpp.o
 .debug_loc     0x00001527      0x12c D:\qp\qpcpp/ports/arm-cortex/vanilla/gnu/spy\libqp_cortex-m4f_cs.a(qhsm_ini.o)
 .debug_loc     0x00001653      0x127 D:\qp\qpcpp/ports/arm-cortex/vanilla/gnu/spy\libqp_cortex-m4f_cs.a(qa_fifo.o)
 .debug_loc     0x0000177a       0xb8 D:\qp\qpcpp/ports/arm-cortex/vanilla/gnu/spy\libqp_cortex-m4f_cs.a(qa_sub.o)
 .debug_loc     0x00001832       0xd2 D:\qp\qpcpp/ports/arm-cortex/vanilla/gnu/spy\libqp_cortex-m4f_cs.a(qf_act.o)
 .debug_loc     0x00001904       0xc1 D:\qp\qpcpp/ports/arm-cortex/vanilla/gnu/spy\libqp_cortex-m4f_cs.a(qf_new.o)
 .debug_loc     0x000019c5       0xd5 D:\qp\qpcpp/ports/arm-cortex/vanilla/gnu/spy\libqp_cortex-m4f_cs.a(qf_pool.o)
 .debug_loc     0x00001a9a       0xeb D:\qp\qpcpp/ports/arm-cortex/vanilla/gnu/spy\libqp_cortex-m4f_cs.a(qf_pspub.o)
 .debug_loc     0x00001b85       0x83 D:\qp\qpcpp/ports/arm-cortex/vanilla/gnu/spy\libqp_cortex-m4f_cs.a(qf_tick.o)
 .debug_loc     0x00001c08       0x7f D:\qp\qpcpp/ports/arm-cortex/vanilla/gnu/spy\libqp_cortex-m4f_cs.a(qmp_get.o)
 .debug_loc     0x00001c87      0x10e D:\qp\qpcpp/ports/arm-cortex/vanilla/gnu/spy\libqp_cortex-m4f_cs.a(qmp_init.o)
 .debug_loc     0x00001d95       0x5c D:\qp\qpcpp/ports/arm-cortex/vanilla/gnu/spy\libqp_cortex-m4f_cs.a(qte_ctor.o)
 .debug_loc     0x00001df1       0x94 D:\qp\qpcpp/ports/arm-cortex/vanilla/gnu/spy\libqp_cortex-m4f_cs.a(qte_arm.o)
 .debug_loc     0x00001e85       0xab D:\qp\qpcpp/ports/arm-cortex/vanilla/gnu/spy\libqp_cortex-m4f_cs.a(qte_darm.o)
 .debug_loc     0x00001f30      0x1b9 D:\qp\qpcpp/ports/arm-cortex/vanilla/gnu/spy\libqp_cortex-m4f_cs.a(qvanilla.o)
 .debug_loc     0x000020e9      0x26a D:\qp\qpcpp/ports/arm-cortex/vanilla/gnu/spy\libqp_cortex-m4f_cs.a(qs.o)
 .debug_loc     0x00002353      0x1c6 D:\qp\qpcpp/ports/arm-cortex/vanilla/gnu/spy\libqp_cortex-m4f_cs.a(qs_.o)
 .debug_loc     0x00002519       0xac D:\qp\qpcpp/ports/arm-cortex/vanilla/gnu/spy\libqp_cortex-m4f_cs.a(qs_blk.o)
 .debug_loc     0x000025c5       0xbc D:\qp\qpcpp/ports/arm-cortex/vanilla/gnu/spy\libqp_cortex-m4f_cs.a(qs_str.o)
 .debug_loc     0x00002681      0x477 D:\qp\qpcpp/ports/arm-cortex/vanilla/gnu/spy\libqp_cortex-m4f_cs.a(qhsm_dis.o)
 .debug_loc     0x00002af8       0xb8 D:\qp\qpcpp/ports/arm-cortex/vanilla/gnu/spy\libqp_cortex-m4f_cs.a(qa_get_.o)
 .debug_loc     0x00002bb0       0x80 D:\qp\qpcpp/ports/arm-cortex/vanilla/gnu/spy\libqp_cortex-m4f_cs.a(qeq_init.o)
 .debug_loc     0x00002c30       0xf8 D:\qp\qpcpp/ports/arm-cortex/vanilla/gnu/spy\libqp_cortex-m4f_cs.a(qf_gc.o)
 .debug_loc     0x00002d28       0x5c D:\qp\qpcpp/ports/arm-cortex/vanilla/gnu/spy\libqp_cortex-m4f_cs.a(qmp_put.o)

.debug_aranges  0x00000000      0x478
 .debug_aranges
                0x00000000       0x20 spy/startup_lm4f.o
 .debug_aranges
                0x00000020       0x20 spy/main.o
 .debug_aranges
                0x00000040       0x40 spy/table.o
 .debug_aranges
                0x00000080       0x40 spy/philo.o
 .debug_aranges
                0x000000c0       0x20 spy/bsp.o
 .debug_aranges
                0x000000e0       0x20 spy/no_heap.o
 .debug_aranges
                0x00000100       0x20 spy/mini_cpp.o
 .debug_aranges
                0x00000120       0x20 D:\qp\qpcpp/ports/arm-cortex/vanilla/gnu/spy\libqp_cortex-m4f_cs.a(qhsm_ini.o)
 .debug_aranges
                0x00000140       0x20 D:\qp\qpcpp/ports/arm-cortex/vanilla/gnu/spy\libqp_cortex-m4f_cs.a(qhsm_top.o)
 .debug_aranges
                0x00000160       0x20 D:\qp\qpcpp/ports/arm-cortex/vanilla/gnu/spy\libqp_cortex-m4f_cs.a(qa_fifo.o)
 .debug_aranges
                0x00000180       0x20 D:\qp\qpcpp/ports/arm-cortex/vanilla/gnu/spy\libqp_cortex-m4f_cs.a(qa_sub.o)
 .debug_aranges
                0x000001a0       0x20 D:\qp\qpcpp/ports/arm-cortex/vanilla/gnu/spy\libqp_cortex-m4f_cs.a(qf_act.o)
 .debug_aranges
                0x000001c0       0x20 D:\qp\qpcpp/ports/arm-cortex/vanilla/gnu/spy\libqp_cortex-m4f_cs.a(qf_new.o)
 .debug_aranges
                0x000001e0       0x20 D:\qp\qpcpp/ports/arm-cortex/vanilla/gnu/spy\libqp_cortex-m4f_cs.a(qf_pool.o)
 .debug_aranges
                0x00000200       0x20 D:\qp\qpcpp/ports/arm-cortex/vanilla/gnu/spy\libqp_cortex-m4f_cs.a(qf_psini.o)
 .debug_aranges
                0x00000220       0x20 D:\qp\qpcpp/ports/arm-cortex/vanilla/gnu/spy\libqp_cortex-m4f_cs.a(qf_pspub.o)
 .debug_aranges
                0x00000240       0x18 D:\qp\qpcpp/ports/arm-cortex/vanilla/gnu/spy\libqp_cortex-m4f_cs.a(qf_pwr2.o)
 .debug_aranges
                0x00000258       0x20 D:\qp\qpcpp/ports/arm-cortex/vanilla/gnu/spy\libqp_cortex-m4f_cs.a(qf_tick.o)
 .debug_aranges
                0x00000278       0x20 D:\qp\qpcpp/ports/arm-cortex/vanilla/gnu/spy\libqp_cortex-m4f_cs.a(qmp_get.o)
 .debug_aranges
                0x00000298       0x20 D:\qp\qpcpp/ports/arm-cortex/vanilla/gnu/spy\libqp_cortex-m4f_cs.a(qmp_init.o)
 .debug_aranges
                0x000002b8       0x20 D:\qp\qpcpp/ports/arm-cortex/vanilla/gnu/spy\libqp_cortex-m4f_cs.a(qte_ctor.o)
 .debug_aranges
                0x000002d8       0x20 D:\qp\qpcpp/ports/arm-cortex/vanilla/gnu/spy\libqp_cortex-m4f_cs.a(qte_arm.o)
 .debug_aranges
                0x000002f8       0x20 D:\qp\qpcpp/ports/arm-cortex/vanilla/gnu/spy\libqp_cortex-m4f_cs.a(qte_darm.o)
 .debug_aranges
                0x00000318       0x20 D:\qp\qpcpp/ports/arm-cortex/vanilla/gnu/spy\libqp_cortex-m4f_cs.a(qvanilla.o)
 .debug_aranges
                0x00000338       0x20 D:\qp\qpcpp/ports/arm-cortex/vanilla/gnu/spy\libqp_cortex-m4f_cs.a(qs.o)
 .debug_aranges
                0x00000358       0x20 D:\qp\qpcpp/ports/arm-cortex/vanilla/gnu/spy\libqp_cortex-m4f_cs.a(qs_.o)
 .debug_aranges
                0x00000378       0x20 D:\qp\qpcpp/ports/arm-cortex/vanilla/gnu/spy\libqp_cortex-m4f_cs.a(qs_blk.o)
 .debug_aranges
                0x00000398       0x20 D:\qp\qpcpp/ports/arm-cortex/vanilla/gnu/spy\libqp_cortex-m4f_cs.a(qs_str.o)
 .debug_aranges
                0x000003b8       0x20 D:\qp\qpcpp/ports/arm-cortex/vanilla/gnu/spy\libqp_cortex-m4f_cs.a(qep.o)
 .debug_aranges
                0x000003d8       0x20 D:\qp\qpcpp/ports/arm-cortex/vanilla/gnu/spy\libqp_cortex-m4f_cs.a(qhsm_dis.o)
 .debug_aranges
                0x000003f8       0x20 D:\qp\qpcpp/ports/arm-cortex/vanilla/gnu/spy\libqp_cortex-m4f_cs.a(qa_get_.o)
 .debug_aranges
                0x00000418       0x20 D:\qp\qpcpp/ports/arm-cortex/vanilla/gnu/spy\libqp_cortex-m4f_cs.a(qeq_init.o)
 .debug_aranges
                0x00000438       0x20 D:\qp\qpcpp/ports/arm-cortex/vanilla/gnu/spy\libqp_cortex-m4f_cs.a(qf_gc.o)
 .debug_aranges
                0x00000458       0x20 D:\qp\qpcpp/ports/arm-cortex/vanilla/gnu/spy\libqp_cortex-m4f_cs.a(qmp_put.o)

.debug_line     0x00000000     0x37d2
 .debug_line    0x00000000       0x7d spy/startup_lm4f.o
 .debug_line    0x0000007d      0x15b spy/main.o
 .debug_line    0x000001d8      0x35f spy/table.o
 .debug_line    0x00000537      0x306 spy/philo.o
 .debug_line    0x0000083d      0x252 spy/bsp.o
 .debug_line    0x00000a8f      0x145 spy/no_heap.o
 .debug_line    0x00000bd4       0xf7 spy/mini_cpp.o
 .debug_line    0x00000ccb      0x1c0 D:\qp\qpcpp/ports/arm-cortex/vanilla/gnu/spy\libqp_cortex-m4f_cs.a(qhsm_ini.o)
 .debug_line    0x00000e8b      0x10a D:\qp\qpcpp/ports/arm-cortex/vanilla/gnu/spy\libqp_cortex-m4f_cs.a(qhsm_top.o)
 .debug_line    0x00000f95      0x197 D:\qp\qpcpp/ports/arm-cortex/vanilla/gnu/spy\libqp_cortex-m4f_cs.a(qa_fifo.o)
 .debug_line    0x0000112c      0x167 D:\qp\qpcpp/ports/arm-cortex/vanilla/gnu/spy\libqp_cortex-m4f_cs.a(qa_sub.o)
 .debug_line    0x00001293      0x190 D:\qp\qpcpp/ports/arm-cortex/vanilla/gnu/spy\libqp_cortex-m4f_cs.a(qf_act.o)
 .debug_line    0x00001423      0x16b D:\qp\qpcpp/ports/arm-cortex/vanilla/gnu/spy\libqp_cortex-m4f_cs.a(qf_new.o)
 .debug_line    0x0000158e      0x151 D:\qp\qpcpp/ports/arm-cortex/vanilla/gnu/spy\libqp_cortex-m4f_cs.a(qf_pool.o)
 .debug_line    0x000016df      0x116 D:\qp\qpcpp/ports/arm-cortex/vanilla/gnu/spy\libqp_cortex-m4f_cs.a(qf_psini.o)
 .debug_line    0x000017f5      0x179 D:\qp\qpcpp/ports/arm-cortex/vanilla/gnu/spy\libqp_cortex-m4f_cs.a(qf_pspub.o)
 .debug_line    0x0000196e       0xf9 D:\qp\qpcpp/ports/arm-cortex/vanilla/gnu/spy\libqp_cortex-m4f_cs.a(qf_pwr2.o)
 .debug_line    0x00001a67      0x1c8 D:\qp\qpcpp/ports/arm-cortex/vanilla/gnu/spy\libqp_cortex-m4f_cs.a(qf_tick.o)
 .debug_line    0x00001c2f      0x17a D:\qp\qpcpp/ports/arm-cortex/vanilla/gnu/spy\libqp_cortex-m4f_cs.a(qmp_get.o)
 .debug_line    0x00001da9      0x17b D:\qp\qpcpp/ports/arm-cortex/vanilla/gnu/spy\libqp_cortex-m4f_cs.a(qmp_init.o)
 .debug_line    0x00001f24      0x12e D:\qp\qpcpp/ports/arm-cortex/vanilla/gnu/spy\libqp_cortex-m4f_cs.a(qte_ctor.o)
 .debug_line    0x00002052      0x176 D:\qp\qpcpp/ports/arm-cortex/vanilla/gnu/spy\libqp_cortex-m4f_cs.a(qte_arm.o)
 .debug_line    0x000021c8      0x17e D:\qp\qpcpp/ports/arm-cortex/vanilla/gnu/spy\libqp_cortex-m4f_cs.a(qte_darm.o)
 .debug_line    0x00002346      0x167 D:\qp\qpcpp/ports/arm-cortex/vanilla/gnu/spy\libqp_cortex-m4f_cs.a(qvanilla.o)
 .debug_line    0x000024ad      0x38b D:\qp\qpcpp/ports/arm-cortex/vanilla/gnu/spy\libqp_cortex-m4f_cs.a(qs.o)
 .debug_line    0x00002838      0x277 D:\qp\qpcpp/ports/arm-cortex/vanilla/gnu/spy\libqp_cortex-m4f_cs.a(qs_.o)
 .debug_line    0x00002aaf      0x112 D:\qp\qpcpp/ports/arm-cortex/vanilla/gnu/spy\libqp_cortex-m4f_cs.a(qs_blk.o)
 .debug_line    0x00002bc1      0x168 D:\qp\qpcpp/ports/arm-cortex/vanilla/gnu/spy\libqp_cortex-m4f_cs.a(qs_str.o)
 .debug_line    0x00002d29      0x107 D:\qp\qpcpp/ports/arm-cortex/vanilla/gnu/spy\libqp_cortex-m4f_cs.a(qep.o)
 .debug_line    0x00002e30      0x39d D:\qp\qpcpp/ports/arm-cortex/vanilla/gnu/spy\libqp_cortex-m4f_cs.a(qhsm_dis.o)
 .debug_line    0x000031cd      0x1c4 D:\qp\qpcpp/ports/arm-cortex/vanilla/gnu/spy\libqp_cortex-m4f_cs.a(qa_get_.o)
 .debug_line    0x00003391      0x13c D:\qp\qpcpp/ports/arm-cortex/vanilla/gnu/spy\libqp_cortex-m4f_cs.a(qeq_init.o)
 .debug_line    0x000034cd      0x199 D:\qp\qpcpp/ports/arm-cortex/vanilla/gnu/spy\libqp_cortex-m4f_cs.a(qf_gc.o)
 .debug_line    0x00003666      0x16c D:\qp\qpcpp/ports/arm-cortex/vanilla/gnu/spy\libqp_cortex-m4f_cs.a(qmp_put.o)

.debug_str      0x00000000     0x2de0
 .debug_str     0x00000000      0x13a spy/startup_lm4f.o
                                0x152 (size before relaxing)
 .debug_str     0x0000013a      0xb0b spy/main.o
                                0xbe2 (size before relaxing)
 .debug_str     0x00000c45      0x3fc spy/table.o
                                0xee8 (size before relaxing)
 .debug_str     0x00001041      0x2d8 spy/philo.o
                                0xfe9 (size before relaxing)
 .debug_str     0x00001319      0xd7b spy/bsp.o
                               0x1b3e (size before relaxing)
 .debug_str     0x00002094       0x21 spy/no_heap.o
                                0x239 (size before relaxing)
 .debug_str     0x000020b5       0x69 spy/mini_cpp.o
                                0x10f (size before relaxing)
 .debug_str     0x0000211e      0x1b5 D:\qp\qpcpp/ports/arm-cortex/vanilla/gnu/spy\libqp_cortex-m4f_cs.a(qhsm_ini.o)
                                0x9de (size before relaxing)
 .debug_str     0x000022d3       0x24 D:\qp\qpcpp/ports/arm-cortex/vanilla/gnu/spy\libqp_cortex-m4f_cs.a(qhsm_top.o)
                                0x283 (size before relaxing)
 .debug_str     0x000022f7      0x174 D:\qp\qpcpp/ports/arm-cortex/vanilla/gnu/spy\libqp_cortex-m4f_cs.a(qa_fifo.o)
                                0xcf4 (size before relaxing)
 .debug_str     0x0000246b       0x74 D:\qp\qpcpp/ports/arm-cortex/vanilla/gnu/spy\libqp_cortex-m4f_cs.a(qa_sub.o)
                                0xc1b (size before relaxing)
 .debug_str     0x000024df       0xda D:\qp\qpcpp/ports/arm-cortex/vanilla/gnu/spy\libqp_cortex-m4f_cs.a(qf_act.o)
                                0xc63 (size before relaxing)
 .debug_str     0x000025b9      0x116 D:\qp\qpcpp/ports/arm-cortex/vanilla/gnu/spy\libqp_cortex-m4f_cs.a(qf_new.o)
                                0xcca (size before relaxing)
 .debug_str     0x000026cf       0x3b D:\qp\qpcpp/ports/arm-cortex/vanilla/gnu/spy\libqp_cortex-m4f_cs.a(qf_pool.o)
                                0x7b6 (size before relaxing)
 .debug_str     0x0000270a       0x2d D:\qp\qpcpp/ports/arm-cortex/vanilla/gnu/spy\libqp_cortex-m4f_cs.a(qf_psini.o)
                                0x705 (size before relaxing)
 .debug_str     0x00002737       0x45 D:\qp\qpcpp/ports/arm-cortex/vanilla/gnu/spy\libqp_cortex-m4f_cs.a(qf_pspub.o)
                                0xca7 (size before relaxing)
 .debug_str     0x0000277c       0x22 D:\qp\qpcpp/ports/arm-cortex/vanilla/gnu/spy\libqp_cortex-m4f_cs.a(qf_pwr2.o)
                                0x665 (size before relaxing)
 .debug_str     0x0000279e       0x74 D:\qp\qpcpp/ports/arm-cortex/vanilla/gnu/spy\libqp_cortex-m4f_cs.a(qf_tick.o)
                                0xc22 (size before relaxing)
 .debug_str     0x00002812       0x6c D:\qp\qpcpp/ports/arm-cortex/vanilla/gnu/spy\libqp_cortex-m4f_cs.a(qmp_get.o)
                                0xce6 (size before relaxing)
 .debug_str     0x0000287e       0x3e D:\qp\qpcpp/ports/arm-cortex/vanilla/gnu/spy\libqp_cortex-m4f_cs.a(qmp_init.o)
                                0xc79 (size before relaxing)
 .debug_str     0x000028bc       0x40 D:\qp\qpcpp/ports/arm-cortex/vanilla/gnu/spy\libqp_cortex-m4f_cs.a(qte_ctor.o)
                                0x6ac (size before relaxing)
 .debug_str     0x000028fc       0x59 D:\qp\qpcpp/ports/arm-cortex/vanilla/gnu/spy\libqp_cortex-m4f_cs.a(qte_arm.o)
                                0xc39 (size before relaxing)
 .debug_str     0x00002955       0x2c D:\qp\qpcpp/ports/arm-cortex/vanilla/gnu/spy\libqp_cortex-m4f_cs.a(qte_darm.o)
                                0xb9c (size before relaxing)
 .debug_str     0x00002981       0x67 D:\qp\qpcpp/ports/arm-cortex/vanilla/gnu/spy\libqp_cortex-m4f_cs.a(qvanilla.o)
                                0x90d (size before relaxing)
 .debug_str     0x000029e8      0x17a D:\qp\qpcpp/ports/arm-cortex/vanilla/gnu/spy\libqp_cortex-m4f_cs.a(qs.o)
                                0x404 (size before relaxing)
 .debug_str     0x00002b62       0xe9 D:\qp\qpcpp/ports/arm-cortex/vanilla/gnu/spy\libqp_cortex-m4f_cs.a(qs_.o)
                                0x3e0 (size before relaxing)
 .debug_str     0x00002c4b       0x29 D:\qp\qpcpp/ports/arm-cortex/vanilla/gnu/spy\libqp_cortex-m4f_cs.a(qs_blk.o)
                                0x2b0 (size before relaxing)
 .debug_str     0x00002c74       0x3f D:\qp\qpcpp/ports/arm-cortex/vanilla/gnu/spy\libqp_cortex-m4f_cs.a(qs_str.o)
                                0x372 (size before relaxing)
 .debug_str     0x00002cb3       0x38 D:\qp\qpcpp/ports/arm-cortex/vanilla/gnu/spy\libqp_cortex-m4f_cs.a(qep.o)
                                0x2b1 (size before relaxing)
 .debug_str     0x00002ceb       0x2d D:\qp\qpcpp/ports/arm-cortex/vanilla/gnu/spy\libqp_cortex-m4f_cs.a(qhsm_dis.o)
                                0x865 (size before relaxing)
 .debug_str     0x00002d18       0x55 D:\qp\qpcpp/ports/arm-cortex/vanilla/gnu/spy\libqp_cortex-m4f_cs.a(qa_get_.o)
                                0xd10 (size before relaxing)
 .debug_str     0x00002d6d       0x23 D:\qp\qpcpp/ports/arm-cortex/vanilla/gnu/spy\libqp_cortex-m4f_cs.a(qeq_init.o)
                                0xb6d (size before relaxing)
 .debug_str     0x00002d90       0x26 D:\qp\qpcpp/ports/arm-cortex/vanilla/gnu/spy\libqp_cortex-m4f_cs.a(qf_gc.o)
                                0xcf8 (size before relaxing)
 .debug_str     0x00002db6       0x2a D:\qp\qpcpp/ports/arm-cortex/vanilla/gnu/spy\libqp_cortex-m4f_cs.a(qmp_put.o)
                                0xc74 (size before relaxing)

.comment        0x00000000       0x2b
 .comment       0x00000000       0x2b spy/startup_lm4f.o
                                 0x2c (size before relaxing)
 .comment       0x00000000       0x2c spy/main.o
 .comment       0x00000000       0x2c spy/table.o
 .comment       0x00000000       0x2c spy/philo.o
 .comment       0x00000000       0x2c spy/bsp.o
 .comment       0x00000000       0x2c spy/no_heap.o
 .comment       0x00000000       0x2c spy/mini_cpp.o
 .comment       0x00000000       0x2c D:\qp\qpcpp/ports/arm-cortex/vanilla/gnu/spy\libqp_cortex-m4f_cs.a(qhsm_ini.o)
 .comment       0x00000000       0x2c D:\qp\qpcpp/ports/arm-cortex/vanilla/gnu/spy\libqp_cortex-m4f_cs.a(qhsm_top.o)
 .comment       0x00000000       0x2c D:\qp\qpcpp/ports/arm-cortex/vanilla/gnu/spy\libqp_cortex-m4f_cs.a(qa_fifo.o)
 .comment       0x00000000       0x2c D:\qp\qpcpp/ports/arm-cortex/vanilla/gnu/spy\libqp_cortex-m4f_cs.a(qa_sub.o)
 .comment       0x00000000       0x2c D:\qp\qpcpp/ports/arm-cortex/vanilla/gnu/spy\libqp_cortex-m4f_cs.a(qf_act.o)
 .comment       0x00000000       0x2c D:\qp\qpcpp/ports/arm-cortex/vanilla/gnu/spy\libqp_cortex-m4f_cs.a(qf_new.o)
 .comment       0x00000000       0x2c D:\qp\qpcpp/ports/arm-cortex/vanilla/gnu/spy\libqp_cortex-m4f_cs.a(qf_pool.o)
 .comment       0x00000000       0x2c D:\qp\qpcpp/ports/arm-cortex/vanilla/gnu/spy\libqp_cortex-m4f_cs.a(qf_psini.o)
 .comment       0x00000000       0x2c D:\qp\qpcpp/ports/arm-cortex/vanilla/gnu/spy\libqp_cortex-m4f_cs.a(qf_pspub.o)
 .comment       0x00000000       0x2c D:\qp\qpcpp/ports/arm-cortex/vanilla/gnu/spy\libqp_cortex-m4f_cs.a(qf_pwr2.o)
 .comment       0x00000000       0x2c D:\qp\qpcpp/ports/arm-cortex/vanilla/gnu/spy\libqp_cortex-m4f_cs.a(qf_tick.o)
 .comment       0x00000000       0x2c D:\qp\qpcpp/ports/arm-cortex/vanilla/gnu/spy\libqp_cortex-m4f_cs.a(qmp_get.o)
 .comment       0x00000000       0x2c D:\qp\qpcpp/ports/arm-cortex/vanilla/gnu/spy\libqp_cortex-m4f_cs.a(qmp_init.o)
 .comment       0x00000000       0x2c D:\qp\qpcpp/ports/arm-cortex/vanilla/gnu/spy\libqp_cortex-m4f_cs.a(qte_ctor.o)
 .comment       0x00000000       0x2c D:\qp\qpcpp/ports/arm-cortex/vanilla/gnu/spy\libqp_cortex-m4f_cs.a(qte_arm.o)
 .comment       0x00000000       0x2c D:\qp\qpcpp/ports/arm-cortex/vanilla/gnu/spy\libqp_cortex-m4f_cs.a(qte_darm.o)
 .comment       0x00000000       0x2c D:\qp\qpcpp/ports/arm-cortex/vanilla/gnu/spy\libqp_cortex-m4f_cs.a(qvanilla.o)
 .comment       0x00000000       0x2c D:\qp\qpcpp/ports/arm-cortex/vanilla/gnu/spy\libqp_cortex-m4f_cs.a(qs.o)
 .comment       0x00000000       0x2c D:\qp\qpcpp/ports/arm-cortex/vanilla/gnu/spy\libqp_cortex-m4f_cs.a(qs_.o)
 .comment       0x00000000       0x2c D:\qp\qpcpp/ports/arm-cortex/vanilla/gnu/spy\libqp_cortex-m4f_cs.a(qs_blk.o)
 .comment       0x00000000       0x2c D:\qp\qpcpp/ports/arm-cortex/vanilla/gnu/spy\libqp_cortex-m4f_cs.a(qs_str.o)
 .comment       0x00000000       0x2c D:\qp\qpcpp/ports/arm-cortex/vanilla/gnu/spy\libqp_cortex-m4f_cs.a(qep.o)
 .comment       0x00000000       0x2c D:\qp\qpcpp/ports/arm-cortex/vanilla/gnu/spy\libqp_cortex-m4f_cs.a(qhsm_dis.o)
 .comment       0x00000000       0x2c D:\qp\qpcpp/ports/arm-cortex/vanilla/gnu/spy\libqp_cortex-m4f_cs.a(qa_get_.o)
 .comment       0x00000000       0x2c D:\qp\qpcpp/ports/arm-cortex/vanilla/gnu/spy\libqp_cortex-m4f_cs.a(qeq_init.o)
 .comment       0x00000000       0x2c D:\qp\qpcpp/ports/arm-cortex/vanilla/gnu/spy\libqp_cortex-m4f_cs.a(qf_gc.o)
 .comment       0x00000000       0x2c D:\qp\qpcpp/ports/arm-cortex/vanilla/gnu/spy\libqp_cortex-m4f_cs.a(qmp_put.o)

.ARM.attributes
                0x00000000       0x37
 .ARM.attributes
                0x00000000       0x37 spy/startup_lm4f.o
 .ARM.attributes
                0x00000037       0x37 spy/main.o
 .ARM.attributes
                0x0000006e       0x37 spy/table.o
 .ARM.attributes
                0x000000a5       0x37 spy/philo.o
 .ARM.attributes
                0x000000dc       0x37 spy/bsp.o
 .ARM.attributes
                0x00000113       0x37 spy/no_heap.o
 .ARM.attributes
                0x0000014a       0x37 spy/mini_cpp.o
 .ARM.attributes
                0x00000181       0x37 D:\qp\qpcpp/ports/arm-cortex/vanilla/gnu/spy\libqp_cortex-m4f_cs.a(qhsm_ini.o)
 .ARM.attributes
                0x000001b8       0x37 D:\qp\qpcpp/ports/arm-cortex/vanilla/gnu/spy\libqp_cortex-m4f_cs.a(qhsm_top.o)
 .ARM.attributes
                0x000001ef       0x37 D:\qp\qpcpp/ports/arm-cortex/vanilla/gnu/spy\libqp_cortex-m4f_cs.a(qa_fifo.o)
 .ARM.attributes
                0x00000226       0x37 D:\qp\qpcpp/ports/arm-cortex/vanilla/gnu/spy\libqp_cortex-m4f_cs.a(qa_sub.o)
 .ARM.attributes
                0x0000025d       0x37 D:\qp\qpcpp/ports/arm-cortex/vanilla/gnu/spy\libqp_cortex-m4f_cs.a(qf_act.o)
 .ARM.attributes
                0x00000294       0x37 D:\qp\qpcpp/ports/arm-cortex/vanilla/gnu/spy\libqp_cortex-m4f_cs.a(qf_new.o)
 .ARM.attributes
                0x000002cb       0x37 D:\qp\qpcpp/ports/arm-cortex/vanilla/gnu/spy\libqp_cortex-m4f_cs.a(qf_pool.o)
 .ARM.attributes
                0x00000302       0x37 D:\qp\qpcpp/ports/arm-cortex/vanilla/gnu/spy\libqp_cortex-m4f_cs.a(qf_psini.o)
 .ARM.attributes
                0x00000339       0x37 D:\qp\qpcpp/ports/arm-cortex/vanilla/gnu/spy\libqp_cortex-m4f_cs.a(qf_pspub.o)
 .ARM.attributes
                0x00000370       0x37 D:\qp\qpcpp/ports/arm-cortex/vanilla/gnu/spy\libqp_cortex-m4f_cs.a(qf_pwr2.o)
 .ARM.attributes
                0x000003a7       0x37 D:\qp\qpcpp/ports/arm-cortex/vanilla/gnu/spy\libqp_cortex-m4f_cs.a(qf_tick.o)
 .ARM.attributes
                0x000003de       0x37 D:\qp\qpcpp/ports/arm-cortex/vanilla/gnu/spy\libqp_cortex-m4f_cs.a(qmp_get.o)
 .ARM.attributes
                0x00000415       0x37 D:\qp\qpcpp/ports/arm-cortex/vanilla/gnu/spy\libqp_cortex-m4f_cs.a(qmp_init.o)
 .ARM.attributes
                0x0000044c       0x37 D:\qp\qpcpp/ports/arm-cortex/vanilla/gnu/spy\libqp_cortex-m4f_cs.a(qte_ctor.o)
 .ARM.attributes
                0x00000483       0x37 D:\qp\qpcpp/ports/arm-cortex/vanilla/gnu/spy\libqp_cortex-m4f_cs.a(qte_arm.o)
 .ARM.attributes
                0x000004ba       0x37 D:\qp\qpcpp/ports/arm-cortex/vanilla/gnu/spy\libqp_cortex-m4f_cs.a(qte_darm.o)
 .ARM.attributes
                0x000004f1       0x37 D:\qp\qpcpp/ports/arm-cortex/vanilla/gnu/spy\libqp_cortex-m4f_cs.a(qvanilla.o)
 .ARM.attributes
                0x00000528       0x37 D:\qp\qpcpp/ports/arm-cortex/vanilla/gnu/spy\libqp_cortex-m4f_cs.a(qs.o)
 .ARM.attributes
                0x0000055f       0x37 D:\qp\qpcpp/ports/arm-cortex/vanilla/gnu/spy\libqp_cortex-m4f_cs.a(qs_.o)
 .ARM.attributes
                0x00000596       0x37 D:\qp\qpcpp/ports/arm-cortex/vanilla/gnu/spy\libqp_cortex-m4f_cs.a(qs_blk.o)
 .ARM.attributes
                0x000005cd       0x37 D:\qp\qpcpp/ports/arm-cortex/vanilla/gnu/spy\libqp_cortex-m4f_cs.a(qs_str.o)
 .ARM.attributes
                0x00000604       0x37 D:\qp\qpcpp/ports/arm-cortex/vanilla/gnu/spy\libqp_cortex-m4f_cs.a(qep.o)
 .ARM.attributes
                0x0000063b       0x37 D:\qp\qpcpp/ports/arm-cortex/vanilla/gnu/spy\libqp_cortex-m4f_cs.a(qhsm_dis.o)
 .ARM.attributes
                0x00000672       0x37 D:\qp\qpcpp/ports/arm-cortex/vanilla/gnu/spy\libqp_cortex-m4f_cs.a(qa_get_.o)
 .ARM.attributes
                0x000006a9       0x37 D:\qp\qpcpp/ports/arm-cortex/vanilla/gnu/spy\libqp_cortex-m4f_cs.a(qeq_init.o)
 .ARM.attributes
                0x000006e0       0x37 D:\qp\qpcpp/ports/arm-cortex/vanilla/gnu/spy\libqp_cortex-m4f_cs.a(qf_gc.o)
 .ARM.attributes
                0x00000717       0x37 D:\qp\qpcpp/ports/arm-cortex/vanilla/gnu/spy\libqp_cortex-m4f_cs.a(qmp_put.o)

.debug_frame    0x00000000      0xbc4
 .debug_frame   0x00000000       0x5c spy/startup_lm4f.o
 .debug_frame   0x0000005c       0x34 spy/main.o
 .debug_frame   0x00000090      0x114 spy/table.o
 .debug_frame   0x000001a4      0x128 spy/philo.o
 .debug_frame   0x000002cc      0x180 spy/bsp.o
 .debug_frame   0x0000044c       0x58 spy/no_heap.o
 .debug_frame   0x000004a4       0x70 spy/mini_cpp.o
 .debug_frame   0x00000514       0x60 D:\qp\qpcpp/ports/arm-cortex/vanilla/gnu/spy\libqp_cortex-m4f_cs.a(qhsm_ini.o)
 .debug_frame   0x00000574       0x20 D:\qp\qpcpp/ports/arm-cortex/vanilla/gnu/spy\libqp_cortex-m4f_cs.a(qhsm_top.o)
 .debug_frame   0x00000594       0x2c D:\qp\qpcpp/ports/arm-cortex/vanilla/gnu/spy\libqp_cortex-m4f_cs.a(qa_fifo.o)
 .debug_frame   0x000005c0       0x30 D:\qp\qpcpp/ports/arm-cortex/vanilla/gnu/spy\libqp_cortex-m4f_cs.a(qa_sub.o)
 .debug_frame   0x000005f0       0x58 D:\qp\qpcpp/ports/arm-cortex/vanilla/gnu/spy\libqp_cortex-m4f_cs.a(qf_act.o)
 .debug_frame   0x00000648       0x38 D:\qp\qpcpp/ports/arm-cortex/vanilla/gnu/spy\libqp_cortex-m4f_cs.a(qf_new.o)
 .debug_frame   0x00000680       0x30 D:\qp\qpcpp/ports/arm-cortex/vanilla/gnu/spy\libqp_cortex-m4f_cs.a(qf_pool.o)
 .debug_frame   0x000006b0       0x20 D:\qp\qpcpp/ports/arm-cortex/vanilla/gnu/spy\libqp_cortex-m4f_cs.a(qf_psini.o)
 .debug_frame   0x000006d0       0x38 D:\qp\qpcpp/ports/arm-cortex/vanilla/gnu/spy\libqp_cortex-m4f_cs.a(qf_pspub.o)
 .debug_frame   0x00000708       0x38 D:\qp\qpcpp/ports/arm-cortex/vanilla/gnu/spy\libqp_cortex-m4f_cs.a(qf_tick.o)
 .debug_frame   0x00000740       0x44 D:\qp\qpcpp/ports/arm-cortex/vanilla/gnu/spy\libqp_cortex-m4f_cs.a(qmp_get.o)
 .debug_frame   0x00000784       0x30 D:\qp\qpcpp/ports/arm-cortex/vanilla/gnu/spy\libqp_cortex-m4f_cs.a(qmp_init.o)
 .debug_frame   0x000007b4       0x2c D:\qp\qpcpp/ports/arm-cortex/vanilla/gnu/spy\libqp_cortex-m4f_cs.a(qte_ctor.o)
 .debug_frame   0x000007e0       0x3c D:\qp\qpcpp/ports/arm-cortex/vanilla/gnu/spy\libqp_cortex-m4f_cs.a(qte_arm.o)
 .debug_frame   0x0000081c       0x28 D:\qp\qpcpp/ports/arm-cortex/vanilla/gnu/spy\libqp_cortex-m4f_cs.a(qte_darm.o)
 .debug_frame   0x00000844       0x90 D:\qp\qpcpp/ports/arm-cortex/vanilla/gnu/spy\libqp_cortex-m4f_cs.a(qvanilla.o)
 .debug_frame   0x000008d4       0xc0 D:\qp\qpcpp/ports/arm-cortex/vanilla/gnu/spy\libqp_cortex-m4f_cs.a(qs.o)
 .debug_frame   0x00000994       0x98 D:\qp\qpcpp/ports/arm-cortex/vanilla/gnu/spy\libqp_cortex-m4f_cs.a(qs_.o)
 .debug_frame   0x00000a2c       0x28 D:\qp\qpcpp/ports/arm-cortex/vanilla/gnu/spy\libqp_cortex-m4f_cs.a(qs_blk.o)
 .debug_frame   0x00000a54       0x50 D:\qp\qpcpp/ports/arm-cortex/vanilla/gnu/spy\libqp_cortex-m4f_cs.a(qs_str.o)
 .debug_frame   0x00000aa4       0x20 D:\qp\qpcpp/ports/arm-cortex/vanilla/gnu/spy\libqp_cortex-m4f_cs.a(qep.o)
 .debug_frame   0x00000ac4       0x38 D:\qp\qpcpp/ports/arm-cortex/vanilla/gnu/spy\libqp_cortex-m4f_cs.a(qhsm_dis.o)
 .debug_frame   0x00000afc       0x44 D:\qp\qpcpp/ports/arm-cortex/vanilla/gnu/spy\libqp_cortex-m4f_cs.a(qa_get_.o)
 .debug_frame   0x00000b40       0x2c D:\qp\qpcpp/ports/arm-cortex/vanilla/gnu/spy\libqp_cortex-m4f_cs.a(qeq_init.o)
 .debug_frame   0x00000b6c       0x2c D:\qp\qpcpp/ports/arm-cortex/vanilla/gnu/spy\libqp_cortex-m4f_cs.a(qf_gc.o)
 .debug_frame   0x00000b98       0x2c D:\qp\qpcpp/ports/arm-cortex/vanilla/gnu/spy\libqp_cortex-m4f_cs.a(qmp_put.o)

.debug_ranges   0x00000000      0x1d0
 .debug_ranges  0x00000000       0xc8 spy/table.o
 .debug_ranges  0x000000c8       0x90 spy/philo.o
 .debug_ranges  0x00000158       0x18 D:\qp\qpcpp/ports/arm-cortex/vanilla/gnu/spy\libqp_cortex-m4f_cs.a(qhsm_ini.o)
 .debug_ranges  0x00000170       0x18 D:\qp\qpcpp/ports/arm-cortex/vanilla/gnu/spy\libqp_cortex-m4f_cs.a(qf_pspub.o)
 .debug_ranges  0x00000188       0x30 D:\qp\qpcpp/ports/arm-cortex/vanilla/gnu/spy\libqp_cortex-m4f_cs.a(qvanilla.o)
 .debug_ranges  0x000001b8       0x18 D:\qp\qpcpp/ports/arm-cortex/vanilla/gnu/spy\libqp_cortex-m4f_cs.a(qhsm_dis.o)
