###############################################################################
#                                                                             #
# IAR ELF Linker V6.50.2.4510/W32 for ARM               11/Feb/2013  22:52:30 #
# Copyright 2007-2012 IAR Systems AB.                                         #
#                                                                             #
#    Output file  =  D:\qp\qpcpp\examples\arm-cortex\qk\iar\dpp-qk-ev-lm4f120 #
#                    xl\spy\dpp-qk.out                                        #
#    Map file     =  D:\qp\qpcpp\examples\arm-cortex\qk\iar\dpp-qk-ev-lm4f120 #
#                    xl\spy\dpp-qk.map                                        #
#    Command line =  D:\qp\qpcpp\examples\arm-cortex\qk\iar\dpp-qk-ev-lm4f120 #
#                    xl\spy\bsp.o D:\qp\qpcpp\examples\arm-cortex\qk\iar\dpp- #
#                    qk-ev-lm4f120xl\spy\main.o D:\qp\qpcpp\examples\arm-cort #
#                    ex\qk\iar\dpp-qk-ev-lm4f120xl\spy\philo.o                #
#                    D:\qp\qpcpp\examples\arm-cortex\qk\iar\dpp-qk-ev-lm4f120 #
#                    xl\spy\startup_ewarm.o D:\qp\qpcpp\examples\arm-cortex\q #
#                    k\iar\dpp-qk-ev-lm4f120xl\spy\table.o --redirect         #
#                    _Printf=_PrintfTiny --redirect _Scanf=_ScanfSmall -o     #
#                    D:\qp\qpcpp\examples\arm-cortex\qk\iar\dpp-qk-ev-lm4f120 #
#                    xl\spy\dpp-qk.out --map D:\qp\qpcpp\examples\arm-cortex\ #
#                    qk\iar\dpp-qk-ev-lm4f120xl\spy\dpp-qk.map --config       #
#                    D:\qp\qpcpp\examples\arm-cortex\qk\iar\dpp-qk-ev-lm4f120 #
#                    xl\lm4f120h5qr.icf --semihosting                         #
#                    D:\qp\qpcpp\ports\arm-cortex\qk\iar\spy\libqp_cortex-m4f #
#                    .a --entry __iar_program_start --vfe                     #
#                                                                             #
#                                                                             #
###############################################################################

*******************************************************************************
*** RUNTIME MODEL ATTRIBUTES
***

CppFlavor                     = *
__CPP_Language                = EC++
__Heap_Handler                = Basic
__SystemLibrary               = DLib
__dlib_dynamic_initialization = normal


*******************************************************************************
*** PLACEMENT SUMMARY
***

"A1":  place at start of [0x00000000-0x0003ffff] { ro section .intvec };
"P1":  place in [from 0x00000000 to 0x0003ffff] { ro };
"P2":  place in [from 0x20000000 to 0x20007fff] { rw, block HEAP };

  Section             Kind        Address    Size  Object
  -------             ----        -------    ----  ------
"A1":                                       0x26c
  .intvec             const    0x00000000   0x26c  startup_ewarm.o [1]
                             - 0x0000026c   0x26c

"P1":                                      0x3444
  .text               ro code  0x0000026c   0x738  bsp.o [1]
  .text               ro code  0x000009a4   0x244  qs.o [5]
  .text               ro code  0x00000be8   0x320  qs_.o [5]
  .text               ro code  0x00000f08   0x118  qf_tick.o [5]
  .text               ro code  0x00001020    0xd8  qf_pspub.o [5]
  .text               ro code  0x000010f8    0x94  qf_new.o [5]
  .text               ro code  0x0000118c    0xf4  qa_fifo.o [5]
  .text               ro code  0x00001280    0x9a  qs_str.o [5]
  .text               ro code  0x0000131a    0x12  FltAdd.o [6]
  .text               ro code  0x0000132c    0x5c  qs_blk.o [5]
  .text               ro code  0x00001388    0x3a  ABImemset48.o [7]
  .text               ro code  0x000013c2    0x2e  copy_init3.o [7]
  .text               ro code  0x000013f0     0x6  ABImemclr4.o [7]
  .text               ro code  0x000013f6     0x8  qf_tick.o [5]
  .text               ro code  0x000013fe    0x22  zero_init3.o [7]
  .text               ro code  0x00001420    0xb4  qf_gc.o [5]
  .text               ro code  0x000014d4    0x80  qmp_get.o [5]
  .text               ro code  0x00001554    0xb4  qk_sched.o [5]
  .text               ro code  0x00001608    0x84  qmp_put.o [5]
  .text               ro code  0x0000168c    0x26  qk_sched.o [5]
  .text               ro code  0x000016b4   0x100  qa_get_.o [5]
  .text               ro code  0x000017b4   0x3ec  qhsm_dis.o [5]
  .text               ro code  0x00001ba0   0x6f0  table.o [1]
  .text               ro code  0x00002290     0xc  table.o [1]
  .text               ro code  0x0000229c    0xa0  qa_sub.o [5]
  .text               ro code  0x0000233c     0x8  table.o [1]
  .text               ro code  0x00002344     0x4  table.o [1]
  .text               ro code  0x00002348     0x8  table.o [1]
  .text               ro code  0x00002350    0x12  table.o [1]
  .text               ro code  0x00002362    0x12  table.o [1]
  .text               ro code  0x00002374    0x1c  table.o [1]
  .text               ro code  0x00002390     0xc  table.o [1]
  .text               ro code  0x0000239c    0x14  table.o [1]
  .text               ro code  0x000023b0   0x538  philo.o [1]
  .text               ro code  0x000028e8    0x28  cxxabi.o [4]
  .text               ro code  0x00002910    0x38  qte_ctor.o [5]
  .text               ro code  0x00002948    0x16  philo.o [1]
  .text               ro code  0x0000295e    0x1a  philo.o [1]
  .text               ro code  0x00002978    0x8c  qte_darm.o [5]
  .text               ro code  0x00002a04    0x14  philo.o [1]
  .text               ro code  0x00002a18     0x4  philo.o [1]
  .text               ro code  0x00002a1c    0x16  philo.o [1]
  .text               ro code  0x00002a34    0x94  qte_arm.o [5]
  .text               ro code  0x00002ac8   0x1c8  main.o [1]
  .text               ro code  0x00002c90    0x8c  qk.o [5]
  .text               ro code  0x00002d1c     0xc  qf_psini.o [5]
  .text               ro code  0x00002d28    0x60  qf_pool.o [5]
  CODE                ro code  0x00002d88    0x6c  qk_port.o [5]
  .text               ro code  0x00002df4    0x50  qeq_init.o [5]
  .text               ro code  0x00002e44    0x70  qf_act.o [5]
  .text               ro code  0x00002eb4   0x154  qhsm_ini.o [5]
  .text               ro code  0x00003008    0xc0  qmp_init.o [5]
  .rodata             const    0x000030c8    0xcc  qf_pwr2.o [5]
  .rodata             const    0x00003194    0x48  philo.o [1]
  .rodata             const    0x000031dc    0x48  table.o [1]
  .rodata             const    0x00003224    0x44  bsp.o [1]
  .text               ro code  0x00003268    0x28  data_init.o [7]
  .text               ro code  0x00003290    0x24  startup_ewarm.o [1]
  .iar.init_table     const    0x000032b4    0x28  - Linker created -
  .text               ro code  0x000032dc    0x20  cmain_call_ctors.o [7]
  .text               ro code  0x000032fc    0x18  cppinit.o [3]
  .text               ro code  0x00003314    0x1a  fpinit_M.o [6]
  .rodata             const    0x00003330    0x18  bsp.o [1]
  .rodata             const    0x00003348    0x18  philo.o [1]
  .rodata             const    0x00003360    0x18  philo.o [1]
  .rodata             const    0x00003378    0x18  philo.o [1]
  .rodata             const    0x00003390    0x18  philo.o [1]
  .rodata             const    0x000033a8    0x18  philo.o [1]
  .text               ro code  0x000033c0    0x16  cmain.o [7]
  .text               ro code  0x000033d6     0x4  low_level_init.o [3]
  .text               ro code  0x000033da     0x4  exit.o [3]
  .text               ro code  0x000033e0     0xa  cexit.o [7]
  .text               ro code  0x000033ec    0x14  exit.o [8]
  .rodata             const    0x00003400    0x14  bsp.o [1]
  .rodata             const    0x00003414    0x14  main.o [1]
  .rodata             const    0x00003428    0x14  main.o [1]
  .rodata             const    0x0000343c    0x14  main.o [1]
  .rodata             const    0x00003450    0x14  main.o [1]
  .rodata             const    0x00003464    0x14  main.o [1]
  .rodata             const    0x00003478    0x14  philo.o [1]
  .rodata             const    0x0000348c    0x14  philo.o [1]
  .rodata             const    0x000034a0    0x14  startup_ewarm.o [1]
  .rodata             const    0x000034b4    0x10  main.o [1]
  .rodata             const    0x000034c4    0x10  philo.o [1]
  .rodata             const    0x000034d4    0x10  philo.o [1]
  .rodata             const    0x000034e4    0x10  philo.o [1]
  .rodata             const    0x000034f4    0x10  philo.o [1]
  .rodata             const    0x00003504    0x10  table.o [1]
  .rodata             const    0x00003514    0x10  table.o [1]
  .rodata             const    0x00003524    0x10  table.o [1]
  .rodata             const    0x00003534    0x10  table.o [1]
  .rodata             const    0x00003544    0x10  table.o [1]
  .rodata             const    0x00003554    0x10  table.o [1]
  .rodata             const    0x00003564    0x10  table.o [1]
  .rodata             const    0x00003574    0x10  table.o [1]
  .rodata             const    0x00003584    0x10  qhsm_ini.o [5]
  .rodata             const    0x00003594    0x10  qep.o [5]
  .rodata             const    0x000035a4     0xc  bsp.o [1]
  .rodata             const    0x000035b0     0xc  main.o [1]
  .rodata             const    0x000035bc     0xc  philo.o [1]
  .rodata             const    0x000035c8     0xc  philo.o [1]
  .rodata             const    0x000035d4     0xc  philo.o [1]
  .rodata             const    0x000035e0     0xc  philo.o [1]
  .rodata             const    0x000035ec     0xc  philo.o [1]
  .rodata             const    0x000035f8     0xc  philo.o [1]
  .rodata             const    0x00003604     0xc  philo.o [1]
  .rodata             const    0x00003610     0xc  startup_ewarm.o [1]
  .rodata             const    0x0000361c     0xc  table.o [1]
  .rodata             const    0x00003628     0xc  table.o [1]
  .rodata             const    0x00003634     0xc  table.o [1]
  .rodata             const    0x00003640     0xc  table.o [1]
  .rodata             const    0x0000364c     0xc  table.o [1]
  .rodata             const    0x00003658     0xc  table.o [1]
  .rodata             const    0x00003664     0xc  table.o [1]
  .text               ro code  0x00003670     0xc  cstartup_M.o [7]
  .rodata             const    0x0000367c     0x8  table.o [1]
  SHT$$PREINIT_ARRAY           0x00003684     0x0  <Block>
  SHT$$INIT_ARRAY              0x00003684     0x8  <Block>
    .init_array       const    0x00003684     0x4  philo.o [1]
    .init_array       const    0x00003688     0x4  table.o [1]
  .rodata             const    0x0000368c     0x4  bsp.o [1]
  .rodata             const    0x00003690     0x4  bsp.o [1]
  .rodata             const    0x00003694     0x4  table.o [1]
  .rodata             const    0x00003698     0x4  table.o [1]
  .rodata             const    0x0000369c     0x4  table.o [1]
  .rodata             const    0x000036a0     0x4  table.o [1]
  .text               ro code  0x000036a4     0x4  qhsm_top.o [5]
  .rodata             const    0x000036a8     0x0  zero_init3.o [7]
  .rodata             const    0x000036a8     0x0  copy_init3.o [7]
  Initializer bytes   ro data  0x000036a8     0x8  <for P2 s0>
                             - 0x000036b0  0x3444

"P2", part 1 of 3:                            0x8
  P2 s0                        0x20000000     0x8  <Init block>
    .data             inited   0x20000000     0x4  bsp.o [1]
    .data             inited   0x20000004     0x1  qk.o [5]
                             - 0x20000008     0x8

"P2", part 2 of 3:                          0x978
  .bss                zero     0x20000008   0x600  bsp.o [1]
  .bss                zero     0x20000608    0xf0  philo.o [1]
  .bss                zero     0x200006f8    0x84  qf_act.o [5]
  .bss                zero     0x2000077c    0x7c  qf_pool.o [5]
  .bss                zero     0x200007f8    0x64  main.o [1]
  .bss                zero     0x2000085c    0x50  main.o [1]
  .bss                zero     0x200008ac    0x28  table.o [1]
  .bss                zero     0x200008d4    0x20  main.o [1]
  .bss                zero     0x200008f4    0x20  qs.o [5]
  .bss                zero     0x20000914    0x14  main.o [1]
  .bss                zero     0x20000928    0x10  qs.o [5]
  .bss                zero     0x20000938     0xc  qk.o [5]
  .bss                zero     0x20000944     0x8  qf_psini.o [5]
  .bss                zero     0x2000094c     0x4  bsp.o [1]
  .bss                zero     0x20000950     0x4  bsp.o [1]
  .bss                zero     0x20000954     0x4  bsp.o [1]
  .bss                zero     0x20000958     0x4  qs_.o [5]
  .bss                zero     0x2000095c     0x4  qs_.o [5]
  .bss                zero     0x20000960     0x4  qs_.o [5]
  .bss                zero     0x20000964     0x4  qs_.o [5]
  .bss                zero     0x20000968     0x4  qs_.o [5]
  .bss                zero     0x2000096c     0x4  qs_.o [5]
  .bss                zero     0x20000970     0x4  qs_.o [5]
  .bss                zero     0x20000974     0x4  qte_arm.o [5]
  .bss                zero     0x20000978     0x1  bsp.o [1]
  .bss                zero     0x20000979     0x1  bsp.o [1]
  .bss                zero     0x2000097a     0x1  bsp.o [1]
  .bss                zero     0x2000097b     0x1  philo.o [1]
  .bss                zero     0x2000097c     0x1  qk.o [5]
  .bss                zero     0x2000097d     0x1  qk_mutex.o [5]
                             - 0x2000097e   0x976

"P2", part 3 of 3:                          0x400
  .noinit             uninit   0x20000980   0x400  startup_ewarm.o [1]
                             - 0x20000d80   0x400


*******************************************************************************
*** INIT TABLE
***

          Address     Size
          -------     ----
Zero (__iar_zero_init3)
    1 destination range, total size 0x976:
          0x20000008  0x976

Copy (__iar_copy_init3)
    1 source range, total size 0x8 (160% of destination):
          0x000036a8    0x8
    1 destination range, total size 0x5:
          0x20000000    0x5

Extra (__iar_cstart_call_ctors)



*******************************************************************************
*** MODULE SUMMARY
***

    Module              ro code  ro data  rw data
    ------              -------  -------  -------
D:\qp\qpcpp\examples\arm-cortex\qk\iar\dpp-qk-ev-lm4f120xl\spy: [1]
    bsp.o                 1 848      136    1 555
    main.o                  456      128      232
    philo.o               1 430      384      241
    startup_ewarm.o          36      652    1 024
    table.o               1 904      312       40
    ---------------------------------------------
    Total:                5 674    1 612    3 092

command line: [2]
    ---------------------------------------------
    Total:

dl7M_tln.a: [3]
    cppinit.o                24
    exit.o                    4
    low_level_init.o          4
    ---------------------------------------------
    Total:                   32

dlpp7M_tl_ne.a: [4]
    cxxabi.o                 40
    ---------------------------------------------
    Total:                   40

libqp_cortex-m4f.a: [5]
    qa_fifo.o               244
    qa_get_.o               256
    qa_sub.o                160
    qep.o                             16
    qeq_init.o               80
    qf_act.o                112               132
    qf_gc.o                 180
    qf_new.o                148
    qf_pool.o                96               124
    qf_psini.o               12                 8
    qf_pspub.o              216
    qf_pwr2.o                        204
    qf_tick.o               288
    qhsm_dis.o            1 004
    qhsm_ini.o              340       16
    qhsm_top.o                4
    qk.o                    140        1       14
    qk_mutex.o                                  1
    qk_port.o               108
    qk_sched.o              218
    qmp_get.o               128
    qmp_init.o              192
    qmp_put.o               132
    qs.o                    580                48
    qs_.o                   800                28
    qs_blk.o                 92
    qs_str.o                154
    qte_arm.o               148                 4
    qte_ctor.o               56
    qte_darm.o              140
    ---------------------------------------------
    Total:                6 028      237      359

m7M_tlv.a: [6]
    FltAdd.o                 18
    fpinit_M.o               26
    ---------------------------------------------
    Total:                   44

rt7M_tl.a: [7]
    ABImemclr4.o              6
    ABImemset48.o            58
    cexit.o                  10
    cmain.o                  22
    cmain_call_ctors.o       32
    copy_init3.o             46
    cstartup_M.o             12
    data_init.o              40
    zero_init3.o             34
    ---------------------------------------------
    Total:                  260

shb_l.a: [8]
    exit.o                   20
    ---------------------------------------------
    Total:                   20

    Gaps                      8        2
    Linker created                    43
-------------------------------------------------
    Grand Total:         12 106    1 894    3 451


*******************************************************************************
*** ENTRY LIST
***

Entry                      Address   Size  Type      Object
-----                      -------   ----  ----      ------
?main                   0x000033c1         Code  Gb  cmain.o [7]
DPP::AO_Philo           0x00003478   0x14  Data  Gb  philo.o [1]
DPP::AO_Table           0x000036a0    0x4  Data  Gb  table.o [1]
DPP::BSP_displayPaused(unsigned char)
                        0x0000069d   0x12  Code  Gb  bsp.o [1]
DPP::BSP_displayPhilStat(unsigned char, char const *)
                        0x0000063f   0x5e  Code  Gb  bsp.o [1]
DPP::BSP_init()         0x000004f1  0x14e  Code  Gb  bsp.o [1]
DPP::BSP_random()       0x000006af   0x24  Code  Gb  bsp.o [1]
DPP::BSP_randomSeed(unsigned int)
                        0x000006d3    0x6  Code  Gb  bsp.o [1]
DPP::BSP_terminate(short)
                        0x000006d9    0x2  Code  Gb  bsp.o [1]
DPP::EATING             0x0000369c    0x4  Data  Lc  table.o [1]
DPP::HUNGRY             0x00003698    0x4  Data  Lc  table.o [1]
DPP::LEFT(unsigned char)
                        0x00002351   0x12  Code  Gb  table.o [1]
DPP::PHILO_ID(DPP::Philo const *)
                        0x00002a05   0x14  Code  Gb  philo.o [1]
DPP::Philo::Philo()     0x000023c5   0x22  Code  Gb  philo.o [1]
DPP::Philo::eating(DPP::Philo*, QP::QEvt const *)
                        0x000027c5   0x9a  Code  Gb  philo.o [1]
DPP::Philo::hungry(DPP::Philo*, QP::QEvt const *)
                        0x00002739   0x8a  Code  Gb  philo.o [1]
DPP::Philo::initial(DPP::Philo*, QP::QEvt const *)
                        0x000023e9  0x2ca  Code  Gb  philo.o [1]
DPP::Philo::thinking(DPP::Philo*, QP::QEvt const *)
                        0x000026b5   0x82  Code  Gb  philo.o [1]
DPP::QS_tickPeriod_     0x20000954    0x4  Data  Gb  bsp.o [1]
DPP::QS_tickTime_       0x20000950    0x4  Data  Gb  bsp.o [1]
DPP::RIGHT(unsigned char)
                        0x00002363   0x12  Code  Gb  table.o [1]
DPP::THINKING           0x00003694    0x4  Data  Lc  table.o [1]
DPP::Table::Table()     0x00001bad   0x36  Code  Gb  table.o [1]
DPP::Table::active(DPP::Table*, QP::QEvt const *)
                        0x00001e35   0x42  Code  Gb  table.o [1]
DPP::Table::initial(DPP::Table*, QP::QEvt const *)
                        0x00001be5  0x24e  Code  Gb  table.o [1]
DPP::Table::paused(DPP::Table*, QP::QEvt const *)
                        0x00002131  0x106  Code  Gb  table.o [1]
DPP::Table::serving(DPP::Table*, QP::QEvt const *)
                        0x00001e79  0x2b8  Code  Gb  table.o [1]
DPP::eat_time()         0x00002a1d   0x16  Code  Gb  philo.o [1]
DPP::l_GPIOPortA_IRQHandler
                        0x20000979    0x1  Data  Lc  bsp.o [1]
DPP::l_SysTick_Handler  0x20000978    0x1  Data  Lc  bsp.o [1]
DPP::l_philo            0x20000608   0xf0  Data  Lc  philo.o [1]
DPP::l_rnd              0x2000094c    0x4  Data  Lc  bsp.o [1]
DPP::l_table            0x200008ac   0x28  Data  Lc  table.o [1]
DPP::l_this_file        0x00003224   0x44  Data  Lc  bsp.o [1]
DPP::l_this_file        0x00003194   0x48  Data  Lc  philo.o [1]
DPP::l_this_file        0x000031dc   0x48  Data  Lc  table.o [1]
DPP::think_time()       0x00002949   0x16  Code  Gb  philo.o [1]
GPIOPortA_IRQHandler    0x00000447   0xaa  Code  Gb  bsp.o [1]
HardFault_Handler       0x0000329f    0xe  Code  Gb  startup_ewarm.o [1]
NMI_Handler             0x00003291    0xe  Code  Gb  startup_ewarm.o [1]
NVIC_EnableIRQ(IRQn)    0x0000026d   0x1a  Code  Lc  bsp.o [1]
NVIC_SetPriority(IRQn, unsigned int)
                        0x00000287   0x26  Code  Lc  bsp.o [1]
PendSV_Handler          0x00002da9         Code  Gb  qk_port.o [5]
QK_ceilingPrio_         0x2000097d    0x1  Data  Gb  qk_mutex.o [5]
QK_currPrio_            0x20000004    0x1  Data  Gb  qk.o [5]
QK_init                 0x00002d89         Code  Gb  qk_port.o [5]
QK_intNest_             0x2000097c    0x1  Data  Gb  qk.o [5]
QK_readySet_            0x20000938    0xc  Data  Gb  qk.o [5]
QK_schedPrio_           0x00001555   0x1a  Code  Gb  qk_sched.o [5]
QK_sched_               0x0000156f   0x82  Code  Gb  qk_sched.o [5]
QP::QActive::QActive(unsigned char (*)(void *, QP::QEvt const *))
                        0x00002375   0x1c  Code  Gb  table.o [1]
QP::QActive::QActive(unsigned char (*)(void *, QP::QEvt const *)) [subobject]
                        0x00002291    0xc  Code  Gb  table.o [1]
QP::QActive::get_()     0x000016b5   0xe4  Code  Gb  qa_get_.o [5]
QP::QActive::postFIFO(QP::QEvt const *, void const *)
                        0x0000118d   0xd4  Code  Gb  qa_fifo.o [5]
QP::QActive::start(unsigned char, QP::QEvt const **, unsigned int, void *, unsigned int, QP::QEvt const *)
                        0x00002cbd   0x5c  Code  Gb  qk.o [5]
QP::QActive::subscribe(int) const
                        0x0000229d   0x7c  Code  Gb  qa_sub.o [5]
QP::QEP_reservedEvt_    0x00003594   0x10  Data  Gb  qep.o [5]
QP::QEQueue::init(QP::QEvt const **, unsigned char)
                        0x00002df5   0x50  Code  Gb  qeq_init.o [5]
QP::QF::active_         0x200006f8   0x84  Data  Gb  qf_act.o [5]
QP::QF::add_(QP::QActive *)
                        0x00002e45   0x5a  Code  Gb  qf_act.o [5]
QP::QF::gc(QP::QEvt const *)
                        0x00001421   0x9e  Code  Gb  qf_gc.o [5]
QP::QF::init()          0x00002c91    0x4  Code  Gb  qk.o [5]
QP::QF::new_(unsigned short, int)
                        0x000010f9   0x7e  Code  Gb  qf_new.o [5]
QP::QF::onStartup()     0x000006df   0x32  Code  Gb  bsp.o [1]
QP::QF::poolInit(void *, unsigned int, unsigned int)
                        0x00002d29   0x54  Code  Gb  qf_pool.o [5]
QP::QF::psInit(QP::QSubscrList *, unsigned int)
                        0x00002d1d    0xc  Code  Gb  qf_psini.o [5]
QP::QF::publish(QP::QEvt const *, void const *)
                        0x00001021   0xb8  Code  Gb  qf_pspub.o [5]
QP::QF::run()           0x00002c95   0x20  Code  Gb  qk.o [5]
QP::QF::tick(void const *)
                        0x00000f09   0xfe  Code  Gb  qf_tick.o [5]
QP::QF_EVT_REF_CTR_DEC_(QP::QEvt const *)
                        0x000013f7    0x8  Code  Gb  qf_tick.o [5]
QP::QF_div8Lkup         0x00003150   0x44  Data  Gb  qf_pwr2.o [5]
QP::QF_invPwr2Lkup      0x0000310c   0x44  Data  Gb  qf_pwr2.o [5]
QP::QF_maxPool_         0x2000077c    0x1  Data  Gb  qf_pool.o [5]
QP::QF_maxSignal_       0x20000948    0x4  Data  Gb  qf_psini.o [5]
QP::QF_pool_            0x20000780   0x78  Data  Gb  qf_pool.o [5]
QP::QF_pwr2Lkup         0x000030c8   0x44  Data  Gb  qf_pwr2.o [5]
QP::QF_subscrList_      0x20000944    0x4  Data  Gb  qf_psini.o [5]
QP::QF_timeEvtListHead_
                        0x20000974    0x4  Data  Gb  qte_arm.o [5]
QP::QHsm::QHsm(unsigned char (*)(void *, QP::QEvt const *))
                        0x0000239d   0x14  Code  Gb  table.o [1]
QP::QHsm::QHsm(unsigned char (*)(void *, QP::QEvt const *)) [subobject]
                        0x00002391    0xc  Code  Gb  table.o [1]
QP::QHsm::Q_HANDLED()   0x00002345    0x4  Code  Gb  table.o [1]
QP::QHsm::Q_UNHANDLED()
                        0x00002a19    0x4  Code  Gb  philo.o [1]
QP::QHsm::dispatch(QP::QEvt const *)
                        0x000017b5  0x38c  Code  Gb  qhsm_dis.o [5]
QP::QHsm::init(QP::QEvt const *)
                        0x00002eb5  0x12c  Code  Gb  qhsm_ini.o [5]
QP::QHsm::super(unsigned char (*)(void *, QP::QEvt const *))
                        0x00002349    0x8  Code  Gb  table.o [1]
QP::QHsm::top(void *, QP::QEvt const *)
                        0x000036a5    0x4  Code  Gb  qhsm_top.o [5]
QP::QHsm::tran(unsigned char (*)(void *, QP::QEvt const *))
                        0x0000233d    0x8  Code  Gb  table.o [1]
QP::QK::onIdle()        0x00000711   0x46  Code  Gb  bsp.o [1]
QP::QMPool::get()       0x000014d5   0x6e  Code  Gb  qmp_get.o [5]
QP::QMPool::init(void *, unsigned int, unsigned short)
                        0x00003009   0xac  Code  Gb  qmp_init.o [5]
QP::QMPool::put(void *)
                        0x00001609   0x74  Code  Gb  qmp_put.o [5]
QP::QPSet64::findMax() const
                        0x0000168d   0x26  Code  Gb  qk_sched.o [5]
QP::QS::aoObj_          0x2000095c    0x4  Data  Gb  qs_.o [5]
QP::QS::apObj_          0x2000096c    0x4  Data  Gb  qs_.o [5]
QP::QS::begin(unsigned char)
                        0x00000a07   0xae  Code  Gb  qs.o [5]
QP::QS::end()           0x00000ab5   0x88  Code  Gb  qs.o [5]
QP::QS::eqObj_          0x20000964    0x4  Data  Gb  qs_.o [5]
QP::QS::filterOff(unsigned char)
                        0x000009db   0x2c  Code  Gb  qs.o [5]
QP::QS::filterOn(unsigned char)
                        0x000009af   0x2c  Code  Gb  qs.o [5]
QP::QS::getBlock(unsigned short *)
                        0x0000132d   0x5c  Code  Gb  qs_blk.o [5]
QP::QS::glbFilter_      0x200008f4   0x20  Data  Gb  qs.o [5]
QP::QS::initBuf(unsigned char *, unsigned int)
                        0x000009a5    0xa  Code  Gb  qs.o [5]
QP::QS::mpObj_          0x20000960    0x4  Data  Gb  qs_.o [5]
QP::QS::onFlush()       0x00000879   0x42  Code  Gb  bsp.o [1]
QP::QS::onGetTime()     0x0000085f   0x1a  Code  Gb  bsp.o [1]
QP::QS::onStartup(void const *)
                        0x00000757  0x108  Code  Gb  bsp.o [1]
QP::QS::smObj_          0x20000958    0x4  Data  Gb  qs_.o [5]
QP::QS::str(char const *)
                        0x00001281   0x7a  Code  Gb  qs_str.o [5]
QP::QS::str_ROM_(char const *)
                        0x00000e95   0x6a  Code  Gb  qs_.o [5]
QP::QS::teObj_          0x20000968    0x4  Data  Gb  qs_.o [5]
QP::QS::tickCtr_        0x20000970    0x4  Data  Gb  qs_.o [5]
QP::QS::u16_(unsigned short)
                        0x00000c49   0xbe  Code  Gb  qs_.o [5]
QP::QS::u32_(unsigned int)
                        0x00000d07  0x17a  Code  Gb  qs_.o [5]
QP::QS::u8(unsigned char, unsigned char)
                        0x00000b3d   0x9c  Code  Gb  qs.o [5]
QP::QS::u8_(unsigned char)
                        0x00000be9   0x60  Code  Gb  qs_.o [5]
QP::QS_chksum_          0x20000929    0x1  Data  Gb  qs.o [5]
QP::QS_end_             0x2000092a    0x2  Data  Gb  qs.o [5]
QP::QS_head_            0x2000092c    0x2  Data  Gb  qs.o [5]
QP::QS_ring_            0x20000934    0x4  Data  Gb  qs.o [5]
QP::QS_seq_             0x20000928    0x1  Data  Gb  qs.o [5]
QP::QS_tail_            0x2000092e    0x2  Data  Gb  qs.o [5]
QP::QS_used_            0x20000930    0x2  Data  Gb  qs.o [5]
QP::QTimeEvt::QTimeEvt(int)
                        0x00002911   0x2a  Code  Gb  qte_ctor.o [5]
QP::QTimeEvt::arm_(QP::QActive *, unsigned short)
                        0x00002a35   0x7c  Code  Gb  qte_arm.o [5]
QP::QTimeEvt::disarm()  0x00002979   0x8c  Code  Gb  qte_darm.o [5]
QP::QTimeEvt::postIn(QP::QActive *, unsigned short)
                        0x0000295f   0x1a  Code  Gb  philo.o [1]
QP::l_this_file         0x00002d18    0x4  Data  Lc  qk.o [5]
QP::l_this_file         0x00001184    0x8  Data  Lc  qf_new.o [5]
QP::l_this_file         0x00001018    0x8  Data  Lc  qf_tick.o [5]
QP::l_this_file         0x000010ec    0xc  Data  Lc  qf_pspub.o [5]
QP::l_this_file         0x00001278    0x8  Data  Lc  qa_fifo.o [5]
QP::l_this_file         0x00002d80    0x8  Data  Lc  qf_pool.o [5]
QP::l_this_file         0x00002ffc    0xc  Data  Lc  qhsm_ini.o [5]
QP::l_this_file         0x00002ac0    0x8  Data  Lc  qte_arm.o [5]
QP::l_this_file         0x0000293c    0xc  Data  Lc  qte_ctor.o [5]
QP::l_this_file         0x00002334    0x8  Data  Lc  qa_sub.o [5]
QP::l_this_file         0x00002eac    0x8  Data  Lc  qf_act.o [5]
QP::l_this_file         0x0000154c    0x8  Data  Lc  qmp_get.o [5]
QP::l_this_file         0x000014cc    0x8  Data  Lc  qf_gc.o [5]
QP::l_this_file         0x000030bc    0xc  Data  Lc  qmp_init.o [5]
QP::l_this_file         0x00001b94    0xc  Data  Lc  qhsm_dis.o [5]
QP::l_this_file         0x000017ac    0x8  Data  Lc  qa_get_.o [5]
QP::l_this_file         0x00001684    0x8  Data  Lc  qmp_put.o [5]
Q_onAssert              0x000006db    0x4  Code  Gb  bsp.o [1]
Region$$Table$$Base     0x000032b4          --   Gb  - Linker created -
Region$$Table$$Limit    0x000032dc          --   Gb  - Linker created -
SHT$$INIT_ARRAY$$Base   0x00003684          --   Gb  - Linker created -
SHT$$INIT_ARRAY$$Limit  0x0000368c          --   Gb  - Linker created -
SHT$$PREINIT_ARRAY$$Base
                        0x00003684          --   Gb  - Linker created -
SHT$$PREINIT_ARRAY$$Limit
                        0x00003684          --   Gb  - Linker created -
SVC_Handler             0x00002de1         Code  Gb  qk_port.o [5]
SysTick_Config(unsigned int)
                        0x000002ad   0x38  Code  Lc  bsp.o [1]
SysTick_Handler         0x000002e5  0x162  Code  Gb  bsp.o [1]
Virtual function table for DPP::Philo
                        0x000034c4   0x10  Data  Gb  philo.o [1]
Virtual function table for DPP::Table
                        0x00003514   0x10  Data  Gb  table.o [1]
Virtual function table for QP::QActive
                        0x00003504   0x10  Data  Gb  table.o [1]
Virtual function table for QP::QHsm
                        0x00003584   0x10  Data  Gb  qhsm_ini.o [5]
__aeabi_fadd            0x0000131b   0x12  Code  Gb  FltAdd.o [6]
__aeabi_memclr4         0x000013f1         Code  Gb  ABImemclr4.o [7]
__aeabi_memset4         0x00001389         Code  Gb  ABImemset48.o [7]
__aeabi_memset8         0x00001389         Code  Gb  ABImemset48.o [7]
__aeabi_vec_ctor_nocookie_nodtor
                        0x000028e9   0x22  Code  Gb  cxxabi.o [4]
__call_ctors            0x000032fd   0x18  Code  Gb  cppinit.o [3]
__cmain                 0x000033c1         Code  Gb  cmain.o [7]
__exit                  0x000033ed   0x14  Code  Gb  exit.o [8]
__iar_Memset4_word      0x00001391         Code  Gb  ABImemset48.o [7]
__iar_Memset8_word      0x00001391         Code  Gb  ABImemset48.o [7]
__iar_copy_init3        0x000013c3   0x2e  Code  Gb  copy_init3.o [7]
__iar_cstart_call_ctors
                        0x000032dd   0x20  Code  Gb  cmain_call_ctors.o [7]
__iar_data_init3        0x00003269   0x28  Code  Gb  data_init.o [7]
__iar_init_vfp          0x00003315         Code  Gb  fpinit_M.o [6]
__iar_program_start     0x00003671         Code  Gb  cstartup_M.o [7]
__iar_zero_init3        0x000013ff   0x22  Code  Gb  zero_init3.o [7]
__low_level_init        0x000033d7    0x4  Code  Gb  low_level_init.o [3]
__sti__routine          0x000023b1   0x14  Code  Lc  philo.o [1]
__sti__routine          0x00001ba1    0xc  Code  Lc  table.o [1]
__vector_table          0x00000000  0x26c  Data  Gb  startup_ewarm.o [1]
_call_main              0x000033cd         Code  Gb  cmain.o [7]
_exit                   0x000033e1         Code  Gb  cexit.o [7]
_main                   0x000033d3         Code  Gb  cmain.o [7]
exit                    0x000033db    0x4  Code  Gb  exit.o [3]
main                    0x00002ac9  0x1c8  Code  Gb  main.o [1]
pulStack                0x20000980  0x400  Data  Lc  startup_ewarm.o [1]


[1] = D:\qp\qpcpp\examples\arm-cortex\qk\iar\dpp-qk-ev-lm4f120xl\spy
[2] = command line
[3] = dl7M_tln.a
[4] = dlpp7M_tl_ne.a
[5] = libqp_cortex-m4f.a
[6] = m7M_tlv.a
[7] = rt7M_tl.a
[8] = shb_l.a

  12 106 bytes of readonly  code memory
   1 894 bytes of readonly  data memory
   3 451 bytes of readwrite data memory

Errors: none
Warnings: none
