Archive member included because of file (symbol)

D:\qp\qpcpp/ports/arm-cortex/qk/gnu/dbg\libqp_cortex-m3_cs.a(qhsm_ini.o)
                              dbg/table.o (QP::QHsm::~QHsm())
D:\qp\qpcpp/ports/arm-cortex/qk/gnu/dbg\libqp_cortex-m3_cs.a(qhsm_top.o)
                              dbg/table.o (QP::QHsm::top(void*, QP::QEvt const*))
D:\qp\qpcpp/ports/arm-cortex/qk/gnu/dbg\libqp_cortex-m3_cs.a(qa_fifo.o)
                              dbg/philo.o (QP::QActive::postFIFO(QP::QEvt const*))
D:\qp\qpcpp/ports/arm-cortex/qk/gnu/dbg\libqp_cortex-m3_cs.a(qa_sub.o)
                              dbg/table.o (QP::QActive::subscribe(int) const)
D:\qp\qpcpp/ports/arm-cortex/qk/gnu/dbg\libqp_cortex-m3_cs.a(qf_act.o)
                              D:\qp\qpcpp/ports/arm-cortex/qk/gnu/dbg\libqp_cortex-m3_cs.a(qa_sub.o) (QP::QF::active_)
D:\qp\qpcpp/ports/arm-cortex/qk/gnu/dbg\libqp_cortex-m3_cs.a(qf_new.o)
                              dbg/table.o (QP::QF::new_(unsigned short, int))
D:\qp\qpcpp/ports/arm-cortex/qk/gnu/dbg\libqp_cortex-m3_cs.a(qf_pool.o)
                              dbg/main.o (QP::QF::poolInit(void*, unsigned long, unsigned long))
D:\qp\qpcpp/ports/arm-cortex/qk/gnu/dbg\libqp_cortex-m3_cs.a(qf_psini.o)
                              dbg/main.o (QP::QF::psInit(QP::QSubscrList*, unsigned long))
D:\qp\qpcpp/ports/arm-cortex/qk/gnu/dbg\libqp_cortex-m3_cs.a(qf_pspub.o)
                              dbg/table.o (QP::QF::publish(QP::QEvt const*))
D:\qp\qpcpp/ports/arm-cortex/qk/gnu/dbg\libqp_cortex-m3_cs.a(qf_pwr2.o)
                              D:\qp\qpcpp/ports/arm-cortex/qk/gnu/dbg\libqp_cortex-m3_cs.a(qa_fifo.o) (QP::QF_div8Lkup)
D:\qp\qpcpp/ports/arm-cortex/qk/gnu/dbg\libqp_cortex-m3_cs.a(qf_tick.o)
                              dbg/bsp.o (QP::QF::tick())
D:\qp\qpcpp/ports/arm-cortex/qk/gnu/dbg\libqp_cortex-m3_cs.a(qmp_get.o)
                              D:\qp\qpcpp/ports/arm-cortex/qk/gnu/dbg\libqp_cortex-m3_cs.a(qf_new.o) (QP::QMPool::get())
D:\qp\qpcpp/ports/arm-cortex/qk/gnu/dbg\libqp_cortex-m3_cs.a(qmp_init.o)
                              D:\qp\qpcpp/ports/arm-cortex/qk/gnu/dbg\libqp_cortex-m3_cs.a(qf_pool.o) (QP::QMPool::init(void*, unsigned long, unsigned short))
D:\qp\qpcpp/ports/arm-cortex/qk/gnu/dbg\libqp_cortex-m3_cs.a(qte_ctor.o)
                              dbg/philo.o (QP::QTimeEvt::QTimeEvt(int))
D:\qp\qpcpp/ports/arm-cortex/qk/gnu/dbg\libqp_cortex-m3_cs.a(qte_arm.o)
                              dbg/philo.o (QP::QTimeEvt::arm_(QP::QActive*, unsigned short))
D:\qp\qpcpp/ports/arm-cortex/qk/gnu/dbg\libqp_cortex-m3_cs.a(qte_darm.o)
                              dbg/philo.o (QP::QTimeEvt::disarm())
D:\qp\qpcpp/ports/arm-cortex/qk/gnu/dbg\libqp_cortex-m3_cs.a(qk.o)
                              dbg/main.o (QP::QF::init())
D:\qp\qpcpp/ports/arm-cortex/qk/gnu/dbg\libqp_cortex-m3_cs.a(qk_sched.o)
                              D:\qp\qpcpp/ports/arm-cortex/qk/gnu/dbg\libqp_cortex-m3_cs.a(qa_fifo.o) (QK_schedPrio_)
D:\qp\qpcpp/ports/arm-cortex/qk/gnu/dbg\libqp_cortex-m3_cs.a(qk_mutex.o)
                              D:\qp\qpcpp/ports/arm-cortex/qk/gnu/dbg\libqp_cortex-m3_cs.a(qk_sched.o) (QK_ceilingPrio_)
D:\qp\qpcpp/ports/arm-cortex/qk/gnu/dbg\libqp_cortex-m3_cs.a(qk_port.o)
                              D:\qp\qpcpp/ports/arm-cortex/qk/gnu/dbg\libqp_cortex-m3_cs.a(qk.o) (QK_init)
D:\qp\qpcpp/ports/arm-cortex/qk/gnu/dbg\libqp_cortex-m3_cs.a(qep.o)
                              D:\qp\qpcpp/ports/arm-cortex/qk/gnu/dbg\libqp_cortex-m3_cs.a(qhsm_ini.o) (QP::QEP_reservedEvt_)
D:\qp\qpcpp/ports/arm-cortex/qk/gnu/dbg\libqp_cortex-m3_cs.a(qhsm_dis.o)
                              D:\qp\qpcpp/ports/arm-cortex/qk/gnu/dbg\libqp_cortex-m3_cs.a(qk_sched.o) (QP::QHsm::dispatch(QP::QEvt const*))
D:\qp\qpcpp/ports/arm-cortex/qk/gnu/dbg\libqp_cortex-m3_cs.a(qa_get_.o)
                              D:\qp\qpcpp/ports/arm-cortex/qk/gnu/dbg\libqp_cortex-m3_cs.a(qk_sched.o) (QP::QActive::get_())
D:\qp\qpcpp/ports/arm-cortex/qk/gnu/dbg\libqp_cortex-m3_cs.a(qeq_init.o)
                              D:\qp\qpcpp/ports/arm-cortex/qk/gnu/dbg\libqp_cortex-m3_cs.a(qk.o) (QP::QEQueue::init(QP::QEvt const**, unsigned char))
D:\qp\qpcpp/ports/arm-cortex/qk/gnu/dbg\libqp_cortex-m3_cs.a(qf_gc.o)
                              D:\qp\qpcpp/ports/arm-cortex/qk/gnu/dbg\libqp_cortex-m3_cs.a(qf_pspub.o) (QP::QF::gc(QP::QEvt const*))
D:\qp\qpcpp/ports/arm-cortex/qk/gnu/dbg\libqp_cortex-m3_cs.a(qmp_put.o)
                              D:\qp\qpcpp/ports/arm-cortex/qk/gnu/dbg\libqp_cortex-m3_cs.a(qf_gc.o) (QP::QMPool::put(void*))
c:/tools/codesourcery/bin/../lib/gcc/arm-none-eabi/4.7.2/../../../../arm-none-eabi/lib/armv7-m\libc.a(lib_a-aeabi_atexit.o)
                              dbg/table.o (__aeabi_atexit)
c:/tools/codesourcery/bin/../lib/gcc/arm-none-eabi/4.7.2/../../../../arm-none-eabi/lib/armv7-m\libc.a(lib_a-init.o)
                              dbg/startup_lm3s.o (__libc_init_array)

Discarded input sections

 .group         0x00000000        0x8 dbg/table.o
 .group         0x00000000        0x8 dbg/table.o
 .group         0x00000000        0x8 dbg/table.o
 .group         0x00000000        0x8 dbg/table.o
 .group         0x00000000        0x8 dbg/table.o
 .group         0x00000000        0x8 dbg/table.o
 .group         0x00000000        0x8 dbg/philo.o
 .group         0x00000000        0x8 dbg/philo.o
 .group         0x00000000        0x8 dbg/philo.o
 .group         0x00000000        0x8 dbg/philo.o
 .group         0x00000000        0x8 dbg/philo.o
 .group         0x00000000        0x8 dbg/philo.o
 .text._ZN2QP7QActiveD2Ev
                0x00000000       0x14 dbg/philo.o
 .text._ZN2QP7QActiveD0Ev
                0x00000000       0x1c dbg/philo.o
 .rodata._ZTVN2QP7QActiveE
                0x00000000       0x10 dbg/philo.o
 .ARM.attributes
                0x00000000       0x2d c:/tools/codesourcery/bin/../lib/gcc/arm-none-eabi/4.7.2/../../../../arm-none-eabi/lib/armv7-m\libc.a(lib_a-aeabi_atexit.o)
 .debug_frame   0x00000000       0x20 c:/tools/codesourcery/bin/../lib/gcc/arm-none-eabi/4.7.2/../../../../arm-none-eabi/lib/armv7-m\libc.a(lib_a-aeabi_atexit.o)
 .ARM.attributes
                0x00000000       0x2d c:/tools/codesourcery/bin/../lib/gcc/arm-none-eabi/4.7.2/../../../../arm-none-eabi/lib/armv7-m\libc.a(lib_a-init.o)
 .debug_frame   0x00000000       0x2c c:/tools/codesourcery/bin/../lib/gcc/arm-none-eabi/4.7.2/../../../../arm-none-eabi/lib/armv7-m\libc.a(lib_a-init.o)

Memory Configuration

Name             Origin             Length             Attributes
ROM              0x00000000         0x00010000         xr
RAM              0x20000000         0x00002000         xrw
*default*        0x00000000         0xffffffff

Linker script and memory map

LOAD dbg/display96x16x1.o
LOAD dbg/startup_lm3s.o
LOAD dbg/system_lm3s.o
LOAD dbg/main.o
LOAD dbg/table.o
LOAD dbg/philo.o
LOAD dbg/bsp.o
LOAD dbg/no_heap.o
LOAD dbg/mini_cpp.o
LOAD D:\qp\qpcpp/ports/arm-cortex/qk/gnu/dbg\libqp_cortex-m3_cs.a
                0x000003e8                STACK_SIZE = 0x3e8
                0x00000000                HEAP_SIZE = 0x0

.isr_vector     0x00000000       0xf0
 *(.isr_vector)
 .isr_vector    0x00000000       0xf0 dbg/startup_lm3s.o
                0x00000000                g_pfnVectors
                0x000000f0                . = ALIGN (0x4)

.text           0x000000f0     0x26b0
                0x000000f0                . = ALIGN (0x4)
 *(.text)
 .text          0x000000f0      0x550 dbg/display96x16x1.o
                0x00000108                SysCtlDelay
                0x000001ac                Display96x16x1Clear
                0x0000022c                Display96x16x1StringDraw
                0x00000324                Display96x16x1ImageDraw
                0x000003ac                Display96x16x1Init
                0x00000574                Display96x16x1DisplayOn
                0x0000060c                Display96x16x1DisplayOff
 .text          0x00000640       0xb8 dbg/startup_lm3s.o
                0x00000640                DebugMon_Handler
                0x00000640                FlashCtrl_IRQHandler
                0x00000640                Timer0B_IRQHandler
                0x00000640                I2C0_IRQHandler
                0x00000640                NMI_Handler
                0x00000640                I2C1_IRQHandler
                0x00000640                PWMGen0_IRQHandler
                0x00000640                UART1_IRQHandler
                0x00000640                CAN1_IRQHandler
                0x00000640                Timer1B_IRQHandler
                0x00000640                Watchdog_IRQHandler
                0x00000640                UART0_IRQHandler
                0x00000640                SSI0_IRQHandler
                0x00000640                UsageFault_Handler
                0x00000640                ADCSeq1_IRQHandler
                0x00000640                PWMFault_IRQHandler
                0x00000640                PWMGen1_IRQHandler
                0x00000640                SSI1_IRQHandler
                0x00000640                SysCtrl_IRQHandler
                0x00000640                Spurious_Handler
                0x00000640                GPIOPortC_IRQHandler
                0x00000640                ADCSeq2_IRQHandler
                0x00000640                PWMGen2_IRQHandler
                0x00000640                UART2_IRQHandler
                0x00000640                QEI1_IRQHandler
                0x00000640                QEI0_IRQHandler
                0x00000640                GPIOPortD_IRQHandler
                0x00000640                MemManage_Handler
                0x00000640                Ethernet_IRQHandler
                0x00000640                Timer3B_IRQHandler
                0x00000640                Timer3A_IRQHandler
                0x00000640                Timer0A_IRQHandler
                0x00000640                ADCSeq0_IRQHandler
                0x00000640                Timer1A_IRQHandler
                0x00000640                GPIOPortG_IRQHandler
                0x00000640                ADCSeq3_IRQHandler
                0x00000640                GPIOPortE_IRQHandler
                0x00000640                CAN0_IRQHandler
                0x00000640                Comp0_IRQHandler
                0x00000640                Comp1_IRQHandler
                0x00000640                Comp2_IRQHandler
                0x00000640                GPIOPortF_IRQHandler
                0x00000640                GPIOPortB_IRQHandler
                0x00000640                CAN2_IRQHandler
                0x00000640                GPIOPortH_IRQHandler
                0x00000640                BusFault_Handler
                0x00000640                Timer2A_IRQHandler
                0x00000640                Timer2B_IRQHandler
                0x00000640                Hibernate_IRQHandler
                0x0000065c                Reset_Handler
                0x000006f4                _init
 .text          0x000006f8      0x2d0 dbg/system_lm3s.o
                0x000006f8                SystemInit
 .text          0x000009c8       0x9c dbg/main.o
                0x000009c8                main
 .text          0x00000a64      0x484 dbg/table.o
                0x00000a64                DPP::Table::paused(DPP::Table*, QP::QEvt const*)
                0x00000b58                DPP::Table::serving(DPP::Table*, QP::QEvt const*)
                0x00000de8                DPP::Table::active(DPP::Table*, QP::QEvt const*)
                0x00000e24                DPP::Table::initial(DPP::Table*, QP::QEvt const*)
                0x00000e84                DPP::Table::Table()
                0x00000e84                DPP::Table::Table()
 .text          0x00000ee8      0x2ec dbg/philo.o
                0x00000f0c                DPP::Philo::thinking(DPP::Philo*, QP::QEvt const*)
                0x00000fc0                DPP::Philo::hungry(DPP::Philo*, QP::QEvt const*)
                0x00001074                DPP::Philo::initial(DPP::Philo*, QP::QEvt const*)
                0x000010a8                DPP::Philo::eating(DPP::Philo*, QP::QEvt const*)
                0x00001178                DPP::Philo::Philo()
                0x00001178                DPP::Philo::Philo()
 .text          0x000011d4      0x2a4 dbg/bsp.o
                0x000011d4                GPIOPortA_IRQHandler
                0x00001220                DPP::BSP_init()
                0x000012a4                DPP::BSP_displayPhilStat(unsigned char, char const*)
                0x000012d0                DPP::BSP_displayPaused(unsigned char)
                0x000012f4                DPP::BSP_random()
                0x00001310                DPP::BSP_randomSeed(unsigned long)
                0x0000131c                DPP::BSP_terminate(short)
                0x00001320                Q_onAssert
                0x00001324                SysTick_Handler
                0x000013ec                assert_failed
                0x000013f4                QP::QF::onStartup()
                0x00001458                QP::QF::onCleanup()
                0x0000145c                QP::QK::onIdle()
 .text          0x00001478       0x44 dbg/no_heap.o
                0x00001478                malloc
                0x00001490                free
                0x000014a4                calloc
 .text          0x000014bc       0x1c dbg/mini_cpp.o
                0x000014bc                operator new(unsigned int)
                0x000014c4                operator delete(void*)
                0x000014cc                __cxa_atexit
                0x000014d0                __cxa_guard_acquire
                0x000014d4                __cxa_guard_release
 .text          0x000014d8       0xf8 D:\qp\qpcpp/ports/arm-cortex/qk/gnu/dbg\libqp_cortex-m3_cs.a(qhsm_ini.o)
                0x000014d8                QP::QHsm::~QHsm()
                0x000014d8                QP::QHsm::~QHsm()
                0x000014e4                QP::QHsm::~QHsm()
                0x000014f8                QP::QHsm::init(QP::QEvt const*)
 .text          0x000015d0        0x8 D:\qp\qpcpp/ports/arm-cortex/qk/gnu/dbg\libqp_cortex-m3_cs.a(qhsm_top.o)
                0x000015d0                QP::QHsm::top(void*, QP::QEvt const*)
 .text          0x000015d8       0x9c D:\qp\qpcpp/ports/arm-cortex/qk/gnu/dbg\libqp_cortex-m3_cs.a(qa_fifo.o)
                0x000015d8                QP::QActive::postFIFO(QP::QEvt const*)
 .text          0x00001674       0x60 D:\qp\qpcpp/ports/arm-cortex/qk/gnu/dbg\libqp_cortex-m3_cs.a(qa_sub.o)
                0x00001674                QP::QActive::subscribe(int) const
 .text          0x000016d4       0x7c D:\qp\qpcpp/ports/arm-cortex/qk/gnu/dbg\libqp_cortex-m3_cs.a(qf_act.o)
                0x000016d4                QP::QF::getVersion()
                0x000016dc                QP::QF::add_(QP::QActive*)
                0x00001714                QP::QF::remove_(QP::QActive const*)
 .text          0x00001750       0x70 D:\qp\qpcpp/ports/arm-cortex/qk/gnu/dbg\libqp_cortex-m3_cs.a(qf_new.o)
                0x00001750                QP::QF::new_(unsigned short, int)
 .text          0x000017c0       0x74 D:\qp\qpcpp/ports/arm-cortex/qk/gnu/dbg\libqp_cortex-m3_cs.a(qf_pool.o)
                0x000017c0                QP::QF::poolInit(void*, unsigned long, unsigned long)
 .text          0x00001834        0xc D:\qp\qpcpp/ports/arm-cortex/qk/gnu/dbg\libqp_cortex-m3_cs.a(qf_psini.o)
                0x00001834                QP::QF::psInit(QP::QSubscrList*, unsigned long)
 .text          0x00001840       0xb0 D:\qp\qpcpp/ports/arm-cortex/qk/gnu/dbg\libqp_cortex-m3_cs.a(qf_pspub.o)
                0x00001840                QP::QF::publish(QP::QEvt const*)
 .text          0x000018f0        0x0 D:\qp\qpcpp/ports/arm-cortex/qk/gnu/dbg\libqp_cortex-m3_cs.a(qf_pwr2.o)
 .text          0x000018f0       0xa4 D:\qp\qpcpp/ports/arm-cortex/qk/gnu/dbg\libqp_cortex-m3_cs.a(qf_tick.o)
                0x000018f0                QP::QF::tick()
 .text          0x00001994       0x74 D:\qp\qpcpp/ports/arm-cortex/qk/gnu/dbg\libqp_cortex-m3_cs.a(qmp_get.o)
                0x00001994                QP::QMPool::get()
                0x000019cc                QP::QF::getPoolMargin(unsigned char)
 .text          0x00001a08       0xa8 D:\qp\qpcpp/ports/arm-cortex/qk/gnu/dbg\libqp_cortex-m3_cs.a(qmp_init.o)
                0x00001a08                QP::QMPool::init(void*, unsigned long, unsigned short)
 .text          0x00001ab0       0x34 D:\qp\qpcpp/ports/arm-cortex/qk/gnu/dbg\libqp_cortex-m3_cs.a(qte_ctor.o)
                0x00001ab0                QP::QTimeEvt::QTimeEvt(int)
                0x00001ab0                QP::QTimeEvt::QTimeEvt(int)
 .text          0x00001ae4       0x5c D:\qp\qpcpp/ports/arm-cortex/qk/gnu/dbg\libqp_cortex-m3_cs.a(qte_arm.o)
                0x00001ae4                QP::QF::noTimeEvtsActive()
                0x00001af8                QP::QTimeEvt::arm_(QP::QActive*, unsigned short)
 .text          0x00001b40       0x1c D:\qp\qpcpp/ports/arm-cortex/qk/gnu/dbg\libqp_cortex-m3_cs.a(qte_darm.o)
                0x00001b40                QP::QTimeEvt::disarm()
 .text          0x00001b5c       0x9c D:\qp\qpcpp/ports/arm-cortex/qk/gnu/dbg\libqp_cortex-m3_cs.a(qk.o)
                0x00001b5c                QP::QK::getVersion()
                0x00001b64                QP::QF::init()
                0x00001b6c                QP::QF::stop()
                0x00001b74                QP::QF::run()
                0x00001b9c                QP::QActive::start(unsigned char, QP::QEvt const**, unsigned long, void*, unsigned long, QP::QEvt const*)
                0x00001bf0                QP::QActive::stop()
 .text          0x00001bf8       0xcc D:\qp\qpcpp/ports/arm-cortex/qk/gnu/dbg\libqp_cortex-m3_cs.a(qk_sched.o)
                0x00001bf8                QK_schedPrio_
                0x00001c48                QK_sched_
 .text          0x00001cc4       0x3c D:\qp\qpcpp/ports/arm-cortex/qk/gnu/dbg\libqp_cortex-m3_cs.a(qk_mutex.o)
                0x00001cc4                QP::QK::mutexLock(unsigned char)
                0x00001cdc                QP::QK::mutexUnlock(unsigned char)
 .text          0x00001d00        0x0 D:\qp\qpcpp/ports/arm-cortex/qk/gnu/dbg\libqp_cortex-m3_cs.a(qk_port.o)
 .text          0x00001d00        0x8 D:\qp\qpcpp/ports/arm-cortex/qk/gnu/dbg\libqp_cortex-m3_cs.a(qep.o)
                0x00001d00                QP::QEP::getVersion()
 .text          0x00001d08      0x250 D:\qp\qpcpp/ports/arm-cortex/qk/gnu/dbg\libqp_cortex-m3_cs.a(qhsm_dis.o)
                0x00001d08                QP::QHsm::dispatch(QP::QEvt const*)
 .text          0x00001f58       0xac D:\qp\qpcpp/ports/arm-cortex/qk/gnu/dbg\libqp_cortex-m3_cs.a(qa_get_.o)
                0x00001f58                QP::QActive::get_()
                0x00001fd4                QP::QF::getQueueMargin(unsigned char)
 .text          0x00002004       0x14 D:\qp\qpcpp/ports/arm-cortex/qk/gnu/dbg\libqp_cortex-m3_cs.a(qeq_init.o)
                0x00002004                QP::QEQueue::init(QP::QEvt const**, unsigned char)
 .text          0x00002018       0x54 D:\qp\qpcpp/ports/arm-cortex/qk/gnu/dbg\libqp_cortex-m3_cs.a(qf_gc.o)
                0x00002018                QP::QF::gc(QP::QEvt const*)
 .text          0x0000206c       0x48 D:\qp\qpcpp/ports/arm-cortex/qk/gnu/dbg\libqp_cortex-m3_cs.a(qmp_put.o)
                0x0000206c                QP::QMPool::put(void*)
 .text          0x000020b4        0xa c:/tools/codesourcery/bin/../lib/gcc/arm-none-eabi/4.7.2/../../../../arm-none-eabi/lib/armv7-m\libc.a(lib_a-aeabi_atexit.o)
                0x000020b4                __aeabi_atexit
 *fill*         0x000020be        0x2 
 .text          0x000020c0       0x4c c:/tools/codesourcery/bin/../lib/gcc/arm-none-eabi/4.7.2/../../../../arm-none-eabi/lib/armv7-m\libc.a(lib_a-init.o)
                0x000020c0                __libc_init_array
 *(.text*)
 .text._ZN2QP7QActiveD2Ev
                0x0000210c       0x14 dbg/table.o
                0x0000210c                QP::QActive::~QActive()
                0x0000210c                QP::QActive::~QActive()
 .text._ZN3DPP5TableD2Ev
                0x00002120       0x14 dbg/table.o
                0x00002120                DPP::Table::~Table()
                0x00002120                DPP::Table::~Table()
 .text._ZN2QP7QActiveD0Ev
                0x00002134       0x1c dbg/table.o
                0x00002134                QP::QActive::~QActive()
 .text._ZN3DPP5TableD0Ev
                0x00002150       0x1c dbg/table.o
                0x00002150                DPP::Table::~Table()
 .text._ZN3DPP5PhiloD2Ev
                0x0000216c       0x14 dbg/philo.o
                0x0000216c                DPP::Philo::~Philo()
                0x0000216c                DPP::Philo::~Philo()
 .text._ZN3DPP5PhiloD0Ev
                0x00002180       0x1c dbg/philo.o
                0x00002180                DPP::Philo::~Philo()
 .text.QK_init  0x0000219c       0x24 D:\qp\qpcpp/ports/arm-cortex/qk/gnu/dbg\libqp_cortex-m3_cs.a(qk_port.o)
                0x0000219c                QK_init
 .text.PendSV_Handler
                0x000021c0       0x34 D:\qp\qpcpp/ports/arm-cortex/qk/gnu/dbg\libqp_cortex-m3_cs.a(qk_port.o)
                0x000021c0                PendSV_Handler
 .text.SVC_Handler
                0x000021f4        0x6 D:\qp\qpcpp/ports/arm-cortex/qk/gnu/dbg\libqp_cortex-m3_cs.a(qk_port.o)
                0x000021f4                SVC_Handler
 *(.rodata)
 *fill*         0x000021fa        0x2 
 .rodata        0x000021fc      0x2c0 dbg/display96x16x1.o
 .rodata        0x000024bc       0x5c dbg/system_lm3s.o
 .rodata        0x00002518       0x10 dbg/table.o
                0x00002524                DPP::AO_Table
 .rodata        0x00002528       0x20 dbg/philo.o
                0x00002534                DPP::AO_Philo
 .rodata        0x00002548       0x10 dbg/bsp.o
 .rodata        0x00002558        0xc dbg/no_heap.o
 *fill*         0x00002564        0x4 
 .rodata        0x00002568       0x20 D:\qp\qpcpp/ports/arm-cortex/qk/gnu/dbg\libqp_cortex-m3_cs.a(qhsm_ini.o)
                0x00002568                vtable for QP::QHsm
 .rodata        0x00002588        0x8 D:\qp\qpcpp/ports/arm-cortex/qk/gnu/dbg\libqp_cortex-m3_cs.a(qa_fifo.o)
 .rodata        0x00002590        0x8 D:\qp\qpcpp/ports/arm-cortex/qk/gnu/dbg\libqp_cortex-m3_cs.a(qa_sub.o)
 .rodata        0x00002598       0x10 D:\qp\qpcpp/ports/arm-cortex/qk/gnu/dbg\libqp_cortex-m3_cs.a(qf_act.o)
 .rodata        0x000025a8        0x8 D:\qp\qpcpp/ports/arm-cortex/qk/gnu/dbg\libqp_cortex-m3_cs.a(qf_new.o)
 .rodata        0x000025b0        0x8 D:\qp\qpcpp/ports/arm-cortex/qk/gnu/dbg\libqp_cortex-m3_cs.a(qf_pool.o)
 .rodata        0x000025b8        0xc D:\qp\qpcpp/ports/arm-cortex/qk/gnu/dbg\libqp_cortex-m3_cs.a(qf_pspub.o)
 .rodata        0x000025c4       0xcc D:\qp\qpcpp/ports/arm-cortex/qk/gnu/dbg\libqp_cortex-m3_cs.a(qf_pwr2.o)
                0x000025c4                QP::QF_div8Lkup
                0x00002608                QP::QF_invPwr2Lkup
                0x0000264c                QP::QF_pwr2Lkup
 .rodata        0x00002690        0x8 D:\qp\qpcpp/ports/arm-cortex/qk/gnu/dbg\libqp_cortex-m3_cs.a(qf_tick.o)
 .rodata        0x00002698        0x8 D:\qp\qpcpp/ports/arm-cortex/qk/gnu/dbg\libqp_cortex-m3_cs.a(qmp_get.o)
 .rodata        0x000026a0        0xc D:\qp\qpcpp/ports/arm-cortex/qk/gnu/dbg\libqp_cortex-m3_cs.a(qmp_init.o)
 .rodata        0x000026ac        0xc D:\qp\qpcpp/ports/arm-cortex/qk/gnu/dbg\libqp_cortex-m3_cs.a(qte_ctor.o)
 .rodata        0x000026b8        0x8 D:\qp\qpcpp/ports/arm-cortex/qk/gnu/dbg\libqp_cortex-m3_cs.a(qte_arm.o)
 .rodata        0x000026c0        0xc D:\qp\qpcpp/ports/arm-cortex/qk/gnu/dbg\libqp_cortex-m3_cs.a(qk.o)
 .rodata        0x000026cc       0x18 D:\qp\qpcpp/ports/arm-cortex/qk/gnu/dbg\libqp_cortex-m3_cs.a(qep.o)
                0x000026d4                QP::QEP_reservedEvt_
 .rodata        0x000026e4        0xc D:\qp\qpcpp/ports/arm-cortex/qk/gnu/dbg\libqp_cortex-m3_cs.a(qhsm_dis.o)
 .rodata        0x000026f0        0x8 D:\qp\qpcpp/ports/arm-cortex/qk/gnu/dbg\libqp_cortex-m3_cs.a(qa_get_.o)
 .rodata        0x000026f8        0x8 D:\qp\qpcpp/ports/arm-cortex/qk/gnu/dbg\libqp_cortex-m3_cs.a(qf_gc.o)
 .rodata        0x00002700        0x8 D:\qp\qpcpp/ports/arm-cortex/qk/gnu/dbg\libqp_cortex-m3_cs.a(qmp_put.o)
 *(.rodata*)
 .rodata.str1.4
                0x00002708       0x15 dbg/startup_lm3s.o
                                 0x18 (size before relaxing)
 *fill*         0x0000271d        0x3 
 .rodata._ZTVN2QP7QActiveE
                0x00002720       0x10 dbg/table.o
                0x00002720                vtable for QP::QActive
 .rodata._ZTVN3DPP5TableE
                0x00002730       0x10 dbg/table.o
                0x00002730                vtable for DPP::Table
 .rodata.str1.4
                0x00002740       0x21 dbg/table.o
                                 0x24 (size before relaxing)
 *fill*         0x00002761        0x7 
 .rodata._ZTVN3DPP5PhiloE
                0x00002768       0x10 dbg/philo.o
                0x00002768                vtable for DPP::Philo
 .rodata.str1.4
                0x00002778       0x28 dbg/bsp.o
 *(.init)
 *(.fini)
                0x000027a0                . = ALIGN (0x4)

.glue_7         0x000027a0        0x0
 .glue_7        0x00000000        0x0 linker stubs

.glue_7t        0x000027a0        0x0
 .glue_7t       0x00000000        0x0 linker stubs

.vfp11_veneer   0x000027a0        0x0
 .vfp11_veneer  0x00000000        0x0 linker stubs

.v4_bx          0x000027a0        0x0
 .v4_bx         0x00000000        0x0 linker stubs

.iplt           0x000027a0        0x0
 .iplt          0x00000000        0x0 dbg/display96x16x1.o

.rel.dyn        0x000027a0        0x0
 .rel.iplt      0x00000000        0x0 dbg/display96x16x1.o

.preinit_array  0x000027a0        0x0
                0x000027a0                PROVIDE (__preinit_array_start, .)
 *(.preinit_array*)
                0x000027a0                PROVIDE (__preinit_array_end, .)

.init_array     0x000027a0        0x8
                0x000027a0                PROVIDE (__init_array_start, .)
 *(SORT(.init_array.*))
 *(.init_array*)
 .init_array    0x000027a0        0x4 dbg/table.o
 .init_array    0x000027a4        0x4 dbg/philo.o
                0x000027a8                PROVIDE (__init_array_end, .)

.fini_array     0x000027a8        0x0
                0x000027a8                PROVIDE (__fini_array_start, .)
 *(.fini_array*)
 *(SORT(.fini_array.*))
                0x000027a8                PROVIDE (__fini_array_end, .)
                0x000027a8                _etext = .

.data           0x20000000        0x8 load address 0x000027a8
                0x000027a8                __data_load = LOADADDR (.data)
                0x20000000                __data_start = .
 *(.data)
 .data          0x20000000        0x0 dbg/display96x16x1.o
 .data          0x20000000        0x0 dbg/startup_lm3s.o
 .data          0x20000000        0x0 dbg/system_lm3s.o
 .data          0x20000000        0x0 dbg/main.o
 .data          0x20000000        0x0 dbg/table.o
 .data          0x20000000        0x0 dbg/philo.o
 .data          0x20000000        0x4 dbg/bsp.o
 .data          0x20000004        0x0 dbg/no_heap.o
 .data          0x20000004        0x0 dbg/mini_cpp.o
 .data          0x20000004        0x0 D:\qp\qpcpp/ports/arm-cortex/qk/gnu/dbg\libqp_cortex-m3_cs.a(qhsm_ini.o)
 .data          0x20000004        0x0 D:\qp\qpcpp/ports/arm-cortex/qk/gnu/dbg\libqp_cortex-m3_cs.a(qhsm_top.o)
 .data          0x20000004        0x0 D:\qp\qpcpp/ports/arm-cortex/qk/gnu/dbg\libqp_cortex-m3_cs.a(qa_fifo.o)
 .data          0x20000004        0x0 D:\qp\qpcpp/ports/arm-cortex/qk/gnu/dbg\libqp_cortex-m3_cs.a(qa_sub.o)
 .data          0x20000004        0x0 D:\qp\qpcpp/ports/arm-cortex/qk/gnu/dbg\libqp_cortex-m3_cs.a(qf_act.o)
 .data          0x20000004        0x0 D:\qp\qpcpp/ports/arm-cortex/qk/gnu/dbg\libqp_cortex-m3_cs.a(qf_new.o)
 .data          0x20000004        0x0 D:\qp\qpcpp/ports/arm-cortex/qk/gnu/dbg\libqp_cortex-m3_cs.a(qf_pool.o)
 .data          0x20000004        0x0 D:\qp\qpcpp/ports/arm-cortex/qk/gnu/dbg\libqp_cortex-m3_cs.a(qf_psini.o)
 .data          0x20000004        0x0 D:\qp\qpcpp/ports/arm-cortex/qk/gnu/dbg\libqp_cortex-m3_cs.a(qf_pspub.o)
 .data          0x20000004        0x0 D:\qp\qpcpp/ports/arm-cortex/qk/gnu/dbg\libqp_cortex-m3_cs.a(qf_pwr2.o)
 .data          0x20000004        0x0 D:\qp\qpcpp/ports/arm-cortex/qk/gnu/dbg\libqp_cortex-m3_cs.a(qf_tick.o)
 .data          0x20000004        0x0 D:\qp\qpcpp/ports/arm-cortex/qk/gnu/dbg\libqp_cortex-m3_cs.a(qmp_get.o)
 .data          0x20000004        0x0 D:\qp\qpcpp/ports/arm-cortex/qk/gnu/dbg\libqp_cortex-m3_cs.a(qmp_init.o)
 .data          0x20000004        0x0 D:\qp\qpcpp/ports/arm-cortex/qk/gnu/dbg\libqp_cortex-m3_cs.a(qte_ctor.o)
 .data          0x20000004        0x0 D:\qp\qpcpp/ports/arm-cortex/qk/gnu/dbg\libqp_cortex-m3_cs.a(qte_arm.o)
 .data          0x20000004        0x0 D:\qp\qpcpp/ports/arm-cortex/qk/gnu/dbg\libqp_cortex-m3_cs.a(qte_darm.o)
 .data          0x20000004        0x1 D:\qp\qpcpp/ports/arm-cortex/qk/gnu/dbg\libqp_cortex-m3_cs.a(qk.o)
                0x20000004                QK_currPrio_
 .data          0x20000005        0x0 D:\qp\qpcpp/ports/arm-cortex/qk/gnu/dbg\libqp_cortex-m3_cs.a(qk_sched.o)
 .data          0x20000005        0x0 D:\qp\qpcpp/ports/arm-cortex/qk/gnu/dbg\libqp_cortex-m3_cs.a(qk_mutex.o)
 .data          0x20000005        0x0 D:\qp\qpcpp/ports/arm-cortex/qk/gnu/dbg\libqp_cortex-m3_cs.a(qk_port.o)
 .data          0x20000005        0x0 D:\qp\qpcpp/ports/arm-cortex/qk/gnu/dbg\libqp_cortex-m3_cs.a(qep.o)
 .data          0x20000005        0x0 D:\qp\qpcpp/ports/arm-cortex/qk/gnu/dbg\libqp_cortex-m3_cs.a(qhsm_dis.o)
 .data          0x20000005        0x0 D:\qp\qpcpp/ports/arm-cortex/qk/gnu/dbg\libqp_cortex-m3_cs.a(qa_get_.o)
 .data          0x20000005        0x0 D:\qp\qpcpp/ports/arm-cortex/qk/gnu/dbg\libqp_cortex-m3_cs.a(qeq_init.o)
 .data          0x20000005        0x0 D:\qp\qpcpp/ports/arm-cortex/qk/gnu/dbg\libqp_cortex-m3_cs.a(qf_gc.o)
 .data          0x20000005        0x0 D:\qp\qpcpp/ports/arm-cortex/qk/gnu/dbg\libqp_cortex-m3_cs.a(qmp_put.o)
 .data          0x20000005        0x0 c:/tools/codesourcery/bin/../lib/gcc/arm-none-eabi/4.7.2/../../../../arm-none-eabi/lib/armv7-m\libc.a(lib_a-aeabi_atexit.o)
 .data          0x20000005        0x0 c:/tools/codesourcery/bin/../lib/gcc/arm-none-eabi/4.7.2/../../../../arm-none-eabi/lib/armv7-m\libc.a(lib_a-init.o)
 *(.data*)
                0x20000008                . = ALIGN (0x4)
 *fill*         0x20000005        0x3 
                0x20000008                __data_end__ = .
                0x20000008                _edata = __data_end__

.igot.plt       0x20000008        0x0 load address 0x000027b0
 .igot.plt      0x00000000        0x0 dbg/display96x16x1.o

.bss            0x20000008      0x340 load address 0x000027b0
                0x20000008                __bss_start__ = .
 *(.bss)
 .bss           0x20000008        0x8 dbg/display96x16x1.o
 .bss           0x20000010        0x0 dbg/startup_lm3s.o
 .bss           0x20000010        0x4 dbg/system_lm3s.o
                0x20000010                SystemFrequency
 .bss           0x20000014       0xe8 dbg/main.o
 .bss           0x200000fc       0x28 dbg/table.o
 .bss           0x20000124       0xf4 dbg/philo.o
 .bss           0x20000218        0x8 dbg/bsp.o
 .bss           0x20000220        0x0 dbg/no_heap.o
 .bss           0x20000220        0x4 dbg/mini_cpp.o
                0x20000220                __dso_handle
 .bss           0x20000224        0x0 D:\qp\qpcpp/ports/arm-cortex/qk/gnu/dbg\libqp_cortex-m3_cs.a(qhsm_ini.o)
 .bss           0x20000224        0x0 D:\qp\qpcpp/ports/arm-cortex/qk/gnu/dbg\libqp_cortex-m3_cs.a(qhsm_top.o)
 .bss           0x20000224        0x0 D:\qp\qpcpp/ports/arm-cortex/qk/gnu/dbg\libqp_cortex-m3_cs.a(qa_fifo.o)
 .bss           0x20000224        0x0 D:\qp\qpcpp/ports/arm-cortex/qk/gnu/dbg\libqp_cortex-m3_cs.a(qa_sub.o)
 .bss           0x20000224       0x88 D:\qp\qpcpp/ports/arm-cortex/qk/gnu/dbg\libqp_cortex-m3_cs.a(qf_act.o)
                0x20000224                QP::QF::active_
                0x200002a8                QP::QF_intLockNest_
 .bss           0x200002ac        0x0 D:\qp\qpcpp/ports/arm-cortex/qk/gnu/dbg\libqp_cortex-m3_cs.a(qf_new.o)
 .bss           0x200002ac       0x7c D:\qp\qpcpp/ports/arm-cortex/qk/gnu/dbg\libqp_cortex-m3_cs.a(qf_pool.o)
                0x200002ac                QP::QF_maxPool_
                0x200002b0                QP::QF_pool_
 .bss           0x20000328        0x8 D:\qp\qpcpp/ports/arm-cortex/qk/gnu/dbg\libqp_cortex-m3_cs.a(qf_psini.o)
                0x20000328                QP::QF_subscrList_
                0x2000032c                QP::QF_maxSignal_
 .bss           0x20000330        0x0 D:\qp\qpcpp/ports/arm-cortex/qk/gnu/dbg\libqp_cortex-m3_cs.a(qf_pspub.o)
 .bss           0x20000330        0x0 D:\qp\qpcpp/ports/arm-cortex/qk/gnu/dbg\libqp_cortex-m3_cs.a(qf_pwr2.o)
 .bss           0x20000330        0x0 D:\qp\qpcpp/ports/arm-cortex/qk/gnu/dbg\libqp_cortex-m3_cs.a(qf_tick.o)
 .bss           0x20000330        0x0 D:\qp\qpcpp/ports/arm-cortex/qk/gnu/dbg\libqp_cortex-m3_cs.a(qmp_get.o)
 .bss           0x20000330        0x0 D:\qp\qpcpp/ports/arm-cortex/qk/gnu/dbg\libqp_cortex-m3_cs.a(qmp_init.o)
 .bss           0x20000330        0x0 D:\qp\qpcpp/ports/arm-cortex/qk/gnu/dbg\libqp_cortex-m3_cs.a(qte_ctor.o)
 .bss           0x20000330        0x4 D:\qp\qpcpp/ports/arm-cortex/qk/gnu/dbg\libqp_cortex-m3_cs.a(qte_arm.o)
                0x20000330                QP::QF_timeEvtListHead_
 .bss           0x20000334        0x0 D:\qp\qpcpp/ports/arm-cortex/qk/gnu/dbg\libqp_cortex-m3_cs.a(qte_darm.o)
 .bss           0x20000334       0x10 D:\qp\qpcpp/ports/arm-cortex/qk/gnu/dbg\libqp_cortex-m3_cs.a(qk.o)
                0x20000334                QK_intNest_
                0x20000338                QK_readySet_
 .bss           0x20000344        0x0 D:\qp\qpcpp/ports/arm-cortex/qk/gnu/dbg\libqp_cortex-m3_cs.a(qk_sched.o)
 .bss           0x20000344        0x1 D:\qp\qpcpp/ports/arm-cortex/qk/gnu/dbg\libqp_cortex-m3_cs.a(qk_mutex.o)
                0x20000344                QK_ceilingPrio_
 .bss           0x20000345        0x0 D:\qp\qpcpp/ports/arm-cortex/qk/gnu/dbg\libqp_cortex-m3_cs.a(qk_port.o)
 .bss           0x20000345        0x0 D:\qp\qpcpp/ports/arm-cortex/qk/gnu/dbg\libqp_cortex-m3_cs.a(qep.o)
 .bss           0x20000345        0x0 D:\qp\qpcpp/ports/arm-cortex/qk/gnu/dbg\libqp_cortex-m3_cs.a(qhsm_dis.o)
 .bss           0x20000345        0x0 D:\qp\qpcpp/ports/arm-cortex/qk/gnu/dbg\libqp_cortex-m3_cs.a(qa_get_.o)
 .bss           0x20000345        0x0 D:\qp\qpcpp/ports/arm-cortex/qk/gnu/dbg\libqp_cortex-m3_cs.a(qeq_init.o)
 .bss           0x20000345        0x0 D:\qp\qpcpp/ports/arm-cortex/qk/gnu/dbg\libqp_cortex-m3_cs.a(qf_gc.o)
 .bss           0x20000345        0x0 D:\qp\qpcpp/ports/arm-cortex/qk/gnu/dbg\libqp_cortex-m3_cs.a(qmp_put.o)
 .bss           0x20000345        0x0 c:/tools/codesourcery/bin/../lib/gcc/arm-none-eabi/4.7.2/../../../../arm-none-eabi/lib/armv7-m\libc.a(lib_a-aeabi_atexit.o)
 .bss           0x20000345        0x0 c:/tools/codesourcery/bin/../lib/gcc/arm-none-eabi/4.7.2/../../../../arm-none-eabi/lib/armv7-m\libc.a(lib_a-init.o)
 *(.bss*)
 *(COMMON)
                0x20000348                . = ALIGN (0x4)
 *fill*         0x20000345        0x3 
                0x20000348                _ebss = .
                0x20000348                __bss_end__ = .
                0x20000348                PROVIDE (end, _ebss)
                0x20000348                PROVIDE (_end, _ebss)
                0x20000348                PROVIDE (__end__, _ebss)

.heap           0x20000348        0x0
                0x20000348                __heap_start__ = .
                0x20000348                . = (. + HEAP_SIZE)
                0x20000348                . = ALIGN (0x4)
                0x20000348                __heap_end__ = .

.stack          0x20000348      0x3e8 load address 0x00002af0
                0x20000348                __stack_start__ = .
                0x20000730                . = (. + STACK_SIZE)
 *fill*         0x20000348      0x3e8 
                0x20000730                . = ALIGN (0x4)
                0x20000730                __c_stack_top__ = .
                0x20000730                __stack_end__ = .

/DISCARD/
 libc.a(*)
 libm.a(*)
 libgcc.a(*)
OUTPUT(dbg/dpp-qk.elf elf32-littlearm)

.debug_info     0x00000000    0x135f6
 .debug_info    0x00000000      0xd3f dbg/display96x16x1.o
 .debug_info    0x00000d3f      0x24c dbg/startup_lm3s.o
 .debug_info    0x00000f8b      0x45e dbg/system_lm3s.o
 .debug_info    0x000013e9      0x8cb dbg/main.o
 .debug_info    0x00001cb4     0x14ac dbg/table.o
 .debug_info    0x00003160     0x1439 dbg/philo.o
 .debug_info    0x00004599     0x1621 dbg/bsp.o
 .debug_info    0x00005bba      0x2c7 dbg/no_heap.o
 .debug_info    0x00005e81      0x17e dbg/mini_cpp.o
 .debug_info    0x00005fff      0x6e7 D:\qp\qpcpp/ports/arm-cortex/qk/gnu/dbg\libqp_cortex-m3_cs.a(qhsm_ini.o)
 .debug_info    0x000066e6      0x278 D:\qp\qpcpp/ports/arm-cortex/qk/gnu/dbg\libqp_cortex-m3_cs.a(qhsm_top.o)
 .debug_info    0x0000695e      0xad7 D:\qp\qpcpp/ports/arm-cortex/qk/gnu/dbg\libqp_cortex-m3_cs.a(qa_fifo.o)
 .debug_info    0x00007435      0x908 D:\qp\qpcpp/ports/arm-cortex/qk/gnu/dbg\libqp_cortex-m3_cs.a(qa_sub.o)
 .debug_info    0x00007d3d      0x990 D:\qp\qpcpp/ports/arm-cortex/qk/gnu/dbg\libqp_cortex-m3_cs.a(qf_act.o)
 .debug_info    0x000086cd      0xa9a D:\qp\qpcpp/ports/arm-cortex/qk/gnu/dbg\libqp_cortex-m3_cs.a(qf_new.o)
 .debug_info    0x00009167      0xabb D:\qp\qpcpp/ports/arm-cortex/qk/gnu/dbg\libqp_cortex-m3_cs.a(qf_pool.o)
 .debug_info    0x00009c22      0x8a3 D:\qp\qpcpp/ports/arm-cortex/qk/gnu/dbg\libqp_cortex-m3_cs.a(qf_psini.o)
 .debug_info    0x0000a4c5      0x9fe D:\qp\qpcpp/ports/arm-cortex/qk/gnu/dbg\libqp_cortex-m3_cs.a(qf_pspub.o)
 .debug_info    0x0000aec3      0x8b4 D:\qp\qpcpp/ports/arm-cortex/qk/gnu/dbg\libqp_cortex-m3_cs.a(qf_pwr2.o)
 .debug_info    0x0000b777      0x952 D:\qp\qpcpp/ports/arm-cortex/qk/gnu/dbg\libqp_cortex-m3_cs.a(qf_tick.o)
 .debug_info    0x0000c0c9      0xaa3 D:\qp\qpcpp/ports/arm-cortex/qk/gnu/dbg\libqp_cortex-m3_cs.a(qmp_get.o)
 .debug_info    0x0000cb6c      0xa59 D:\qp\qpcpp/ports/arm-cortex/qk/gnu/dbg\libqp_cortex-m3_cs.a(qmp_init.o)
 .debug_info    0x0000d5c5      0x8e5 D:\qp\qpcpp/ports/arm-cortex/qk/gnu/dbg\libqp_cortex-m3_cs.a(qte_ctor.o)
 .debug_info    0x0000deaa      0x92e D:\qp\qpcpp/ports/arm-cortex/qk/gnu/dbg\libqp_cortex-m3_cs.a(qte_arm.o)
 .debug_info    0x0000e7d8      0x818 D:\qp\qpcpp/ports/arm-cortex/qk/gnu/dbg\libqp_cortex-m3_cs.a(qte_darm.o)
 .debug_info    0x0000eff0      0xa70 D:\qp\qpcpp/ports/arm-cortex/qk/gnu/dbg\libqp_cortex-m3_cs.a(qk.o)
 .debug_info    0x0000fa60      0x84e D:\qp\qpcpp/ports/arm-cortex/qk/gnu/dbg\libqp_cortex-m3_cs.a(qk_sched.o)
 .debug_info    0x000102ae      0x293 D:\qp\qpcpp/ports/arm-cortex/qk/gnu/dbg\libqp_cortex-m3_cs.a(qk_mutex.o)
 .debug_info    0x00010541       0x53 D:\qp\qpcpp/ports/arm-cortex/qk/gnu/dbg\libqp_cortex-m3_cs.a(qk_port.o)
 .debug_info    0x00010594      0x2a5 D:\qp\qpcpp/ports/arm-cortex/qk/gnu/dbg\libqp_cortex-m3_cs.a(qep.o)
 .debug_info    0x00010839      0x611 D:\qp\qpcpp/ports/arm-cortex/qk/gnu/dbg\libqp_cortex-m3_cs.a(qhsm_dis.o)
 .debug_info    0x00010e4a      0xa9f D:\qp\qpcpp/ports/arm-cortex/qk/gnu/dbg\libqp_cortex-m3_cs.a(qa_get_.o)
 .debug_info    0x000118e9      0x821 D:\qp\qpcpp/ports/arm-cortex/qk/gnu/dbg\libqp_cortex-m3_cs.a(qeq_init.o)
 .debug_info    0x0001210a      0xaf9 D:\qp\qpcpp/ports/arm-cortex/qk/gnu/dbg\libqp_cortex-m3_cs.a(qf_gc.o)
 .debug_info    0x00012c03      0x9f3 D:\qp\qpcpp/ports/arm-cortex/qk/gnu/dbg\libqp_cortex-m3_cs.a(qmp_put.o)

.debug_abbrev   0x00000000     0x65c7
 .debug_abbrev  0x00000000      0x1d2 dbg/display96x16x1.o
 .debug_abbrev  0x000001d2      0x149 dbg/startup_lm3s.o
 .debug_abbrev  0x0000031b      0x109 dbg/system_lm3s.o
 .debug_abbrev  0x00000424      0x320 dbg/main.o
 .debug_abbrev  0x00000744      0x5a7 dbg/table.o
 .debug_abbrev  0x00000ceb      0x5aa dbg/philo.o
 .debug_abbrev  0x00001295      0x554 dbg/bsp.o
 .debug_abbrev  0x000017e9      0x123 dbg/no_heap.o
 .debug_abbrev  0x0000190c      0x132 dbg/mini_cpp.o
 .debug_abbrev  0x00001a3e      0x373 D:\qp\qpcpp/ports/arm-cortex/qk/gnu/dbg\libqp_cortex-m3_cs.a(qhsm_ini.o)
 .debug_abbrev  0x00001db1       0xff D:\qp\qpcpp/ports/arm-cortex/qk/gnu/dbg\libqp_cortex-m3_cs.a(qhsm_top.o)
 .debug_abbrev  0x00001eb0      0x3e3 D:\qp\qpcpp/ports/arm-cortex/qk/gnu/dbg\libqp_cortex-m3_cs.a(qa_fifo.o)
 .debug_abbrev  0x00002293      0x331 D:\qp\qpcpp/ports/arm-cortex/qk/gnu/dbg\libqp_cortex-m3_cs.a(qa_sub.o)
 .debug_abbrev  0x000025c4      0x384 D:\qp\qpcpp/ports/arm-cortex/qk/gnu/dbg\libqp_cortex-m3_cs.a(qf_act.o)
 .debug_abbrev  0x00002948      0x36c D:\qp\qpcpp/ports/arm-cortex/qk/gnu/dbg\libqp_cortex-m3_cs.a(qf_new.o)
 .debug_abbrev  0x00002cb4      0x35d D:\qp\qpcpp/ports/arm-cortex/qk/gnu/dbg\libqp_cortex-m3_cs.a(qf_pool.o)
 .debug_abbrev  0x00003011      0x2d1 D:\qp\qpcpp/ports/arm-cortex/qk/gnu/dbg\libqp_cortex-m3_cs.a(qf_psini.o)
 .debug_abbrev  0x000032e2      0x3a9 D:\qp\qpcpp/ports/arm-cortex/qk/gnu/dbg\libqp_cortex-m3_cs.a(qf_pspub.o)
 .debug_abbrev  0x0000368b      0x289 D:\qp\qpcpp/ports/arm-cortex/qk/gnu/dbg\libqp_cortex-m3_cs.a(qf_pwr2.o)
 .debug_abbrev  0x00003914      0x370 D:\qp\qpcpp/ports/arm-cortex/qk/gnu/dbg\libqp_cortex-m3_cs.a(qf_tick.o)
 .debug_abbrev  0x00003c84      0x36c D:\qp\qpcpp/ports/arm-cortex/qk/gnu/dbg\libqp_cortex-m3_cs.a(qmp_get.o)
 .debug_abbrev  0x00003ff0      0x340 D:\qp\qpcpp/ports/arm-cortex/qk/gnu/dbg\libqp_cortex-m3_cs.a(qmp_init.o)
 .debug_abbrev  0x00004330      0x31c D:\qp\qpcpp/ports/arm-cortex/qk/gnu/dbg\libqp_cortex-m3_cs.a(qte_ctor.o)
 .debug_abbrev  0x0000464c      0x37f D:\qp\qpcpp/ports/arm-cortex/qk/gnu/dbg\libqp_cortex-m3_cs.a(qte_arm.o)
 .debug_abbrev  0x000049cb      0x2bf D:\qp\qpcpp/ports/arm-cortex/qk/gnu/dbg\libqp_cortex-m3_cs.a(qte_darm.o)
 .debug_abbrev  0x00004c8a      0x428 D:\qp\qpcpp/ports/arm-cortex/qk/gnu/dbg\libqp_cortex-m3_cs.a(qk.o)
 .debug_abbrev  0x000050b2      0x33c D:\qp\qpcpp/ports/arm-cortex/qk/gnu/dbg\libqp_cortex-m3_cs.a(qk_sched.o)
 .debug_abbrev  0x000053ee      0x169 D:\qp\qpcpp/ports/arm-cortex/qk/gnu/dbg\libqp_cortex-m3_cs.a(qk_mutex.o)
 .debug_abbrev  0x00005557       0x12 D:\qp\qpcpp/ports/arm-cortex/qk/gnu/dbg\libqp_cortex-m3_cs.a(qk_port.o)
 .debug_abbrev  0x00005569      0x11d D:\qp\qpcpp/ports/arm-cortex/qk/gnu/dbg\libqp_cortex-m3_cs.a(qep.o)
 .debug_abbrev  0x00005686      0x1fb D:\qp\qpcpp/ports/arm-cortex/qk/gnu/dbg\libqp_cortex-m3_cs.a(qhsm_dis.o)
 .debug_abbrev  0x00005881      0x3de D:\qp\qpcpp/ports/arm-cortex/qk/gnu/dbg\libqp_cortex-m3_cs.a(qa_get_.o)
 .debug_abbrev  0x00005c5f      0x2b6 D:\qp\qpcpp/ports/arm-cortex/qk/gnu/dbg\libqp_cortex-m3_cs.a(qeq_init.o)
 .debug_abbrev  0x00005f15      0x399 D:\qp\qpcpp/ports/arm-cortex/qk/gnu/dbg\libqp_cortex-m3_cs.a(qf_gc.o)
 .debug_abbrev  0x000062ae      0x319 D:\qp\qpcpp/ports/arm-cortex/qk/gnu/dbg\libqp_cortex-m3_cs.a(qmp_put.o)

.debug_loc      0x00000000     0x2b12
 .debug_loc     0x00000000      0x479 dbg/display96x16x1.o
 .debug_loc     0x00000479       0x40 dbg/startup_lm3s.o
 .debug_loc     0x000004b9      0x137 dbg/system_lm3s.o
 .debug_loc     0x000005f0       0x5a dbg/main.o
 .debug_loc     0x0000064a      0x7fc dbg/table.o
 .debug_loc     0x00000e46      0x88f dbg/philo.o
 .debug_loc     0x000016d5      0x1f7 dbg/bsp.o
 .debug_loc     0x000018cc       0x60 dbg/no_heap.o
 .debug_loc     0x0000192c       0x82 dbg/mini_cpp.o
 .debug_loc     0x000019ae      0x103 D:\qp\qpcpp/ports/arm-cortex/qk/gnu/dbg\libqp_cortex-m3_cs.a(qhsm_ini.o)
 .debug_loc     0x00001ab1      0x135 D:\qp\qpcpp/ports/arm-cortex/qk/gnu/dbg\libqp_cortex-m3_cs.a(qa_fifo.o)
 .debug_loc     0x00001be6       0x9b D:\qp\qpcpp/ports/arm-cortex/qk/gnu/dbg\libqp_cortex-m3_cs.a(qa_sub.o)
 .debug_loc     0x00001c81       0xd8 D:\qp\qpcpp/ports/arm-cortex/qk/gnu/dbg\libqp_cortex-m3_cs.a(qf_act.o)
 .debug_loc     0x00001d59       0xc1 D:\qp\qpcpp/ports/arm-cortex/qk/gnu/dbg\libqp_cortex-m3_cs.a(qf_new.o)
 .debug_loc     0x00001e1a       0xd5 D:\qp\qpcpp/ports/arm-cortex/qk/gnu/dbg\libqp_cortex-m3_cs.a(qf_pool.o)
 .debug_loc     0x00001eef       0xcd D:\qp\qpcpp/ports/arm-cortex/qk/gnu/dbg\libqp_cortex-m3_cs.a(qf_pspub.o)
 .debug_loc     0x00001fbc       0x65 D:\qp\qpcpp/ports/arm-cortex/qk/gnu/dbg\libqp_cortex-m3_cs.a(qf_tick.o)
 .debug_loc     0x00002021       0x7f D:\qp\qpcpp/ports/arm-cortex/qk/gnu/dbg\libqp_cortex-m3_cs.a(qmp_get.o)
 .debug_loc     0x000020a0      0x102 D:\qp\qpcpp/ports/arm-cortex/qk/gnu/dbg\libqp_cortex-m3_cs.a(qmp_init.o)
 .debug_loc     0x000021a2       0x5c D:\qp\qpcpp/ports/arm-cortex/qk/gnu/dbg\libqp_cortex-m3_cs.a(qte_ctor.o)
 .debug_loc     0x000021fe       0x94 D:\qp\qpcpp/ports/arm-cortex/qk/gnu/dbg\libqp_cortex-m3_cs.a(qte_arm.o)
 .debug_loc     0x00002292       0x59 D:\qp\qpcpp/ports/arm-cortex/qk/gnu/dbg\libqp_cortex-m3_cs.a(qte_darm.o)
 .debug_loc     0x000022eb      0x14f D:\qp\qpcpp/ports/arm-cortex/qk/gnu/dbg\libqp_cortex-m3_cs.a(qk.o)
 .debug_loc     0x0000243a       0xc2 D:\qp\qpcpp/ports/arm-cortex/qk/gnu/dbg\libqp_cortex-m3_cs.a(qk_sched.o)
 .debug_loc     0x000024fc       0x6d D:\qp\qpcpp/ports/arm-cortex/qk/gnu/dbg\libqp_cortex-m3_cs.a(qk_mutex.o)
 .debug_loc     0x00002569      0x3ca D:\qp\qpcpp/ports/arm-cortex/qk/gnu/dbg\libqp_cortex-m3_cs.a(qhsm_dis.o)
 .debug_loc     0x00002933       0xd8 D:\qp\qpcpp/ports/arm-cortex/qk/gnu/dbg\libqp_cortex-m3_cs.a(qa_get_.o)
 .debug_loc     0x00002a0b       0xab D:\qp\qpcpp/ports/arm-cortex/qk/gnu/dbg\libqp_cortex-m3_cs.a(qf_gc.o)
 .debug_loc     0x00002ab6       0x5c D:\qp\qpcpp/ports/arm-cortex/qk/gnu/dbg\libqp_cortex-m3_cs.a(qmp_put.o)

.debug_aranges  0x00000000      0x4a8
 .debug_aranges
                0x00000000       0x20 dbg/display96x16x1.o
 .debug_aranges
                0x00000020       0x20 dbg/startup_lm3s.o
 .debug_aranges
                0x00000040       0x20 dbg/system_lm3s.o
 .debug_aranges
                0x00000060       0x20 dbg/main.o
 .debug_aranges
                0x00000080       0x40 dbg/table.o
 .debug_aranges
                0x000000c0       0x40 dbg/philo.o
 .debug_aranges
                0x00000100       0x20 dbg/bsp.o
 .debug_aranges
                0x00000120       0x20 dbg/no_heap.o
 .debug_aranges
                0x00000140       0x20 dbg/mini_cpp.o
 .debug_aranges
                0x00000160       0x20 D:\qp\qpcpp/ports/arm-cortex/qk/gnu/dbg\libqp_cortex-m3_cs.a(qhsm_ini.o)
 .debug_aranges
                0x00000180       0x20 D:\qp\qpcpp/ports/arm-cortex/qk/gnu/dbg\libqp_cortex-m3_cs.a(qhsm_top.o)
 .debug_aranges
                0x000001a0       0x20 D:\qp\qpcpp/ports/arm-cortex/qk/gnu/dbg\libqp_cortex-m3_cs.a(qa_fifo.o)
 .debug_aranges
                0x000001c0       0x20 D:\qp\qpcpp/ports/arm-cortex/qk/gnu/dbg\libqp_cortex-m3_cs.a(qa_sub.o)
 .debug_aranges
                0x000001e0       0x20 D:\qp\qpcpp/ports/arm-cortex/qk/gnu/dbg\libqp_cortex-m3_cs.a(qf_act.o)
 .debug_aranges
                0x00000200       0x20 D:\qp\qpcpp/ports/arm-cortex/qk/gnu/dbg\libqp_cortex-m3_cs.a(qf_new.o)
 .debug_aranges
                0x00000220       0x20 D:\qp\qpcpp/ports/arm-cortex/qk/gnu/dbg\libqp_cortex-m3_cs.a(qf_pool.o)
 .debug_aranges
                0x00000240       0x20 D:\qp\qpcpp/ports/arm-cortex/qk/gnu/dbg\libqp_cortex-m3_cs.a(qf_psini.o)
 .debug_aranges
                0x00000260       0x20 D:\qp\qpcpp/ports/arm-cortex/qk/gnu/dbg\libqp_cortex-m3_cs.a(qf_pspub.o)
 .debug_aranges
                0x00000280       0x18 D:\qp\qpcpp/ports/arm-cortex/qk/gnu/dbg\libqp_cortex-m3_cs.a(qf_pwr2.o)
 .debug_aranges
                0x00000298       0x20 D:\qp\qpcpp/ports/arm-cortex/qk/gnu/dbg\libqp_cortex-m3_cs.a(qf_tick.o)
 .debug_aranges
                0x000002b8       0x20 D:\qp\qpcpp/ports/arm-cortex/qk/gnu/dbg\libqp_cortex-m3_cs.a(qmp_get.o)
 .debug_aranges
                0x000002d8       0x20 D:\qp\qpcpp/ports/arm-cortex/qk/gnu/dbg\libqp_cortex-m3_cs.a(qmp_init.o)
 .debug_aranges
                0x000002f8       0x20 D:\qp\qpcpp/ports/arm-cortex/qk/gnu/dbg\libqp_cortex-m3_cs.a(qte_ctor.o)
 .debug_aranges
                0x00000318       0x20 D:\qp\qpcpp/ports/arm-cortex/qk/gnu/dbg\libqp_cortex-m3_cs.a(qte_arm.o)
 .debug_aranges
                0x00000338       0x20 D:\qp\qpcpp/ports/arm-cortex/qk/gnu/dbg\libqp_cortex-m3_cs.a(qte_darm.o)
 .debug_aranges
                0x00000358       0x20 D:\qp\qpcpp/ports/arm-cortex/qk/gnu/dbg\libqp_cortex-m3_cs.a(qk.o)
 .debug_aranges
                0x00000378       0x20 D:\qp\qpcpp/ports/arm-cortex/qk/gnu/dbg\libqp_cortex-m3_cs.a(qk_sched.o)
 .debug_aranges
                0x00000398       0x20 D:\qp\qpcpp/ports/arm-cortex/qk/gnu/dbg\libqp_cortex-m3_cs.a(qk_mutex.o)
 .debug_aranges
                0x000003b8       0x30 D:\qp\qpcpp/ports/arm-cortex/qk/gnu/dbg\libqp_cortex-m3_cs.a(qk_port.o)
 .debug_aranges
                0x000003e8       0x20 D:\qp\qpcpp/ports/arm-cortex/qk/gnu/dbg\libqp_cortex-m3_cs.a(qep.o)
 .debug_aranges
                0x00000408       0x20 D:\qp\qpcpp/ports/arm-cortex/qk/gnu/dbg\libqp_cortex-m3_cs.a(qhsm_dis.o)
 .debug_aranges
                0x00000428       0x20 D:\qp\qpcpp/ports/arm-cortex/qk/gnu/dbg\libqp_cortex-m3_cs.a(qa_get_.o)
 .debug_aranges
                0x00000448       0x20 D:\qp\qpcpp/ports/arm-cortex/qk/gnu/dbg\libqp_cortex-m3_cs.a(qeq_init.o)
 .debug_aranges
                0x00000468       0x20 D:\qp\qpcpp/ports/arm-cortex/qk/gnu/dbg\libqp_cortex-m3_cs.a(qf_gc.o)
 .debug_aranges
                0x00000488       0x20 D:\qp\qpcpp/ports/arm-cortex/qk/gnu/dbg\libqp_cortex-m3_cs.a(qmp_put.o)

.debug_line     0x00000000     0x2e6c
 .debug_line    0x00000000      0x229 dbg/display96x16x1.o
 .debug_line    0x00000229       0x7d dbg/startup_lm3s.o
 .debug_line    0x000002a6      0x1a1 dbg/system_lm3s.o
 .debug_line    0x00000447      0x129 dbg/main.o
 .debug_line    0x00000570      0x325 dbg/table.o
 .debug_line    0x00000895      0x298 dbg/philo.o
 .debug_line    0x00000b2d      0x1da dbg/bsp.o
 .debug_line    0x00000d07      0x13d dbg/no_heap.o
 .debug_line    0x00000e44       0xf7 dbg/mini_cpp.o
 .debug_line    0x00000f3b      0x149 D:\qp\qpcpp/ports/arm-cortex/qk/gnu/dbg\libqp_cortex-m3_cs.a(qhsm_ini.o)
 .debug_line    0x00001084       0xef D:\qp\qpcpp/ports/arm-cortex/qk/gnu/dbg\libqp_cortex-m3_cs.a(qhsm_top.o)
 .debug_line    0x00001173      0x159 D:\qp\qpcpp/ports/arm-cortex/qk/gnu/dbg\libqp_cortex-m3_cs.a(qa_fifo.o)
 .debug_line    0x000012cc      0x13e D:\qp\qpcpp/ports/arm-cortex/qk/gnu/dbg\libqp_cortex-m3_cs.a(qa_sub.o)
 .debug_line    0x0000140a      0x13c D:\qp\qpcpp/ports/arm-cortex/qk/gnu/dbg\libqp_cortex-m3_cs.a(qf_act.o)
 .debug_line    0x00001546      0x149 D:\qp\qpcpp/ports/arm-cortex/qk/gnu/dbg\libqp_cortex-m3_cs.a(qf_new.o)
 .debug_line    0x0000168f      0x149 D:\qp\qpcpp/ports/arm-cortex/qk/gnu/dbg\libqp_cortex-m3_cs.a(qf_pool.o)
 .debug_line    0x000017d8      0x10e D:\qp\qpcpp/ports/arm-cortex/qk/gnu/dbg\libqp_cortex-m3_cs.a(qf_psini.o)
 .debug_line    0x000018e6      0x14e D:\qp\qpcpp/ports/arm-cortex/qk/gnu/dbg\libqp_cortex-m3_cs.a(qf_pspub.o)
 .debug_line    0x00001a34       0xf1 D:\qp\qpcpp/ports/arm-cortex/qk/gnu/dbg\libqp_cortex-m3_cs.a(qf_pwr2.o)
 .debug_line    0x00001b25      0x15f D:\qp\qpcpp/ports/arm-cortex/qk/gnu/dbg\libqp_cortex-m3_cs.a(qf_tick.o)
 .debug_line    0x00001c84      0x149 D:\qp\qpcpp/ports/arm-cortex/qk/gnu/dbg\libqp_cortex-m3_cs.a(qmp_get.o)
 .debug_line    0x00001dcd      0x152 D:\qp\qpcpp/ports/arm-cortex/qk/gnu/dbg\libqp_cortex-m3_cs.a(qmp_init.o)
 .debug_line    0x00001f1f      0x126 D:\qp\qpcpp/ports/arm-cortex/qk/gnu/dbg\libqp_cortex-m3_cs.a(qte_ctor.o)
 .debug_line    0x00002045      0x13e D:\qp\qpcpp/ports/arm-cortex/qk/gnu/dbg\libqp_cortex-m3_cs.a(qte_arm.o)
 .debug_line    0x00002183      0x119 D:\qp\qpcpp/ports/arm-cortex/qk/gnu/dbg\libqp_cortex-m3_cs.a(qte_darm.o)
 .debug_line    0x0000229c      0x13d D:\qp\qpcpp/ports/arm-cortex/qk/gnu/dbg\libqp_cortex-m3_cs.a(qk.o)
 .debug_line    0x000023d9      0x167 D:\qp\qpcpp/ports/arm-cortex/qk/gnu/dbg\libqp_cortex-m3_cs.a(qk_sched.o)
 .debug_line    0x00002540      0x10d D:\qp\qpcpp/ports/arm-cortex/qk/gnu/dbg\libqp_cortex-m3_cs.a(qk_mutex.o)
 .debug_line    0x0000264d       0x85 D:\qp\qpcpp/ports/arm-cortex/qk/gnu/dbg\libqp_cortex-m3_cs.a(qk_port.o)
 .debug_line    0x000026d2       0xec D:\qp\qpcpp/ports/arm-cortex/qk/gnu/dbg\libqp_cortex-m3_cs.a(qep.o)
 .debug_line    0x000027be      0x1b9 D:\qp\qpcpp/ports/arm-cortex/qk/gnu/dbg\libqp_cortex-m3_cs.a(qhsm_dis.o)
 .debug_line    0x00002977      0x153 D:\qp\qpcpp/ports/arm-cortex/qk/gnu/dbg\libqp_cortex-m3_cs.a(qa_get_.o)
 .debug_line    0x00002aca      0x113 D:\qp\qpcpp/ports/arm-cortex/qk/gnu/dbg\libqp_cortex-m3_cs.a(qeq_init.o)
 .debug_line    0x00002bdd      0x151 D:\qp\qpcpp/ports/arm-cortex/qk/gnu/dbg\libqp_cortex-m3_cs.a(qf_gc.o)
 .debug_line    0x00002d2e      0x13e D:\qp\qpcpp/ports/arm-cortex/qk/gnu/dbg\libqp_cortex-m3_cs.a(qmp_put.o)

.debug_str      0x00000000     0x21bc
 .debug_str     0x00000000      0x3f7 dbg/display96x16x1.o
                                0x453 (size before relaxing)
 .debug_str     0x000003f7       0xe8 dbg/startup_lm3s.o
                                0x14e (size before relaxing)
 .debug_str     0x000004df       0x49 dbg/system_lm3s.o
                                0x257 (size before relaxing)
 .debug_str     0x00000528      0x55c dbg/main.o
                                0x690 (size before relaxing)
 .debug_str     0x00000a84      0x3d6 dbg/table.o
                                0x970 (size before relaxing)
 .debug_str     0x00000e5a      0x2d8 dbg/philo.o
                                0xa71 (size before relaxing)
 .debug_str     0x00001132      0x531 dbg/bsp.o
                                0xde0 (size before relaxing)
 .debug_str     0x00001663       0x21 dbg/no_heap.o
                                0x216 (size before relaxing)
 .debug_str     0x00001684       0x69 dbg/mini_cpp.o
                                0x10b (size before relaxing)
 .debug_str     0x000016ed      0x1b0 D:\qp\qpcpp/ports/arm-cortex/qk/gnu/dbg\libqp_cortex-m3_cs.a(qhsm_ini.o)
                                0x42b (size before relaxing)
 .debug_str     0x0000189d       0x24 D:\qp\qpcpp/ports/arm-cortex/qk/gnu/dbg\libqp_cortex-m3_cs.a(qhsm_top.o)
                                0x1dd (size before relaxing)
 .debug_str     0x000018c1      0x175 D:\qp\qpcpp/ports/arm-cortex/qk/gnu/dbg\libqp_cortex-m3_cs.a(qa_fifo.o)
                                0x7ab (size before relaxing)
 .debug_str     0x00001a36       0x74 D:\qp\qpcpp/ports/arm-cortex/qk/gnu/dbg\libqp_cortex-m3_cs.a(qa_sub.o)
                                0x6d5 (size before relaxing)
 .debug_str     0x00001aaa       0xda D:\qp\qpcpp/ports/arm-cortex/qk/gnu/dbg\libqp_cortex-m3_cs.a(qf_act.o)
                                0x723 (size before relaxing)
 .debug_str     0x00001b84      0x116 D:\qp\qpcpp/ports/arm-cortex/qk/gnu/dbg\libqp_cortex-m3_cs.a(qf_new.o)
                                0x784 (size before relaxing)
 .debug_str     0x00001c9a       0x3b D:\qp\qpcpp/ports/arm-cortex/qk/gnu/dbg\libqp_cortex-m3_cs.a(qf_pool.o)
                                0x798 (size before relaxing)
 .debug_str     0x00001cd5       0x2d D:\qp\qpcpp/ports/arm-cortex/qk/gnu/dbg\libqp_cortex-m3_cs.a(qf_psini.o)
                                0x6e7 (size before relaxing)
 .debug_str     0x00001d02       0x45 D:\qp\qpcpp/ports/arm-cortex/qk/gnu/dbg\libqp_cortex-m3_cs.a(qf_pspub.o)
                                0x737 (size before relaxing)
 .debug_str     0x00001d47       0x22 D:\qp\qpcpp/ports/arm-cortex/qk/gnu/dbg\libqp_cortex-m3_cs.a(qf_pwr2.o)
                                0x647 (size before relaxing)
 .debug_str     0x00001d69       0x74 D:\qp\qpcpp/ports/arm-cortex/qk/gnu/dbg\libqp_cortex-m3_cs.a(qf_tick.o)
                                0x6d3 (size before relaxing)
 .debug_str     0x00001ddd       0x6c D:\qp\qpcpp/ports/arm-cortex/qk/gnu/dbg\libqp_cortex-m3_cs.a(qmp_get.o)
                                0x7a0 (size before relaxing)
 .debug_str     0x00001e49       0x3e D:\qp\qpcpp/ports/arm-cortex/qk/gnu/dbg\libqp_cortex-m3_cs.a(qmp_init.o)
                                0x75d (size before relaxing)
 .debug_str     0x00001e87       0x40 D:\qp\qpcpp/ports/arm-cortex/qk/gnu/dbg\libqp_cortex-m3_cs.a(qte_ctor.o)
                                0x68e (size before relaxing)
 .debug_str     0x00001ec7       0x59 D:\qp\qpcpp/ports/arm-cortex/qk/gnu/dbg\libqp_cortex-m3_cs.a(qte_arm.o)
                                0x6f3 (size before relaxing)
 .debug_str     0x00001f20       0x2c D:\qp\qpcpp/ports/arm-cortex/qk/gnu/dbg\libqp_cortex-m3_cs.a(qte_darm.o)
                                0x656 (size before relaxing)
 .debug_str     0x00001f4c       0x7f D:\qp\qpcpp/ports/arm-cortex/qk/gnu/dbg\libqp_cortex-m3_cs.a(qk.o)
                                0x780 (size before relaxing)
 .debug_str     0x00001fcb       0x33 D:\qp\qpcpp/ports/arm-cortex/qk/gnu/dbg\libqp_cortex-m3_cs.a(qk_sched.o)
                                0x659 (size before relaxing)
 .debug_str     0x00001ffe       0x81 D:\qp\qpcpp/ports/arm-cortex/qk/gnu/dbg\libqp_cortex-m3_cs.a(qk_mutex.o)
                                0x260 (size before relaxing)
 .debug_str     0x0000207f       0x38 D:\qp\qpcpp/ports/arm-cortex/qk/gnu/dbg\libqp_cortex-m3_cs.a(qep.o)
                                0x214 (size before relaxing)
 .debug_str     0x000020b7       0x2d D:\qp\qpcpp/ports/arm-cortex/qk/gnu/dbg\libqp_cortex-m3_cs.a(qhsm_dis.o)
                                0x297 (size before relaxing)
 .debug_str     0x000020e4       0x55 D:\qp\qpcpp/ports/arm-cortex/qk/gnu/dbg\libqp_cortex-m3_cs.a(qa_get_.o)
                                0x79a (size before relaxing)
 .debug_str     0x00002139       0x23 D:\qp\qpcpp/ports/arm-cortex/qk/gnu/dbg\libqp_cortex-m3_cs.a(qeq_init.o)
                                0x657 (size before relaxing)
 .debug_str     0x0000215c       0x36 D:\qp\qpcpp/ports/arm-cortex/qk/gnu/dbg\libqp_cortex-m3_cs.a(qf_gc.o)
                                0x7a2 (size before relaxing)
 .debug_str     0x00002192       0x2a D:\qp\qpcpp/ports/arm-cortex/qk/gnu/dbg\libqp_cortex-m3_cs.a(qmp_put.o)
                                0x72e (size before relaxing)

.comment        0x00000000       0x2b
 .comment       0x00000000       0x2b dbg/display96x16x1.o
                                 0x2c (size before relaxing)
 .comment       0x00000000       0x2c dbg/startup_lm3s.o
 .comment       0x00000000       0x2c dbg/system_lm3s.o
 .comment       0x00000000       0x2c dbg/main.o
 .comment       0x00000000       0x2c dbg/table.o
 .comment       0x00000000       0x2c dbg/philo.o
 .comment       0x00000000       0x2c dbg/bsp.o
 .comment       0x00000000       0x2c dbg/no_heap.o
 .comment       0x00000000       0x2c dbg/mini_cpp.o
 .comment       0x00000000       0x2c D:\qp\qpcpp/ports/arm-cortex/qk/gnu/dbg\libqp_cortex-m3_cs.a(qhsm_ini.o)
 .comment       0x00000000       0x2c D:\qp\qpcpp/ports/arm-cortex/qk/gnu/dbg\libqp_cortex-m3_cs.a(qhsm_top.o)
 .comment       0x00000000       0x2c D:\qp\qpcpp/ports/arm-cortex/qk/gnu/dbg\libqp_cortex-m3_cs.a(qa_fifo.o)
 .comment       0x00000000       0x2c D:\qp\qpcpp/ports/arm-cortex/qk/gnu/dbg\libqp_cortex-m3_cs.a(qa_sub.o)
 .comment       0x00000000       0x2c D:\qp\qpcpp/ports/arm-cortex/qk/gnu/dbg\libqp_cortex-m3_cs.a(qf_act.o)
 .comment       0x00000000       0x2c D:\qp\qpcpp/ports/arm-cortex/qk/gnu/dbg\libqp_cortex-m3_cs.a(qf_new.o)
 .comment       0x00000000       0x2c D:\qp\qpcpp/ports/arm-cortex/qk/gnu/dbg\libqp_cortex-m3_cs.a(qf_pool.o)
 .comment       0x00000000       0x2c D:\qp\qpcpp/ports/arm-cortex/qk/gnu/dbg\libqp_cortex-m3_cs.a(qf_psini.o)
 .comment       0x00000000       0x2c D:\qp\qpcpp/ports/arm-cortex/qk/gnu/dbg\libqp_cortex-m3_cs.a(qf_pspub.o)
 .comment       0x00000000       0x2c D:\qp\qpcpp/ports/arm-cortex/qk/gnu/dbg\libqp_cortex-m3_cs.a(qf_pwr2.o)
 .comment       0x00000000       0x2c D:\qp\qpcpp/ports/arm-cortex/qk/gnu/dbg\libqp_cortex-m3_cs.a(qf_tick.o)
 .comment       0x00000000       0x2c D:\qp\qpcpp/ports/arm-cortex/qk/gnu/dbg\libqp_cortex-m3_cs.a(qmp_get.o)
 .comment       0x00000000       0x2c D:\qp\qpcpp/ports/arm-cortex/qk/gnu/dbg\libqp_cortex-m3_cs.a(qmp_init.o)
 .comment       0x00000000       0x2c D:\qp\qpcpp/ports/arm-cortex/qk/gnu/dbg\libqp_cortex-m3_cs.a(qte_ctor.o)
 .comment       0x00000000       0x2c D:\qp\qpcpp/ports/arm-cortex/qk/gnu/dbg\libqp_cortex-m3_cs.a(qte_arm.o)
 .comment       0x00000000       0x2c D:\qp\qpcpp/ports/arm-cortex/qk/gnu/dbg\libqp_cortex-m3_cs.a(qte_darm.o)
 .comment       0x00000000       0x2c D:\qp\qpcpp/ports/arm-cortex/qk/gnu/dbg\libqp_cortex-m3_cs.a(qk.o)
 .comment       0x00000000       0x2c D:\qp\qpcpp/ports/arm-cortex/qk/gnu/dbg\libqp_cortex-m3_cs.a(qk_sched.o)
 .comment       0x00000000       0x2c D:\qp\qpcpp/ports/arm-cortex/qk/gnu/dbg\libqp_cortex-m3_cs.a(qk_mutex.o)
 .comment       0x00000000       0x2c D:\qp\qpcpp/ports/arm-cortex/qk/gnu/dbg\libqp_cortex-m3_cs.a(qep.o)
 .comment       0x00000000       0x2c D:\qp\qpcpp/ports/arm-cortex/qk/gnu/dbg\libqp_cortex-m3_cs.a(qhsm_dis.o)
 .comment       0x00000000       0x2c D:\qp\qpcpp/ports/arm-cortex/qk/gnu/dbg\libqp_cortex-m3_cs.a(qa_get_.o)
 .comment       0x00000000       0x2c D:\qp\qpcpp/ports/arm-cortex/qk/gnu/dbg\libqp_cortex-m3_cs.a(qeq_init.o)
 .comment       0x00000000       0x2c D:\qp\qpcpp/ports/arm-cortex/qk/gnu/dbg\libqp_cortex-m3_cs.a(qf_gc.o)
 .comment       0x00000000       0x2c D:\qp\qpcpp/ports/arm-cortex/qk/gnu/dbg\libqp_cortex-m3_cs.a(qmp_put.o)

.ARM.attributes
                0x00000000       0x31
 .ARM.attributes
                0x00000000       0x33 dbg/display96x16x1.o
 .ARM.attributes
                0x00000033       0x33 dbg/startup_lm3s.o
 .ARM.attributes
                0x00000066       0x33 dbg/system_lm3s.o
 .ARM.attributes
                0x00000099       0x33 dbg/main.o
 .ARM.attributes
                0x000000cc       0x33 dbg/table.o
 .ARM.attributes
                0x000000ff       0x33 dbg/philo.o
 .ARM.attributes
                0x00000132       0x33 dbg/bsp.o
 .ARM.attributes
                0x00000165       0x33 dbg/no_heap.o
 .ARM.attributes
                0x00000198       0x33 dbg/mini_cpp.o
 .ARM.attributes
                0x000001cb       0x33 D:\qp\qpcpp/ports/arm-cortex/qk/gnu/dbg\libqp_cortex-m3_cs.a(qhsm_ini.o)
 .ARM.attributes
                0x000001fe       0x33 D:\qp\qpcpp/ports/arm-cortex/qk/gnu/dbg\libqp_cortex-m3_cs.a(qhsm_top.o)
 .ARM.attributes
                0x00000231       0x33 D:\qp\qpcpp/ports/arm-cortex/qk/gnu/dbg\libqp_cortex-m3_cs.a(qa_fifo.o)
 .ARM.attributes
                0x00000264       0x33 D:\qp\qpcpp/ports/arm-cortex/qk/gnu/dbg\libqp_cortex-m3_cs.a(qa_sub.o)
 .ARM.attributes
                0x00000297       0x33 D:\qp\qpcpp/ports/arm-cortex/qk/gnu/dbg\libqp_cortex-m3_cs.a(qf_act.o)
 .ARM.attributes
                0x000002ca       0x33 D:\qp\qpcpp/ports/arm-cortex/qk/gnu/dbg\libqp_cortex-m3_cs.a(qf_new.o)
 .ARM.attributes
                0x000002fd       0x33 D:\qp\qpcpp/ports/arm-cortex/qk/gnu/dbg\libqp_cortex-m3_cs.a(qf_pool.o)
 .ARM.attributes
                0x00000330       0x33 D:\qp\qpcpp/ports/arm-cortex/qk/gnu/dbg\libqp_cortex-m3_cs.a(qf_psini.o)
 .ARM.attributes
                0x00000363       0x33 D:\qp\qpcpp/ports/arm-cortex/qk/gnu/dbg\libqp_cortex-m3_cs.a(qf_pspub.o)
 .ARM.attributes
                0x00000396       0x33 D:\qp\qpcpp/ports/arm-cortex/qk/gnu/dbg\libqp_cortex-m3_cs.a(qf_pwr2.o)
 .ARM.attributes
                0x000003c9       0x33 D:\qp\qpcpp/ports/arm-cortex/qk/gnu/dbg\libqp_cortex-m3_cs.a(qf_tick.o)
 .ARM.attributes
                0x000003fc       0x33 D:\qp\qpcpp/ports/arm-cortex/qk/gnu/dbg\libqp_cortex-m3_cs.a(qmp_get.o)
 .ARM.attributes
                0x0000042f       0x33 D:\qp\qpcpp/ports/arm-cortex/qk/gnu/dbg\libqp_cortex-m3_cs.a(qmp_init.o)
 .ARM.attributes
                0x00000462       0x33 D:\qp\qpcpp/ports/arm-cortex/qk/gnu/dbg\libqp_cortex-m3_cs.a(qte_ctor.o)
 .ARM.attributes
                0x00000495       0x33 D:\qp\qpcpp/ports/arm-cortex/qk/gnu/dbg\libqp_cortex-m3_cs.a(qte_arm.o)
 .ARM.attributes
                0x000004c8       0x33 D:\qp\qpcpp/ports/arm-cortex/qk/gnu/dbg\libqp_cortex-m3_cs.a(qte_darm.o)
 .ARM.attributes
                0x000004fb       0x33 D:\qp\qpcpp/ports/arm-cortex/qk/gnu/dbg\libqp_cortex-m3_cs.a(qk.o)
 .ARM.attributes
                0x0000052e       0x33 D:\qp\qpcpp/ports/arm-cortex/qk/gnu/dbg\libqp_cortex-m3_cs.a(qk_sched.o)
 .ARM.attributes
                0x00000561       0x33 D:\qp\qpcpp/ports/arm-cortex/qk/gnu/dbg\libqp_cortex-m3_cs.a(qk_mutex.o)
 .ARM.attributes
                0x00000594       0x21 D:\qp\qpcpp/ports/arm-cortex/qk/gnu/dbg\libqp_cortex-m3_cs.a(qk_port.o)
 .ARM.attributes
                0x000005b5       0x33 D:\qp\qpcpp/ports/arm-cortex/qk/gnu/dbg\libqp_cortex-m3_cs.a(qep.o)
 .ARM.attributes
                0x000005e8       0x33 D:\qp\qpcpp/ports/arm-cortex/qk/gnu/dbg\libqp_cortex-m3_cs.a(qhsm_dis.o)
 .ARM.attributes
                0x0000061b       0x33 D:\qp\qpcpp/ports/arm-cortex/qk/gnu/dbg\libqp_cortex-m3_cs.a(qa_get_.o)
 .ARM.attributes
                0x0000064e       0x33 D:\qp\qpcpp/ports/arm-cortex/qk/gnu/dbg\libqp_cortex-m3_cs.a(qeq_init.o)
 .ARM.attributes
                0x00000681       0x33 D:\qp\qpcpp/ports/arm-cortex/qk/gnu/dbg\libqp_cortex-m3_cs.a(qf_gc.o)
 .ARM.attributes
                0x000006b4       0x33 D:\qp\qpcpp/ports/arm-cortex/qk/gnu/dbg\libqp_cortex-m3_cs.a(qmp_put.o)

.debug_frame    0x00000000      0xb68
 .debug_frame   0x00000000      0x14c dbg/display96x16x1.o
 .debug_frame   0x0000014c       0x5c dbg/startup_lm3s.o
 .debug_frame   0x000001a8       0x2c dbg/system_lm3s.o
 .debug_frame   0x000001d4       0x34 dbg/main.o
 .debug_frame   0x00000208      0x114 dbg/table.o
 .debug_frame   0x0000031c      0x128 dbg/philo.o
 .debug_frame   0x00000444      0x114 dbg/bsp.o
 .debug_frame   0x00000558       0x58 dbg/no_heap.o
 .debug_frame   0x000005b0       0x70 dbg/mini_cpp.o
 .debug_frame   0x00000620       0x60 D:\qp\qpcpp/ports/arm-cortex/qk/gnu/dbg\libqp_cortex-m3_cs.a(qhsm_ini.o)
 .debug_frame   0x00000680       0x20 D:\qp\qpcpp/ports/arm-cortex/qk/gnu/dbg\libqp_cortex-m3_cs.a(qhsm_top.o)
 .debug_frame   0x000006a0       0x2c D:\qp\qpcpp/ports/arm-cortex/qk/gnu/dbg\libqp_cortex-m3_cs.a(qa_fifo.o)
 .debug_frame   0x000006cc       0x2c D:\qp\qpcpp/ports/arm-cortex/qk/gnu/dbg\libqp_cortex-m3_cs.a(qa_sub.o)
 .debug_frame   0x000006f8       0x54 D:\qp\qpcpp/ports/arm-cortex/qk/gnu/dbg\libqp_cortex-m3_cs.a(qf_act.o)
 .debug_frame   0x0000074c       0x34 D:\qp\qpcpp/ports/arm-cortex/qk/gnu/dbg\libqp_cortex-m3_cs.a(qf_new.o)
 .debug_frame   0x00000780       0x30 D:\qp\qpcpp/ports/arm-cortex/qk/gnu/dbg\libqp_cortex-m3_cs.a(qf_pool.o)
 .debug_frame   0x000007b0       0x20 D:\qp\qpcpp/ports/arm-cortex/qk/gnu/dbg\libqp_cortex-m3_cs.a(qf_psini.o)
 .debug_frame   0x000007d0       0x38 D:\qp\qpcpp/ports/arm-cortex/qk/gnu/dbg\libqp_cortex-m3_cs.a(qf_pspub.o)
 .debug_frame   0x00000808       0x34 D:\qp\qpcpp/ports/arm-cortex/qk/gnu/dbg\libqp_cortex-m3_cs.a(qf_tick.o)
 .debug_frame   0x0000083c       0x44 D:\qp\qpcpp/ports/arm-cortex/qk/gnu/dbg\libqp_cortex-m3_cs.a(qmp_get.o)
 .debug_frame   0x00000880       0x30 D:\qp\qpcpp/ports/arm-cortex/qk/gnu/dbg\libqp_cortex-m3_cs.a(qmp_init.o)
 .debug_frame   0x000008b0       0x2c D:\qp\qpcpp/ports/arm-cortex/qk/gnu/dbg\libqp_cortex-m3_cs.a(qte_ctor.o)
 .debug_frame   0x000008dc       0x3c D:\qp\qpcpp/ports/arm-cortex/qk/gnu/dbg\libqp_cortex-m3_cs.a(qte_arm.o)
 .debug_frame   0x00000918       0x20 D:\qp\qpcpp/ports/arm-cortex/qk/gnu/dbg\libqp_cortex-m3_cs.a(qte_darm.o)
 .debug_frame   0x00000938       0xa0 D:\qp\qpcpp/ports/arm-cortex/qk/gnu/dbg\libqp_cortex-m3_cs.a(qk.o)
 .debug_frame   0x000009d8       0x44 D:\qp\qpcpp/ports/arm-cortex/qk/gnu/dbg\libqp_cortex-m3_cs.a(qk_sched.o)
 .debug_frame   0x00000a1c       0x38 D:\qp\qpcpp/ports/arm-cortex/qk/gnu/dbg\libqp_cortex-m3_cs.a(qk_mutex.o)
 .debug_frame   0x00000a54       0x20 D:\qp\qpcpp/ports/arm-cortex/qk/gnu/dbg\libqp_cortex-m3_cs.a(qep.o)
 .debug_frame   0x00000a74       0x38 D:\qp\qpcpp/ports/arm-cortex/qk/gnu/dbg\libqp_cortex-m3_cs.a(qhsm_dis.o)
 .debug_frame   0x00000aac       0x44 D:\qp\qpcpp/ports/arm-cortex/qk/gnu/dbg\libqp_cortex-m3_cs.a(qa_get_.o)
 .debug_frame   0x00000af0       0x20 D:\qp\qpcpp/ports/arm-cortex/qk/gnu/dbg\libqp_cortex-m3_cs.a(qeq_init.o)
 .debug_frame   0x00000b10       0x2c D:\qp\qpcpp/ports/arm-cortex/qk/gnu/dbg\libqp_cortex-m3_cs.a(qf_gc.o)
 .debug_frame   0x00000b3c       0x2c D:\qp\qpcpp/ports/arm-cortex/qk/gnu/dbg\libqp_cortex-m3_cs.a(qmp_put.o)

.debug_ranges   0x00000000      0x248
 .debug_ranges  0x00000000       0xc8 dbg/table.o
 .debug_ranges  0x000000c8       0x90 dbg/philo.o
 .debug_ranges  0x00000158       0x20 D:\qp\qpcpp/ports/arm-cortex/qk/gnu/dbg\libqp_cortex-m3_cs.a(qhsm_ini.o)
 .debug_ranges  0x00000178       0x18 D:\qp\qpcpp/ports/arm-cortex/qk/gnu/dbg\libqp_cortex-m3_cs.a(qf_pspub.o)
 .debug_ranges  0x00000190       0x78 D:\qp\qpcpp/ports/arm-cortex/qk/gnu/dbg\libqp_cortex-m3_cs.a(qk_sched.o)
 .debug_ranges  0x00000208       0x28 D:\qp\qpcpp/ports/arm-cortex/qk/gnu/dbg\libqp_cortex-m3_cs.a(qk_port.o)
 .debug_ranges  0x00000230       0x18 D:\qp\qpcpp/ports/arm-cortex/qk/gnu/dbg\libqp_cortex-m3_cs.a(qhsm_dis.o)
