###############################################################################
#                                                                             #
# IAR ELF Linker V6.50.2.4510/W32 for ARM               11/Feb/2013  22:51:16 #
# Copyright 2007-2012 IAR Systems AB.                                         #
#                                                                             #
#    Output file  =  D:\qp\qpcpp\examples\arm-cortex\vanilla\iar\game-ev-lm3s #
#                    811\dbg\game.out                                         #
#    Map file     =  D:\qp\qpcpp\examples\arm-cortex\vanilla\iar\game-ev-lm3s #
#                    811\dbg\game.map                                         #
#    Command line =  D:\qp\qpcpp\examples\arm-cortex\vanilla\iar\game-ev-lm3s #
#                    811\dbg\bsp.o D:\qp\qpcpp\examples\arm-cortex\vanilla\ia #
#                    r\game-ev-lm3s811\dbg\display96x16x1.o                   #
#                    D:\qp\qpcpp\examples\arm-cortex\vanilla\iar\game-ev-lm3s #
#                    811\dbg\main.o D:\qp\qpcpp\examples\arm-cortex\vanilla\i #
#                    ar\game-ev-lm3s811\dbg\mine1.o                           #
#                    D:\qp\qpcpp\examples\arm-cortex\vanilla\iar\game-ev-lm3s #
#                    811\dbg\mine2.o D:\qp\qpcpp\examples\arm-cortex\vanilla\ #
#                    iar\game-ev-lm3s811\dbg\missile.o                        #
#                    D:\qp\qpcpp\examples\arm-cortex\vanilla\iar\game-ev-lm3s #
#                    811\dbg\ship.o D:\qp\qpcpp\examples\arm-cortex\vanilla\i #
#                    ar\game-ev-lm3s811\dbg\startup_ewarm.o                   #
#                    D:\qp\qpcpp\examples\arm-cortex\vanilla\iar\game-ev-lm3s #
#                    811\dbg\system_lm3s.o D:\qp\qpcpp\examples\arm-cortex\va #
#                    nilla\iar\game-ev-lm3s811\dbg\tunnel.o --redirect        #
#                    _Printf=_PrintfTiny --redirect _Scanf=_ScanfSmall -o     #
#                    D:\qp\qpcpp\examples\arm-cortex\vanilla\iar\game-ev-lm3s #
#                    811\dbg\game.out --map D:\qp\qpcpp\examples\arm-cortex\v #
#                    anilla\iar\game-ev-lm3s811\dbg\game.map --config         #
#                    D:\qp\qpcpp\examples\arm-cortex\vanilla\iar\game-ev-lm3s #
#                    811\lm3s811.icf --semihosting                            #
#                    D:\qp\qpcpp\ports\arm-cortex\vanilla\iar\dbg\libqp_corte #
#                    x-m3.a --entry __iar_program_start --vfe                 #
#                                                                             #
#                                                                             #
###############################################################################

*******************************************************************************
*** RUNTIME MODEL ATTRIBUTES
***

CppFlavor                     = *
__CPP_Language                = EC++
__Heap_Handler                = Basic
__SystemLibrary               = DLib
__dlib_dynamic_initialization = normal


*******************************************************************************
*** PLACEMENT SUMMARY
***

"A1":  place at start of [0x00000000-0x0000ffff] { ro section .intvec };
"P1":  place in [from 0x00000000 to 0x0000ffff] { ro };
"P2":  place in [from 0x20000000 to 0x20001fff] { rw, block HEAP };

  Section             Kind        Address    Size  Object
  -------             ----        -------    ----  ------
"A1":                                        0xf0
  .intvec             const    0x00000000    0xf0  startup_ewarm.o [1]
                             - 0x000000f0    0xf0

"P1":                                      0x36dc
  .text               ro code  0x000000f0   0xbbc  tunnel.o [1]
  .text               ro code  0x00000cac    0x50  cxxabi.o [4]
  .text               ro code  0x00000cfc     0xc  tunnel.o [1]
  .text               ro code  0x00000d08    0x38  qte_ctor.o [5]
  .text               ro code  0x00000d40   0x30c  mine1.o [1]
  .text               ro code  0x0000104c   0x30c  mine2.o [1]
  .text               ro code  0x00001358    0x16  tunnel.o [1]
  .text               ro code  0x0000136e    0x16  tunnel.o [1]
  .text               ro code  0x00001384   0x1a4  qhsm_dis.o [5]
  .text               ro code  0x00001528   0x388  bsp.o [1]
  .text               ro code  0x000018b0    0xb0  qhsm_ini.o [5]
  .text               ro code  0x00001960    0x64  qa_sub.o [5]
  .text               ro code  0x000019c4     0x8  tunnel.o [1]
  .text               ro code  0x000019cc     0x4  tunnel.o [1]
  .text               ro code  0x000019d0     0x8  tunnel.o [1]
  .text               ro code  0x000019d8    0x16  tunnel.o [1]
  .text               ro code  0x000019ee    0x18  tunnel.o [1]
  .text               ro code  0x00001a06    0x1a  tunnel.o [1]
  .text               ro code  0x00001a20    0x12  qte_darm.o [5]
  .text               ro code  0x00001a32    0x22  zero_init3.o [6]
  .text               ro code  0x00001a54    0x88  qa_fifo.o [5]
  .text               ro code  0x00001adc    0xb0  qvanilla.o [5]
  .text               ro code  0x00001b8c    0x98  cppinit.o [3]
  .text               ro code  0x00001c24    0x1c  tunnel.o [1]
  .text               ro code  0x00001c40     0xc  tunnel.o [1]
  .text               ro code  0x00001c4c    0x60  qf_new.o [5]
  .text               ro code  0x00001cac     0xa  mine2.o [1]
  .text               ro code  0x00001cb6     0x4  mine2.o [1]
  .text               ro code  0x00001cba     0xa  mine2.o [1]
  .text               ro code  0x00001cc4    0x78  ABImemmove.o [6]
  .text               ro code  0x00001d3c    0x76  ABImemcpy.o [6]
  .text               ro code  0x00001db4    0x7c  qf_tick.o [5]
  .text               ro code  0x00001e30    0xa0  qf_pspub.o [5]
  .text               ro code  0x00001ed0   0x2a0  system_lm3s.o [1]
  .text               ro code  0x00002170   0x54c  display96x16x1.o [1]
  .text               ro code  0x000026bc    0x66  ABImemset.o [6]
  .text               ro code  0x00002724    0x4c  qte_arm.o [5]
  .text               ro code  0x00002770    0x74  qa_get_.o [5]
  .text               ro code  0x000027e4    0x58  qf_gc.o [5]
  .text               ro code  0x0000283c    0x12  qeq_init.o [5]
  .text               ro code  0x00002850    0x34  qf_act.o [5]
  .text               ro code  0x00002884    0x14  tunnel.o [1]
  .text               ro code  0x00002898    0x3c  qmp_get.o [5]
  .text               ro code  0x000028d4     0x8  qf_tick.o [5]
  .text               ro code  0x000028dc    0x48  qmp_put.o [5]
  .text               ro code  0x00002924   0x27c  ship.o [1]
  .rodata             const    0x00002ba0   0x1dc  display96x16x1.o [1]
  .text               ro code  0x00002d7c   0x1b0  missile.o [1]
  .rodata             const    0x00002f2c   0x100  qf_log2.o [5]
  .rodata             const    0x0000302c    0xcc  qf_pwr2.o [5]
  .text               ro code  0x000030f8    0xa0  main.o [1]
  .text               ro code  0x00003198    0x60  qf_pool.o [5]
  .text               ro code  0x000031f8     0xc  qf_psini.o [5]
  .text               ro code  0x00003204    0x88  qmp_init.o [5]
  .rodata             const    0x0000328c    0x74  display96x16x1.o [1]
  .rodata             const    0x00003300    0x5c  system_lm3s.o [1]
  .rodata             const    0x0000335c    0x50  display96x16x1.o [1]
  .rodata             const    0x000033ac    0x50  tunnel.o [1]
  .rodata             const    0x000033fc    0x48  mine1.o [1]
  .rodata             const    0x00003444    0x48  mine2.o [1]
  .rodata             const    0x0000348c    0x48  tunnel.o [1]
  .rodata             const    0x000034d4    0x44  bsp.o [1]
  .rodata             const    0x00003518    0x38  tunnel.o [1]
  .text               ro code  0x00003550    0x28  data_init.o [6]
  .iar.init_table     const    0x00003578    0x14  - Linker created -
  .text               ro code  0x0000358c    0x20  startup_ewarm.o [1]
  .text               ro code  0x000035ac    0x20  cmain_call_ctors.o [6]
  .text               ro code  0x000035cc    0x16  cmain.o [6]
  .text               ro code  0x000035e2     0x4  low_level_init.o [3]
  .text               ro code  0x000035e6     0x4  exit.o [3]
  .text               ro code  0x000035ec     0xe  cexit.o [6]
  .text               ro code  0x000035fc    0x14  exit.o [7]
  .rodata             const    0x00003610    0x14  startup_ewarm.o [1]
  SHT$$PREINIT_ARRAY           0x00003624     0x0  <Block>
  SHT$$INIT_ARRAY              0x00003624    0x14  <Block>
    .init_array       const    0x00003624     0x4  mine1.o [1]
    .init_array       const    0x00003628     0x4  mine2.o [1]
    .init_array       const    0x0000362c     0x4  missile.o [1]
    .init_array       const    0x00003630     0x4  ship.o [1]
    .init_array       const    0x00003634     0x4  tunnel.o [1]
  .rodata             const    0x00003638    0x10  mine1.o [1]
  .rodata             const    0x00003648    0x10  mine2.o [1]
  .rodata             const    0x00003658    0x10  missile.o [1]
  .rodata             const    0x00003668    0x10  ship.o [1]
  .rodata             const    0x00003678    0x10  tunnel.o [1]
  .rodata             const    0x00003688    0x10  tunnel.o [1]
  .rodata             const    0x00003698    0x10  qhsm_ini.o [5]
  .rodata             const    0x000036a8    0x10  qep.o [5]
  .text               ro code  0x000036b8     0xe  mine1.o [1]
  .text               ro code  0x000036c6     0xe  mine2.o [1]
  .text               ro code  0x000036d4     0xe  missile.o [1]
  .text               ro code  0x000036e2     0xc  tunnel.o [1]
  .text               ro code  0x000036ee     0xe  tunnel.o [1]
  .text               ro code  0x000036fc     0xe  ship.o [1]
  .text               ro code  0x0000370a     0xe  tunnel.o [1]
  .rodata             const    0x00003718     0xc  startup_ewarm.o [1]
  .rodata             const    0x00003724     0xc  tunnel.o [1]
  .rodata             const    0x00003730     0xc  tunnel.o [1]
  .text               ro code  0x0000373c     0xc  cstartup_M.o [6]
  .rodata             const    0x00003748     0x8  display96x16x1.o [1]
  .rodata             const    0x00003750     0x8  display96x16x1.o [1]
  .rodata             const    0x00003758     0x8  display96x16x1.o [1]
  .rodata             const    0x00003760     0x8  display96x16x1.o [1]
  .rodata             const    0x00003768     0x8  tunnel.o [1]
  .rodata             const    0x00003770     0x8  tunnel.o [1]
  .rodata             const    0x00003778     0x8  tunnel.o [1]
  .rodata             const    0x00003780     0x8  tunnel.o [1]
  .rodata             const    0x00003788     0x8  tunnel.o [1]
  .rodata             const    0x00003790     0x8  tunnel.o [1]
  .rodata             const    0x00003798     0x4  bsp.o [1]
  .rodata             const    0x0000379c     0x4  bsp.o [1]
  .rodata             const    0x000037a0     0x4  missile.o [1]
  .rodata             const    0x000037a4     0x4  ship.o [1]
  .rodata             const    0x000037a8     0x4  tunnel.o [1]
  .rodata             const    0x000037ac     0x4  tunnel.o [1]
  .rodata             const    0x000037b0     0x4  tunnel.o [1]
  .rodata             const    0x000037b4     0x4  tunnel.o [1]
  .rodata             const    0x000037b8     0x4  tunnel.o [1]
  .rodata             const    0x000037bc     0x4  tunnel.o [1]
  .rodata             const    0x000037c0     0x4  tunnel.o [1]
  .rodata             const    0x000037c4     0x4  tunnel.o [1]
  .text               ro code  0x000037c8     0x4  qhsm_top.o [5]
  .text               ro code  0x000037cc     0x0  cstart_call_dtors.o [6]
  .rodata             const    0x000037cc     0x0  zero_init3.o [6]
                             - 0x000037cc  0x36dc

"P2", part 1 of 2:                          0x570
  .bss                zero     0x20000000    0xc0  tunnel.o [1]
  .bss                zero     0x200000c0    0xc0  tunnel.o [1]
  .bss                zero     0x20000180    0xa0  main.o [1]
  .bss                zero     0x20000220    0x84  tunnel.o [1]
  .bss                zero     0x200002a4    0x84  qf_act.o [5]
  .bss                zero     0x20000328    0x7c  qf_pool.o [5]
  .bss                zero     0x200003a4    0x50  mine1.o [1]
  .bss                zero     0x200003f4    0x50  mine2.o [1]
  .bss                zero     0x20000444    0x28  main.o [1]
  .bss                zero     0x2000046c    0x28  main.o [1]
  .bss                zero     0x20000494    0x24  ship.o [1]
  .bss                zero     0x200004b8    0x20  main.o [1]
  .bss                zero     0x200004d8    0x20  missile.o [1]
  .bss                zero     0x200004f8     0xd  qvanilla.o [5]
  .bss                zero     0x20000505     0x1  bsp.o [1]
  .bss                zero     0x20000506     0x1  display96x16x1.o [1]
  .bss                zero     0x20000507     0x1  display96x16x1.o [1]
  .bss                zero     0x20000508     0xc  main.o [1]
  .bss                zero     0x20000514     0x8  main.o [1]
  .bss                zero     0x2000051c     0x8  mine1.o [1]
  .bss                zero     0x20000524     0x8  mine1.o [1]
  .bss                zero     0x2000052c     0x8  mine2.o [1]
  .bss                zero     0x20000534     0x8  mine2.o [1]
  .bss                zero     0x2000053c     0x8  qf_psini.o [5]
  .bss                zero     0x20000544     0x4  bsp.o [1]
  .bss                zero     0x20000548     0x4  bsp.o [1]
  .bss                zero     0x2000054c     0x4  bsp.o [1]
  .bss                zero     0x20000550     0x4  display96x16x1.o [1]
  .bss                zero     0x20000554     0x4  system_lm3s.o [1]
  .bss                zero     0x20000558     0x4  tunnel.o [1]
  .bss                zero     0x2000055c     0x4  qte_arm.o [5]
  .bss                zero     0x20000560     0x4  cppinit.o [3]
  .bss                zero     0x20000564     0x4  cppinit.o [3]
  .bss                zero     0x20000568     0x1  mine1.o [1]
  .bss                zero     0x20000569     0x1  mine1.o [1]
  .bss                zero     0x2000056a     0x1  mine1.o [1]
  .bss                zero     0x2000056b     0x1  mine2.o [1]
  .bss                zero     0x2000056c     0x1  mine2.o [1]
  .bss                zero     0x2000056d     0x1  mine2.o [1]
                             - 0x2000056e   0x56e

"P2", part 2 of 2:                          0x414
  .noinit             uninit   0x20000570   0x258  startup_ewarm.o [1]
  .iar.dynexit                 0x200007c8   0x1bc  <Block>
    .iar.dynexit      uninit   0x200007c8     0xc  cppinit.o [3]
    .iar.dynexit      uninit   0x200007d4   0x1b0  <Block tail>
                             - 0x20000984   0x414


*******************************************************************************
*** INIT TABLE
***

          Address     Size
          -------     ----
Zero (__iar_zero_init3)
    1 destination range, total size 0x56e:
          0x20000000  0x56e

Extra (__iar_cstart_call_ctors)



*******************************************************************************
*** MODULE SUMMARY
***

    Module               ro code  ro data  rw data
    ------               -------  -------  -------
D:\qp\qpcpp\examples\arm-cortex\vanilla\iar\game-ev-lm3s811\dbg: [1]
    bsp.o                    904       76       13
    display96x16x1.o       1 356      704        6
    main.o                   160               292
    mine1.o                  794       92       99
    mine2.o                  818       92       99
    missile.o                446       24       32
    ship.o                   650       24       36
    startup_ewarm.o           32      272      600
    system_lm3s.o            672       92        4
    tunnel.o               3 252      348      520
    ----------------------------------------------
    Total:                 9 084    1 724    1 701

command line: [2]
    ----------------------------------------------
    Total:

dl7M_tln.a: [3]
    cppinit.o                152                20
    exit.o                     4
    low_level_init.o           4
    ----------------------------------------------
    Total:                   160                20

dlpp7M_tl_ne.a: [4]
    cxxabi.o                  80
    ----------------------------------------------
    Total:                    80

libqp_cortex-m3.a: [5]
    qa_fifo.o                136
    qa_get_.o                116
    qa_sub.o                 100
    qep.o                              16
    qeq_init.o                18
    qf_act.o                  52               132
    qf_gc.o                   88
    qf_log2.o                         256
    qf_new.o                  96
    qf_pool.o                 96               124
    qf_psini.o                12                 8
    qf_pspub.o               160
    qf_pwr2.o                         204
    qf_tick.o                132
    qhsm_dis.o               420
    qhsm_ini.o               176       16
    qhsm_top.o                 4
    qmp_get.o                 60
    qmp_init.o               136
    qmp_put.o                 72
    qte_arm.o                 76                 4
    qte_ctor.o                56
    qte_darm.o                18
    qvanilla.o               176                13
    ----------------------------------------------
    Total:                 2 200      492      281

rt7M_tl.a: [6]
    ABImemcpy.o              118
    ABImemmove.o             120
    ABImemset.o              102
    cexit.o                   14
    cmain.o                   22
    cmain_call_ctors.o        32
    cstart_call_dtors.o
    cstartup_M.o              12
    data_init.o               40
    zero_init3.o              34
    ----------------------------------------------
    Total:                   494

shb_l.a: [7]
    exit.o                    20
    ----------------------------------------------
    Total:                    20

    Gaps                      10
    Linker created                     20      432
--------------------------------------------------
    Grand Total:          12 048    2 236    2 434


*******************************************************************************
*** ENTRY LIST
***

Entry                      Address   Size  Type      Object
-----                      -------   ----  ----      ------
.iar.dynexit$$Base      0x200007c8          --   Gb  - Linker created -
.iar.dynexit$$Limit     0x20000984          --   Gb  - Linker created -
?main                   0x000035cd         Code  Gb  cmain.o [6]
ADCSeq3_IRQHandler      0x000015a3   0xe0  Code  Gb  bsp.o [1]
Display96x16x1Clear     0x00002231   0x74  Code  Gb  display96x16x1.o [1]
Display96x16x1DisplayOff
                        0x00002695   0x28  Code  Gb  display96x16x1.o [1]
Display96x16x1DisplayOn
                        0x0000257f   0x94  Code  Gb  display96x16x1.o [1]
Display96x16x1ImageDraw
                        0x0000236b   0x7a  Code  Gb  display96x16x1.o [1]
Display96x16x1Init      0x000023e5  0x19a  Code  Gb  display96x16x1.o [1]
Display96x16x1StringDraw
                        0x000022a5   0xc6  Code  Gb  display96x16x1.o [1]
Display96x16x1WriteArray
                        0x000021bd   0x36  Code  Lc  display96x16x1.o [1]
Display96x16x1WriteByte
                        0x00002193   0x2a  Code  Lc  display96x16x1.o [1]
Display96x16x1WriteFinal
                        0x000021f3   0x3e  Code  Lc  display96x16x1.o [1]
Display96x16x1WriteFirst
                        0x00002179   0x1a  Code  Lc  display96x16x1.o [1]
DtorRecArray            0x200007c8    0xc  Data  Lc  cppinit.o [3]
GAME::AO_Missile        0x000037a0    0x4  Data  Gb  missile.o [1]
GAME::AO_Ship           0x000037a4    0x4  Data  Gb  ship.o [1]
GAME::AO_Tunnel         0x000037a8    0x4  Data  Gb  tunnel.o [1]
GAME::BSP_displayOff()  0x000017b1    0x8  Code  Gb  bsp.o [1]
GAME::BSP_displayOn()   0x000017a9    0x8  Code  Gb  bsp.o [1]
GAME::BSP_drawBitmap(unsigned char const *)
                        0x00001777   0x18  Code  Gb  bsp.o [1]
GAME::BSP_drawNString(unsigned char, unsigned char, char const *)
                        0x0000178f   0x18  Code  Gb  bsp.o [1]
GAME::BSP_init()        0x00001683   0xf4  Code  Gb  bsp.o [1]
GAME::BSP_updateScore(unsigned short)
                        0x000017a7    0x2  Code  Gb  bsp.o [1]
GAME::MINE_ID(GAME::Mine1 const *)
                        0x00000d8f    0xa  Code  Lc  mine1.o [1]
GAME::MINE_ID(GAME::Mine2 const *)
                        0x0000109b    0xa  Code  Lc  mine2.o [1]
GAME::Mine1::Mine1()    0x00000d99   0x16  Code  Gb  mine1.o [1]
GAME::Mine1::exploding(GAME::Mine1*, QP::QEvt const *)
                        0x00000e55   0x86  Code  Gb  mine1.o [1]
GAME::Mine1::initial(GAME::Mine1*, QP::QEvt const *)
                        0x00000db1   0x20  Code  Gb  mine1.o [1]
GAME::Mine1::planted(GAME::Mine1*, QP::QEvt const *)
                        0x00000edd  0x12a  Code  Gb  mine1.o [1]
GAME::Mine1::unused(GAME::Mine1*, QP::QEvt const *)
                        0x00000dd1   0x32  Code  Gb  mine1.o [1]
GAME::Mine1::used(GAME::Mine1*, QP::QEvt const *)
                        0x00000e03   0x52  Code  Gb  mine1.o [1]
GAME::Mine1::~Mine1()   0x000036b9    0xe  Code  Gb  mine1.o [1]
GAME::Mine1_getInst(unsigned char)
                        0x00000d73   0x1c  Code  Gb  mine1.o [1]
GAME::Mine2::Mine2()    0x000010a5   0x16  Code  Gb  mine2.o [1]
GAME::Mine2::exploding(GAME::Mine2*, QP::QEvt const *)
                        0x00001161   0x86  Code  Gb  mine2.o [1]
GAME::Mine2::initial(GAME::Mine2*, QP::QEvt const *)
                        0x000010bd   0x20  Code  Gb  mine2.o [1]
GAME::Mine2::planted(GAME::Mine2*, QP::QEvt const *)
                        0x000011e9  0x12a  Code  Gb  mine2.o [1]
GAME::Mine2::unused(GAME::Mine2*, QP::QEvt const *)
                        0x000010dd   0x32  Code  Gb  mine2.o [1]
GAME::Mine2::used(GAME::Mine2*, QP::QEvt const *)
                        0x0000110f   0x52  Code  Gb  mine2.o [1]
GAME::Mine2::~Mine2()   0x000036c7    0xe  Code  Gb  mine2.o [1]
GAME::Mine2_getInst(unsigned char)
                        0x0000107f   0x1c  Code  Gb  mine2.o [1]
GAME::MineEvt::MineEvt(unsigned short, unsigned char)
                        0x00001cad    0xa  Code  Gb  mine2.o [1]
GAME::Missile::Missile()
                        0x00002d8f   0x16  Code  Gb  missile.o [1]
GAME::Missile::armed(GAME::Missile*, QP::QEvt const *)
                        0x00002dc1   0x32  Code  Gb  missile.o [1]
GAME::Missile::exploding(GAME::Missile*, QP::QEvt const *)
                        0x00002e85   0x86  Code  Gb  missile.o [1]
GAME::Missile::flying(GAME::Missile*, QP::QEvt const *)
                        0x00002df5   0x8e  Code  Gb  missile.o [1]
GAME::Missile::initial(GAME::Missile*, QP::QEvt const *)
                        0x00002da5   0x1a  Code  Gb  missile.o [1]
GAME::Missile::~Missile()
                        0x000036d5    0xe  Code  Gb  missile.o [1]
GAME::ScoreEvt::ScoreEvt(unsigned short, unsigned short)
                        0x00001cbb    0xa  Code  Gb  mine2.o [1]
GAME::Ship::Ship()      0x00002937   0x1e  Code  Gb  ship.o [1]
GAME::Ship::active(GAME::Ship*, QP::QEvt const *)
                        0x00002979   0x40  Code  Gb  ship.o [1]
GAME::Ship::exploding(GAME::Ship*, QP::QEvt const *)
                        0x00002aed   0x90  Code  Gb  ship.o [1]
GAME::Ship::flying(GAME::Ship*, QP::QEvt const *)
                        0x000029e5  0x106  Code  Gb  ship.o [1]
GAME::Ship::initial(GAME::Ship*, QP::QEvt const *)
                        0x00002955   0x22  Code  Gb  ship.o [1]
GAME::Ship::parked(GAME::Ship*, QP::QEvt const *)
                        0x000029b9   0x2a  Code  Gb  ship.o [1]
GAME::Ship::~Ship()     0x000036fd    0xe  Code  Gb  ship.o [1]
GAME::Tunnel::Tunnel()  0x00000109   0x6e  Code  Gb  tunnel.o [1]
GAME::Tunnel::active(GAME::Tunnel*, QP::QEvt const *)
                        0x0000052b   0x60  Code  Gb  tunnel.o [1]
GAME::Tunnel::addImageAt(unsigned char, unsigned char, signed char)
                        0x00000343   0xc8  Code  Gb  tunnel.o [1]
GAME::Tunnel::advance()
                        0x00000177  0x104  Code  Gb  tunnel.o [1]
GAME::Tunnel::demo(GAME::Tunnel*, QP::QEvt const *)
                        0x0000058d   0xf8  Code  Gb  tunnel.o [1]
GAME::Tunnel::dispatchToAllMines(QP::QEvt const *)
                        0x0000040b   0x2e  Code  Gb  tunnel.o [1]
GAME::Tunnel::final(GAME::Tunnel*, QP::QEvt const *)
                        0x00000ab1   0x38  Code  Gb  tunnel.o [1]
GAME::Tunnel::game_over(GAME::Tunnel*, QP::QEvt const *)
                        0x000008c9   0xb0  Code  Gb  tunnel.o [1]
GAME::Tunnel::initial(GAME::Tunnel*, QP::QEvt const *)
                        0x000004d1   0x5a  Code  Gb  tunnel.o [1]
GAME::Tunnel::isWallHit(unsigned char, unsigned char, unsigned char)
                        0x00000439   0x98  Code  Gb  tunnel.o [1]
GAME::Tunnel::plantMine()
                        0x0000027b   0xc8  Code  Gb  tunnel.o [1]
GAME::Tunnel::playing(GAME::Tunnel*, QP::QEvt const *)
                        0x00000685  0x242  Code  Gb  tunnel.o [1]
GAME::Tunnel::screen_saver(GAME::Tunnel*, QP::QEvt const *)
                        0x00000979   0x3c  Code  Gb  tunnel.o [1]
GAME::Tunnel::screen_saver_hide(GAME::Tunnel*, QP::QEvt const *)
                        0x000009b5   0x60  Code  Gb  tunnel.o [1]
GAME::Tunnel::screen_saver_show(GAME::Tunnel*, QP::QEvt const *)
                        0x00000a15   0x9c  Code  Gb  tunnel.o [1]
GAME::Tunnel::~Tunnel()
                        0x0000370b    0xe  Code  Gb  tunnel.o [1]
GAME::do_bitmaps_overlap(unsigned char, unsigned char, unsigned char, unsigned char, unsigned char, unsigned char)
                        0x00000b03  0x148  Code  Gb  tunnel.o [1]
GAME::explosion0_bits   0x00003778    0x8  Data  Lc  tunnel.o [1]
GAME::explosion1_bits   0x00003780    0x8  Data  Lc  tunnel.o [1]
GAME::explosion2_bits   0x00003788    0x8  Data  Lc  tunnel.o [1]
GAME::explosion3_bits   0x00003790    0x8  Data  Lc  tunnel.o [1]
GAME::l_bitmap          0x000033ac   0x50  Data  Lc  tunnel.o [1]
GAME::l_frame           0x200000c0   0xc0  Data  Lc  tunnel.o [1]
GAME::l_medPoolSto      0x20000180   0xa0  Data  Lc  main.o [1]
GAME::l_mine1           0x200003a4   0x50  Data  Lc  mine1.o [1]
GAME::l_mine2           0x200003f4   0x50  Data  Lc  mine2.o [1]
GAME::l_missile         0x200004d8   0x20  Data  Lc  missile.o [1]
GAME::l_missileQueueSto
                        0x20000514    0x8  Data  Lc  main.o [1]
GAME::l_rnd             0x20000558    0x4  Data  Lc  tunnel.o [1]
GAME::l_ship            0x20000494   0x24  Data  Lc  ship.o [1]
GAME::l_shipQueueSto    0x20000508    0xc  Data  Lc  main.o [1]
GAME::l_smlPoolSto      0x2000046c   0x28  Data  Lc  main.o [1]
GAME::l_subscrSto       0x200004b8   0x20  Data  Lc  main.o [1]
GAME::l_this_file       0x000034d4   0x44  Data  Lc  bsp.o [1]
GAME::l_this_file       0x000033fc   0x48  Data  Lc  mine1.o [1]
GAME::l_this_file       0x00003444   0x48  Data  Lc  mine2.o [1]
GAME::l_this_file       0x0000348c   0x48  Data  Lc  tunnel.o [1]
GAME::l_tunnel          0x20000220   0x84  Data  Lc  tunnel.o [1]
GAME::l_tunnelQueueSto  0x20000444   0x28  Data  Lc  main.o [1]
GAME::l_walls           0x20000000   0xc0  Data  Lc  tunnel.o [1]
GAME::mine1_bits        0x000037b0    0x4  Data  Lc  tunnel.o [1]
GAME::mine2_bits        0x000037b4    0x4  Data  Lc  tunnel.o [1]
GAME::mine2_missile_bits
                        0x000037b8    0x4  Data  Lc  tunnel.o [1]
GAME::missile_bits      0x000037ac    0x4  Data  Lc  tunnel.o [1]
GAME::press_button_bits
                        0x00003518   0x38  Data  Lc  tunnel.o [1]
GAME::random()          0x00000ae9   0x14  Code  Lc  tunnel.o [1]
GAME::randomSeed(unsigned int)
                        0x00000afd    0x6  Code  Lc  tunnel.o [1]
GAME::ship_bits         0x00003770    0x8  Data  Lc  tunnel.o [1]
HardFault_Handler       0x00003599    0xc  Code  Gb  startup_ewarm.o [1]
NMI_Handler             0x0000358d    0xc  Code  Gb  startup_ewarm.o [1]
NVIC_EnableIRQ(IRQn)    0x00001529   0x18  Code  Lc  bsp.o [1]
NVIC_SetPriority(IRQn, unsigned int)
                        0x00001541   0x22  Code  Lc  bsp.o [1]
QF_currPrio_            0x20000504    0x1  Data  Gb  qvanilla.o [5]
QF_readySet_            0x200004f8    0xc  Data  Gb  qvanilla.o [5]
QP::QActive::QActive(unsigned char (*)(void *, QP::QEvt const *))
                        0x00001c25   0x1c  Code  Gb  tunnel.o [1]
QP::QActive::QActive(unsigned char (*)(void *, QP::QEvt const *)) [subobject]
                        0x00000cfd    0xc  Code  Gb  tunnel.o [1]
QP::QActive::get_()     0x00002771   0x60  Code  Gb  qa_get_.o [5]
QP::QActive::postFIFO(QP::QEvt const *)
                        0x00001a55   0x72  Code  Gb  qa_fifo.o [5]
QP::QActive::start(unsigned char, QP::QEvt const **, unsigned int, void *, unsigned int, QP::QEvt const *)
                        0x00001b3d   0x42  Code  Gb  qvanilla.o [5]
QP::QActive::subscribe(int) const
                        0x00001961   0x48  Code  Gb  qa_sub.o [5]
QP::QActive::~QActive()
                        0x000036ef    0xe  Code  Gb  tunnel.o [1]
QP::QActive::~QActive() [subobject]
                        0x000036e3    0xc  Code  Gb  tunnel.o [1]
QP::QEP_reservedEvt_    0x000036a8   0x10  Data  Gb  qep.o [5]
QP::QEQueue::init(QP::QEvt const **, unsigned char)
                        0x0000283d   0x12  Code  Gb  qeq_init.o [5]
QP::QF::active_         0x200002a4   0x84  Data  Gb  qf_act.o [5]
QP::QF::add_(QP::QActive *)
                        0x00002851   0x28  Code  Gb  qf_act.o [5]
QP::QF::gc(QP::QEvt const *)
                        0x000027e5   0x46  Code  Gb  qf_gc.o [5]
QP::QF::init()          0x00001add    0x2  Code  Gb  qvanilla.o [5]
QP::QF::new_(unsigned short, int)
                        0x00001c4d   0x50  Code  Gb  qf_new.o [5]
QP::QF::onCleanup()     0x0000180f    0x2  Code  Gb  bsp.o [1]
QP::QF::onIdle()        0x00001811   0x10  Code  Gb  bsp.o [1]
QP::QF::onStartup()     0x000017b9   0x56  Code  Gb  bsp.o [1]
QP::QF::poolInit(void *, unsigned int, unsigned int)
                        0x00003199   0x54  Code  Gb  qf_pool.o [5]
QP::QF::psInit(QP::QSubscrList *, unsigned int)
                        0x000031f9    0xc  Code  Gb  qf_psini.o [5]
QP::QF::publish(QP::QEvt const *)
                        0x00001e31   0x80  Code  Gb  qf_pspub.o [5]
QP::QF::run()           0x00001ae3   0x4e  Code  Gb  qvanilla.o [5]
QP::QF::stop()          0x00001adf    0x4  Code  Gb  qvanilla.o [5]
QP::QF::tick()          0x00001db5   0x6e  Code  Gb  qf_tick.o [5]
QP::QF_EVT_REF_CTR_DEC_(QP::QEvt const *)
                        0x000028d5    0x8  Code  Gb  qf_tick.o [5]
QP::QF_div8Lkup         0x000030b4   0x44  Data  Gb  qf_pwr2.o [5]
QP::QF_invPwr2Lkup      0x00003070   0x44  Data  Gb  qf_pwr2.o [5]
QP::QF_log2Lkup         0x00002f2c  0x100  Data  Gb  qf_log2.o [5]
QP::QF_maxPool_         0x20000328    0x1  Data  Gb  qf_pool.o [5]
QP::QF_maxSignal_       0x20000540    0x4  Data  Gb  qf_psini.o [5]
QP::QF_pool_            0x2000032c   0x78  Data  Gb  qf_pool.o [5]
QP::QF_pwr2Lkup         0x0000302c   0x44  Data  Gb  qf_pwr2.o [5]
QP::QF_subscrList_      0x2000053c    0x4  Data  Gb  qf_psini.o [5]
QP::QF_timeEvtListHead_
                        0x2000055c    0x4  Data  Gb  qte_arm.o [5]
QP::QHsm::QHsm(unsigned char (*)(void *, QP::QEvt const *))
                        0x00002885   0x14  Code  Gb  tunnel.o [1]
QP::QHsm::QHsm(unsigned char (*)(void *, QP::QEvt const *)) [subobject]
                        0x00001c41    0xc  Code  Gb  tunnel.o [1]
QP::QHsm::Q_HANDLED()   0x000019cd    0x4  Code  Gb  tunnel.o [1]
QP::QHsm::Q_UNHANDLED()
                        0x00001cb7    0x4  Code  Gb  mine2.o [1]
QP::QHsm::dispatch(QP::QEvt const *)
                        0x00001385  0x176  Code  Gb  qhsm_dis.o [5]
QP::QHsm::init(QP::QEvt const *)
                        0x000018b3   0x98  Code  Gb  qhsm_ini.o [5]
QP::QHsm::super(unsigned char (*)(void *, QP::QEvt const *))
                        0x000019d1    0x8  Code  Gb  tunnel.o [1]
QP::QHsm::top(void *, QP::QEvt const *)
                        0x000037c9    0x4  Code  Gb  qhsm_top.o [5]
QP::QHsm::tran(unsigned char (*)(void *, QP::QEvt const *))
                        0x000019c5    0x8  Code  Gb  tunnel.o [1]
QP::QHsm::~QHsm() [subobject]
                        0x000018b1    0x2  Code  Gb  qhsm_ini.o [5]
QP::QMPool::get()       0x00002899   0x34  Code  Gb  qmp_get.o [5]
QP::QMPool::init(void *, unsigned int, unsigned short)
                        0x00003205   0x7c  Code  Gb  qmp_init.o [5]
QP::QMPool::put(void *)
                        0x000028dd   0x40  Code  Gb  qmp_put.o [5]
QP::QTimeEvt::QTimeEvt(int)
                        0x00000d09   0x2a  Code  Gb  qte_ctor.o [5]
QP::QTimeEvt::arm_(QP::QActive *, unsigned short)
                        0x00002725   0x3e  Code  Gb  qte_arm.o [5]
QP::QTimeEvt::disarm()  0x00001a21   0x12  Code  Gb  qte_darm.o [5]
QP::QTimeEvt::postEvery(QP::QActive *, unsigned short)
                        0x000019ef   0x18  Code  Gb  tunnel.o [1]
QP::QTimeEvt::postIn(QP::QActive *, unsigned short)
                        0x00001a07   0x1a  Code  Gb  tunnel.o [1]
QP::l_this_file         0x00001ca4    0x8  Data  Lc  qf_new.o [5]
QP::l_this_file         0x00001e28    0x8  Data  Lc  qf_tick.o [5]
QP::l_this_file         0x00001ec4    0xc  Data  Lc  qf_pspub.o [5]
QP::l_this_file         0x00001ad4    0x8  Data  Lc  qa_fifo.o [5]
QP::l_this_file         0x00001b80    0xc  Data  Lc  qvanilla.o [5]
QP::l_this_file         0x000031f0    0x8  Data  Lc  qf_pool.o [5]
QP::l_this_file         0x00001954    0xc  Data  Lc  qhsm_ini.o [5]
QP::l_this_file         0x000019bc    0x8  Data  Lc  qa_sub.o [5]
QP::l_this_file         0x0000151c    0xc  Data  Lc  qhsm_dis.o [5]
QP::l_this_file         0x00002768    0x8  Data  Lc  qte_arm.o [5]
QP::l_this_file         0x00000d34    0xc  Data  Lc  qte_ctor.o [5]
QP::l_this_file         0x000028cc    0x8  Data  Lc  qmp_get.o [5]
QP::l_this_file         0x00002834    0x8  Data  Lc  qf_gc.o [5]
QP::l_this_file         0x0000287c    0x8  Data  Lc  qf_act.o [5]
QP::l_this_file         0x000027dc    0x8  Data  Lc  qa_get_.o [5]
QP::l_this_file         0x00003280    0xc  Data  Lc  qmp_init.o [5]
QP::l_this_file         0x0000291c    0x8  Data  Lc  qmp_put.o [5]
Q_onAssert              0x000018ad    0x4  Code  Gb  bsp.o [1]
Region$$Table$$Base     0x00003578          --   Gb  - Linker created -
Region$$Table$$Limit    0x0000358c          --   Gb  - Linker created -
SHT$$INIT_ARRAY$$Base   0x00003624          --   Gb  - Linker created -
SHT$$INIT_ARRAY$$Limit  0x00003638          --   Gb  - Linker created -
SHT$$PREINIT_ARRAY$$Base
                        0x00003624          --   Gb  - Linker created -
SHT$$PREINIT_ARRAY$$Limit
                        0x00003624          --   Gb  - Linker created -
SysCtlDelay             0x00002171    0x8  Code  Lc  display96x16x1.o [1]
SysTick_Config(unsigned int)
                        0x00001563   0x32  Code  Lc  bsp.o [1]
SysTick_Handler         0x00001595    0xe  Code  Gb  bsp.o [1]
SystemFrequency         0x20000554    0x4  Data  Gb  system_lm3s.o [1]
SystemInit              0x00001ed1  0x2a0  Code  Gb  system_lm3s.o [1]
Virtual function table for GAME::Mine1
                        0x00003638   0x10  Data  Gb  mine1.o [1]
Virtual function table for GAME::Mine2
                        0x00003648   0x10  Data  Gb  mine2.o [1]
Virtual function table for GAME::Missile
                        0x00003658   0x10  Data  Gb  missile.o [1]
Virtual function table for GAME::Ship
                        0x00003668   0x10  Data  Gb  ship.o [1]
Virtual function table for GAME::Tunnel
                        0x00003688   0x10  Data  Gb  tunnel.o [1]
Virtual function table for QP::QActive
                        0x00003678   0x10  Data  Gb  tunnel.o [1]
Virtual function table for QP::QHsm
                        0x00003698   0x10  Data  Gb  qhsm_ini.o [5]
__aeabi_atexit          0x00000ced    0xa  Code  Gb  cxxabi.o [4]
__aeabi_memcpy          0x00001d3d         Code  Gb  ABImemcpy.o [6]
__aeabi_memcpy4         0x00001d5d         Code  Gb  ABImemcpy.o [6]
__aeabi_memcpy8         0x00001d5d         Code  Gb  ABImemcpy.o [6]
__aeabi_memmove         0x00001cc5         Code  Gb  ABImemmove.o [6]
__aeabi_memmove4        0x00001cc5         Code  Gb  ABImemmove.o [6]
__aeabi_memmove8        0x00001cc5         Code  Gb  ABImemmove.o [6]
__aeabi_memset          0x000026bd         Code  Gb  ABImemset.o [6]
__aeabi_vec_ctor_nocookie_nodtor
                        0x00000cad   0x22  Code  Gb  cxxabi.o [4]
__aeabi_vec_dtor        0x00000ccf   0x1e  Code  Gb  cxxabi.o [4]
__call_ctors            0x00001b8d   0x18  Code  Gb  cppinit.o [3]
__call_dtors            0x00001bdf    0x2  Code  Gb  cppinit.o [3]
__cexit_call_dtors      0x000035ef         Code  Gb  cexit.o [6]
__cmain                 0x000035cd         Code  Gb  cmain.o [6]
__cstart_call_dtors     0x000037cc         Data  Gb  cstart_call_dtors.o [6]
__cxa_atexit            0x00001ba5   0x3a  Code  Gb  cppinit.o [3]
__cxa_finalize          0x00001be1   0x36  Code  Gb  cppinit.o [3]
__dso_handle            0x20000564    0x4  Data  Gb  cppinit.o [3]
__exit                  0x000035fd   0x14  Code  Gb  exit.o [7]
__iar_Memset            0x000026bd         Code  Gb  ABImemset.o [6]
__iar_Memset_word       0x000026c5         Code  Gb  ABImemset.o [6]
__iar_cstart_call_ctors
                        0x000035ad   0x20  Code  Gb  cmain_call_ctors.o [6]
__iar_data_init3        0x00003551   0x28  Code  Gb  data_init.o [6]
__iar_program_start     0x0000373d         Code  Gb  cstartup_M.o [6]
__iar_zero_init3        0x00001a33   0x22  Code  Gb  zero_init3.o [6]
__low_level_init        0x000035e3    0x4  Code  Gb  low_level_init.o [3]
__sti__routine          0x00000d41   0x1e  Code  Lc  mine1.o [1]
__sti__routine          0x0000104d   0x1e  Code  Lc  mine2.o [1]
__sti__routine          0x00002d7d   0x12  Code  Lc  missile.o [1]
__sti__routine          0x00002925   0x12  Code  Lc  ship.o [1]
__sti__routine          0x000000f1   0x18  Code  Lc  tunnel.o [1]
__vector_table          0x00000000   0xf0  Data  Gb  startup_ewarm.o [1]
_call_main              0x000035d9         Code  Gb  cmain.o [6]
_exit                   0x000035ed         Code  Gb  cexit.o [6]
_main                   0x000035df         Code  Gb  cmain.o [6]
exit                    0x000035e7    0x4  Code  Gb  exit.o [3]
g_pucFont               0x00002ba0  0x1dc  Data  Lc  display96x16x1.o [1]
g_pucOSRAMInit          0x0000328c   0x74  Data  Lc  display96x16x1.o [1]
g_pucOSRAMRow1          0x00003748    0x8  Data  Lc  display96x16x1.o [1]
g_pucOSRAMRow2          0x00003750    0x8  Data  Lc  display96x16x1.o [1]
g_pucRITInit            0x0000335c   0x50  Data  Lc  display96x16x1.o [1]
g_pucRITRow1            0x00003758    0x8  Data  Lc  display96x16x1.o [1]
g_pucRITRow2            0x00003760    0x8  Data  Lc  display96x16x1.o [1]
g_ucColumnAdjust        0x20000507    0x1  Data  Lc  display96x16x1.o [1]
g_ucDisplayIsRIT        0x20000506    0x1  Data  Lc  display96x16x1.o [1]
g_ulDelay               0x20000550    0x4  Data  Lc  display96x16x1.o [1]
l_pulXtals              0x00003300   0x5c  Data  Lc  system_lm3s.o [1]
main                    0x000030f9   0xa0  Code  Gb  main.o [1]
memcpy                  0x0000136f   0x16  Code  Gb  tunnel.o [1]
memmove                 0x00001359   0x16  Code  Gb  tunnel.o [1]
memset                  0x000019d9   0x16  Code  Gb  tunnel.o [1]
next_abi_dtor_rec       0x20000560    0x4  Data  Lc  cppinit.o [3]
pulStack                0x20000570  0x258  Data  Lc  startup_ewarm.o [1]


[1] = D:\qp\qpcpp\examples\arm-cortex\vanilla\iar\game-ev-lm3s811\dbg
[2] = command line
[3] = dl7M_tln.a
[4] = dlpp7M_tl_ne.a
[5] = libqp_cortex-m3.a
[6] = rt7M_tl.a
[7] = shb_l.a

  12 048 bytes of readonly  code memory
   2 236 bytes of readonly  data memory
   2 434 bytes of readwrite data memory

Errors: none
Warnings: none
