###############################################################################
#                                                                             #
# IAR ELF Linker V6.50.2.4510/W32 for ARM               11/Feb/2013  22:52:27 #
# Copyright 2007-2012 IAR Systems AB.                                         #
#                                                                             #
#    Output file  =  D:\qp\qpcpp\examples\arm-cortex\qk\iar\dpp-qk-ev-lm4f120 #
#                    xl\rel\dpp-qk.out                                        #
#    Map file     =  D:\qp\qpcpp\examples\arm-cortex\qk\iar\dpp-qk-ev-lm4f120 #
#                    xl\rel\dpp-qk.map                                        #
#    Command line =  D:\qp\qpcpp\examples\arm-cortex\qk\iar\dpp-qk-ev-lm4f120 #
#                    xl\rel\bsp.o D:\qp\qpcpp\examples\arm-cortex\qk\iar\dpp- #
#                    qk-ev-lm4f120xl\rel\main.o D:\qp\qpcpp\examples\arm-cort #
#                    ex\qk\iar\dpp-qk-ev-lm4f120xl\rel\philo.o                #
#                    D:\qp\qpcpp\examples\arm-cortex\qk\iar\dpp-qk-ev-lm4f120 #
#                    xl\rel\startup_ewarm.o D:\qp\qpcpp\examples\arm-cortex\q #
#                    k\iar\dpp-qk-ev-lm4f120xl\rel\table.o --redirect         #
#                    _Printf=_PrintfTiny --redirect _Scanf=_ScanfSmall -o     #
#                    D:\qp\qpcpp\examples\arm-cortex\qk\iar\dpp-qk-ev-lm4f120 #
#                    xl\rel\dpp-qk.out --map D:\qp\qpcpp\examples\arm-cortex\ #
#                    qk\iar\dpp-qk-ev-lm4f120xl\rel\dpp-qk.map --config       #
#                    D:\qp\qpcpp\examples\arm-cortex\qk\iar\dpp-qk-ev-lm4f120 #
#                    xl\lm4f120h5qr.icf --semihosting                         #
#                    D:\qp\qpcpp\ports\arm-cortex\qk\iar\rel\libqp_cortex-m4f #
#                    .a --entry __iar_program_start --inline --vfe            #
#                                                                             #
#                                                                             #
###############################################################################

*******************************************************************************
*** RUNTIME MODEL ATTRIBUTES
***

CppFlavor                     = *
__CPP_Language                = EC++
__Heap_Handler                = Basic
__SystemLibrary               = DLib
__dlib_dynamic_initialization = normal


*******************************************************************************
*** PLACEMENT SUMMARY
***

"A1":  place at start of [0x00000000-0x0003ffff] { ro section .intvec };
"P1":  place in [from 0x00000000 to 0x0003ffff] { ro };
"P2":  place in [from 0x20000000 to 0x20007fff] { rw, block HEAP };

  Section             Kind        Address    Size  Object
  -------             ----        -------    ----  ------
"A1":                                       0x26c
  .intvec             const    0x00000000   0x26c  startup_ewarm.o [1]
                             - 0x0000026c   0x26c

"P1":                                      0x1990
  .text               ro code  0x0000026c   0x4b8  table.o [1]
  .text               ro code  0x00000724     0xc  table.o [1]
  .text               ro code  0x00000730    0x68  qa_sub.o [5]
  .text               ro code  0x00000798   0x2f4  bsp.o [1]
  .text               ro code  0x00000a8c     0x8  table.o [1]
  .text               ro code  0x00000a94     0x8  table.o [1]
  .text               ro code  0x00000a9c    0x12  table.o [1]
  .text               ro code  0x00000aae    0x2e  copy_init3.o [7]
  .text               ro code  0x00000adc    0x64  qf_new.o [5]
  .text               ro code  0x00000b40    0xac  qf_pspub.o [5]
  .text               ro code  0x00000bec    0x12  table.o [1]
  .text               ro code  0x00000bfe    0x22  zero_init3.o [7]
  .text               ro code  0x00000c20    0x1c  table.o [1]
  .text               ro code  0x00000c3c    0x84  qf_tick.o [5]
  .text               ro code  0x00000cc0    0xa4  qa_fifo.o [5]
  .text               ro code  0x00000d64    0x12  FltAdd.o [6]
  .text               ro code  0x00000d78    0x40  qmp_get.o [5]
  .text               ro code  0x00000db8    0x60  qf_gc.o [5]
  .text               ro code  0x00000e18     0xc  table.o [1]
  .text               ro code  0x00000e24    0xa8  qk_sched.o [5]
  .text               ro code  0x00000ecc    0x4c  qmp_put.o [5]
  .text               ro code  0x00000f18    0x14  table.o [1]
  .text               ro code  0x00000f2c    0x78  qa_get_.o [5]
  .text               ro code  0x00000fa4   0x1e4  qhsm_dis.o [5]
  .text               ro code  0x00001188   0x21c  philo.o [1]
  .text               ro code  0x000013a4    0x28  cxxabi.o [4]
  .text               ro code  0x000013cc    0x3c  qte_ctor.o [5]
  .text               ro code  0x00001408    0x16  philo.o [1]
  .text               ro code  0x0000141e    0x1a  philo.o [1]
  .text               ro code  0x00001438    0x12  qte_darm.o [5]
  .text               ro code  0x0000144c    0x14  philo.o [1]
  .text               ro code  0x00001460    0x16  philo.o [1]
  .text               ro code  0x00001478    0x4c  qte_arm.o [5]
  .rodata             const    0x000014c4    0xcc  qf_pwr2.o [5]
  .text               ro code  0x00001590    0xc4  qhsm_ini.o [5]
  .text               ro code  0x00001654    0xac  qmp_init.o [5]
  .text               ro code  0x00001700    0x8c  main.o [1]
  .text               ro code  0x0000178c    0x88  qk.o [5]
  .text               ro code  0x00001814     0xc  qf_psini.o [5]
  .text               ro code  0x00001820    0x68  qf_pool.o [5]
  CODE                ro code  0x00001888    0x6c  qk_port.o [5]
  .text               ro code  0x000018f4    0x12  qeq_init.o [5]
  .text               ro code  0x00001908    0x3c  qf_act.o [5]
  .rodata             const    0x00001944    0x48  philo.o [1]
  .rodata             const    0x0000198c    0x48  table.o [1]
  .rodata             const    0x000019d4    0x44  bsp.o [1]
  .text               ro code  0x00001a18    0x28  data_init.o [7]
  .text               ro code  0x00001a40    0x24  startup_ewarm.o [1]
  .iar.init_table     const    0x00001a64    0x28  - Linker created -
  .text               ro code  0x00001a8c    0x20  cmain_call_ctors.o [7]
  .text               ro code  0x00001aac    0x18  cppinit.o [3]
  .text               ro code  0x00001ac4    0x1a  fpinit_M.o [6]
  .text               ro code  0x00001ae0    0x16  cmain.o [7]
  .text               ro code  0x00001af6     0x4  exit.o [3]
  .text               ro code  0x00001afc     0xa  cexit.o [7]
  .text               ro code  0x00001b08    0x14  exit.o [8]
  .rodata             const    0x00001b1c    0x14  philo.o [1]
  .rodata             const    0x00001b30    0x14  startup_ewarm.o [1]
  .rodata             const    0x00001b44    0x10  philo.o [1]
  .rodata             const    0x00001b54    0x10  table.o [1]
  .rodata             const    0x00001b64    0x10  table.o [1]
  .rodata             const    0x00001b74    0x10  qhsm_ini.o [5]
  .rodata             const    0x00001b84    0x10  qep.o [5]
  .rodata             const    0x00001b94     0xc  startup_ewarm.o [1]
  .rodata             const    0x00001ba0     0xc  table.o [1]
  .rodata             const    0x00001bac     0xc  table.o [1]
  .rodata             const    0x00001bb8     0xc  table.o [1]
  .text               ro code  0x00001bc4     0xc  cstartup_M.o [7]
  SHT$$PREINIT_ARRAY           0x00001bd0     0x0  <Block>
  SHT$$INIT_ARRAY              0x00001bd0     0x8  <Block>
    .init_array       const    0x00001bd0     0x4  philo.o [1]
    .init_array       const    0x00001bd4     0x4  table.o [1]
  .rodata             const    0x00001bd8     0x4  bsp.o [1]
  .rodata             const    0x00001bdc     0x4  bsp.o [1]
  .rodata             const    0x00001be0     0x4  table.o [1]
  .rodata             const    0x00001be4     0x4  table.o [1]
  .rodata             const    0x00001be8     0x4  table.o [1]
  .rodata             const    0x00001bec     0x4  table.o [1]
  .text               ro code  0x00001bf0     0x4  qhsm_top.o [5]
  .rodata             const    0x00001bf4     0x0  zero_init3.o [7]
  .rodata             const    0x00001bf4     0x0  copy_init3.o [7]
  Initializer bytes   ro data  0x00001bf4     0x8  <for P2 s0>
                             - 0x00001bfc  0x1990

"P2", part 1 of 3:                            0x8
  P2 s0                        0x20000000     0x8  <Init block>
    .data             inited   0x20000000     0x4  bsp.o [1]
    .data             inited   0x20000004     0x1  qk.o [5]
                             - 0x20000008     0x8

"P2", part 2 of 3:                          0x320
  .bss                zero     0x20000008    0xf0  philo.o [1]
  .bss                zero     0x200000f8    0x84  qf_act.o [5]
  .bss                zero     0x2000017c    0x7c  qf_pool.o [5]
  .bss                zero     0x200001f8    0x64  main.o [1]
  .bss                zero     0x2000025c    0x50  main.o [1]
  .bss                zero     0x200002ac    0x28  table.o [1]
  .bss                zero     0x200002d4    0x20  main.o [1]
  .bss                zero     0x200002f4    0x14  main.o [1]
  .bss                zero     0x20000308     0xc  qk.o [5]
  .bss                zero     0x20000314     0x8  qf_psini.o [5]
  .bss                zero     0x2000031c     0x4  bsp.o [1]
  .bss                zero     0x20000320     0x4  qte_arm.o [5]
  .bss                zero     0x20000324     0x1  bsp.o [1]
  .bss                zero     0x20000325     0x1  philo.o [1]
  .bss                zero     0x20000326     0x1  qk.o [5]
  .bss                zero     0x20000327     0x1  qk_mutex.o [5]
                             - 0x20000328   0x320

"P2", part 3 of 3:                          0x400
  .noinit             uninit   0x20000328   0x400  startup_ewarm.o [1]
                             - 0x20000728   0x400


*******************************************************************************
*** INIT TABLE
***

          Address     Size
          -------     ----
Zero (__iar_zero_init3)
    1 destination range, total size 0x320:
          0x20000008  0x320

Copy (__iar_copy_init3)
    1 source range, total size 0x8 (160% of destination):
          0x00001bf4    0x8
    1 destination range, total size 0x5:
          0x20000000    0x5

Extra (__iar_cstart_call_ctors)



*******************************************************************************
*** MODULE SUMMARY
***

    Module              ro code  ro data  rw data
    ------              -------  -------  -------
D:\qp\qpcpp\examples\arm-cortex\qk\iar\dpp-qk-ev-lm4f120xl\rel: [1]
    bsp.o                   756       80        9
    main.o                  140               232
    philo.o                 630      112      241
    startup_ewarm.o          36      652    1 024
    table.o               1 332      160       40
    ---------------------------------------------
    Total:                2 894    1 004    1 546

command line: [2]
    ---------------------------------------------
    Total:

dl7M_tln.a: [3]
    cppinit.o                24
    exit.o                    4
    ---------------------------------------------
    Total:                   28

dlpp7M_tl_ne.a: [4]
    cxxabi.o                 40
    ---------------------------------------------
    Total:                   40

libqp_cortex-m4f.a: [5]
    qa_fifo.o               164
    qa_get_.o               120
    qa_sub.o                104
    qep.o                             16
    qeq_init.o               18
    qf_act.o                 60               132
    qf_gc.o                  96
    qf_new.o                100
    qf_pool.o               104               124
    qf_psini.o               12                 8
    qf_pspub.o              172
    qf_pwr2.o                        204
    qf_tick.o               132
    qhsm_dis.o              484
    qhsm_ini.o              196       16
    qhsm_top.o                4
    qk.o                    136        1       14
    qk_mutex.o                                  1
    qk_port.o               108
    qk_sched.o              168
    qmp_get.o                64
    qmp_init.o              172
    qmp_put.o                76
    qte_arm.o                76                 4
    qte_ctor.o               60
    qte_darm.o               18
    ---------------------------------------------
    Total:                2 644      237      283

m7M_tlv.a: [6]
    FltAdd.o                 18
    fpinit_M.o               26
    ---------------------------------------------
    Total:                   44

rt7M_tl.a: [7]
    cexit.o                  10
    cmain.o                  22
    cmain_call_ctors.o       32
    copy_init3.o             46
    cstartup_M.o             12
    data_init.o              40
    zero_init3.o             34
    ---------------------------------------------
    Total:                  196

shb_l.a: [8]
    exit.o                   20
    ---------------------------------------------
    Total:                   20

    Gaps                     14
    Linker created                    43
-------------------------------------------------
    Grand Total:          5 880    1 284    1 829


*******************************************************************************
*** ENTRY LIST
***

Entry                      Address   Size  Type      Object
-----                      -------   ----  ----      ------
?main                   0x00001ae1         Code  Gb  cmain.o [7]
DPP::AO_Philo           0x00001b1c   0x14  Data  Gb  philo.o [1]
DPP::AO_Table           0x00001bec    0x4  Data  Gb  table.o [1]
DPP::BSP_displayPaused(unsigned char)
                        0x00000989   0x12  Code  Gb  bsp.o [1]
DPP::BSP_displayPhilStat(unsigned char, char const *)
                        0x00000977   0x12  Code  Gb  bsp.o [1]
DPP::BSP_init()         0x000008f1   0x86  Code  Gb  bsp.o [1]
DPP::BSP_random()       0x0000099b   0x24  Code  Gb  bsp.o [1]
DPP::BSP_randomSeed(unsigned int)
                        0x000009bf    0x6  Code  Gb  bsp.o [1]
DPP::EATING             0x00001be8    0x4  Data  Lc  table.o [1]
DPP::HUNGRY             0x00001be4    0x4  Data  Lc  table.o [1]
DPP::LEFT(unsigned char)
                        0x00000a9d   0x12  Code  Gb  table.o [1]
DPP::PHILO_ID(DPP::Philo const *)
                        0x0000144d   0x14  Code  Gb  philo.o [1]
DPP::Philo::Philo()     0x0000119d   0x20  Code  Gb  philo.o [1]
DPP::Philo::eating(DPP::Philo*, QP::QEvt const *)
                        0x000012f1   0x98  Code  Gb  philo.o [1]
DPP::Philo::hungry(DPP::Philo*, QP::QEvt const *)
                        0x00001269   0x88  Code  Gb  philo.o [1]
DPP::Philo::initial(DPP::Philo*, QP::QEvt const *)
                        0x000011bd   0x28  Code  Gb  philo.o [1]
DPP::Philo::thinking(DPP::Philo*, QP::QEvt const *)
                        0x000011e5   0x82  Code  Gb  philo.o [1]
DPP::RIGHT(unsigned char)
                        0x00000bed   0x12  Code  Gb  table.o [1]
DPP::THINKING           0x00001be0    0x4  Data  Lc  table.o [1]
DPP::Table::Table()     0x00000279   0x36  Code  Gb  table.o [1]
DPP::Table::active(DPP::Table*, QP::QEvt const *)
                        0x00000307   0x42  Code  Gb  table.o [1]
DPP::Table::initial(DPP::Table*, QP::QEvt const *)
                        0x000002b1   0x56  Code  Gb  table.o [1]
DPP::Table::paused(DPP::Table*, QP::QEvt const *)
                        0x000005f9  0x106  Code  Gb  table.o [1]
DPP::Table::serving(DPP::Table*, QP::QEvt const *)
                        0x00000349  0x2b0  Code  Gb  table.o [1]
DPP::eat_time()         0x00001461   0x16  Code  Gb  philo.o [1]
DPP::l_philo            0x20000008   0xf0  Data  Lc  philo.o [1]
DPP::l_rnd              0x2000031c    0x4  Data  Lc  bsp.o [1]
DPP::l_table            0x200002ac   0x28  Data  Lc  table.o [1]
DPP::l_this_file        0x000019d4   0x44  Data  Lc  bsp.o [1]
DPP::l_this_file        0x00001944   0x48  Data  Lc  philo.o [1]
DPP::l_this_file        0x0000198c   0x48  Data  Lc  table.o [1]
DPP::think_time()       0x00001409   0x16  Code  Gb  philo.o [1]
GPIOPortA_IRQHandler    0x000008b7   0x3a  Code  Gb  bsp.o [1]
HardFault_Handler       0x00001a4f    0xe  Code  Gb  startup_ewarm.o [1]
NMI_Handler             0x00001a41    0xe  Code  Gb  startup_ewarm.o [1]
NVIC_EnableIRQ(IRQn)    0x00000799   0x18  Code  Lc  bsp.o [1]
NVIC_SetPriority(IRQn, unsigned int)
                        0x000007b1   0x22  Code  Lc  bsp.o [1]
PendSV_Handler          0x000018a9         Code  Gb  qk_port.o [5]
QK_ceilingPrio_         0x20000327    0x1  Data  Gb  qk_mutex.o [5]
QK_currPrio_            0x20000004    0x1  Data  Gb  qk.o [5]
QK_init                 0x00001889         Code  Gb  qk_port.o [5]
QK_intNest_             0x20000326    0x1  Data  Gb  qk.o [5]
QK_readySet_            0x20000308    0xc  Data  Gb  qk.o [5]
QK_schedPrio_           0x00000e25   0x38  Code  Gb  qk_sched.o [5]
QK_sched_               0x00000e5d   0x60  Code  Gb  qk_sched.o [5]
QP::QActive::QActive(unsigned char (*)(void *, QP::QEvt const *))
                        0x00000c21   0x1c  Code  Gb  table.o [1]
QP::QActive::QActive(unsigned char (*)(void *, QP::QEvt const *)) [subobject]
                        0x00000725    0xc  Code  Gb  table.o [1]
QP::QActive::get_()     0x00000f2d   0x62  Code  Gb  qa_get_.o [5]
QP::QActive::postFIFO(QP::QEvt const *)
                        0x00000cc1   0x8a  Code  Gb  qa_fifo.o [5]
QP::QActive::start(unsigned char, QP::QEvt const **, unsigned int, void *, unsigned int, QP::QEvt const *)
                        0x000017b9   0x58  Code  Gb  qk.o [5]
QP::QActive::subscribe(int) const
                        0x00000731   0x4c  Code  Gb  qa_sub.o [5]
QP::QEP_reservedEvt_    0x00001b84   0x10  Data  Gb  qep.o [5]
QP::QEQueue::init(QP::QEvt const **, unsigned char)
                        0x000018f5   0x12  Code  Gb  qeq_init.o [5]
QP::QF::active_         0x200000f8   0x84  Data  Gb  qf_act.o [5]
QP::QF::add_(QP::QActive *)
                        0x00001909   0x2e  Code  Gb  qf_act.o [5]
QP::QF::gc(QP::QEvt const *)
                        0x00000db9   0x50  Code  Gb  qf_gc.o [5]
QP::QF::init()          0x0000178d    0x4  Code  Gb  qk.o [5]
QP::QF::new_(unsigned short, int)
                        0x00000add   0x54  Code  Gb  qf_new.o [5]
QP::QF::onStartup()     0x000009c9   0x32  Code  Gb  bsp.o [1]
QP::QF::poolInit(void *, unsigned int, unsigned int)
                        0x00001821   0x5a  Code  Gb  qf_pool.o [5]
QP::QF::psInit(QP::QSubscrList *, unsigned int)
                        0x00001815    0xc  Code  Gb  qf_psini.o [5]
QP::QF::publish(QP::QEvt const *)
                        0x00000b41   0x90  Code  Gb  qf_pspub.o [5]
QP::QF::run()           0x00001791   0x22  Code  Gb  qk.o [5]
QP::QF::tick()          0x00000c3d   0x76  Code  Gb  qf_tick.o [5]
QP::QF_div8Lkup         0x0000154c   0x44  Data  Gb  qf_pwr2.o [5]
QP::QF_invPwr2Lkup      0x00001508   0x44  Data  Gb  qf_pwr2.o [5]
QP::QF_maxPool_         0x2000017c    0x1  Data  Gb  qf_pool.o [5]
QP::QF_maxSignal_       0x20000318    0x4  Data  Gb  qf_psini.o [5]
QP::QF_pool_            0x20000180   0x78  Data  Gb  qf_pool.o [5]
QP::QF_pwr2Lkup         0x000014c4   0x44  Data  Gb  qf_pwr2.o [5]
QP::QF_subscrList_      0x20000314    0x4  Data  Gb  qf_psini.o [5]
QP::QF_timeEvtListHead_
                        0x20000320    0x4  Data  Gb  qte_arm.o [5]
QP::QHsm::QHsm(unsigned char (*)(void *, QP::QEvt const *))
                        0x00000f19   0x14  Code  Gb  table.o [1]
QP::QHsm::QHsm(unsigned char (*)(void *, QP::QEvt const *)) [subobject]
                        0x00000e19    0xc  Code  Gb  table.o [1]
QP::QHsm::dispatch(QP::QEvt const *)
                        0x00000fa5  0x1d2  Code  Gb  qhsm_dis.o [5]
QP::QHsm::init(QP::QEvt const *)
                        0x00001591   0xac  Code  Gb  qhsm_ini.o [5]
QP::QHsm::super(unsigned char (*)(void *, QP::QEvt const *))
                        0x00000a95    0x8  Code  Gb  table.o [1]
QP::QHsm::top(void *, QP::QEvt const *)
                        0x00001bf1    0x4  Code  Gb  qhsm_top.o [5]
QP::QHsm::tran(unsigned char (*)(void *, QP::QEvt const *))
                        0x00000a8d    0x8  Code  Gb  table.o [1]
QP::QK::onIdle()        0x000009fb   0x14  Code  Gb  bsp.o [1]
QP::QMPool::get()       0x00000d79   0x38  Code  Gb  qmp_get.o [5]
QP::QMPool::init(void *, unsigned int, unsigned short)
                        0x00001655   0x9e  Code  Gb  qmp_init.o [5]
QP::QMPool::put(void *)
                        0x00000ecd   0x44  Code  Gb  qmp_put.o [5]
QP::QTimeEvt::QTimeEvt(int)
                        0x000013cd   0x2e  Code  Gb  qte_ctor.o [5]
QP::QTimeEvt::arm_(QP::QActive *, unsigned short)
                        0x00001479   0x3e  Code  Gb  qte_arm.o [5]
QP::QTimeEvt::disarm()  0x00001439   0x12  Code  Gb  qte_darm.o [5]
QP::QTimeEvt::postIn(QP::QActive *, unsigned short)
                        0x0000141f   0x1a  Code  Gb  philo.o [1]
QP::l_this_file         0x00001810    0x4  Data  Lc  qk.o [5]
QP::l_this_file         0x00000b38    0x8  Data  Lc  qf_new.o [5]
QP::l_this_file         0x00000cb8    0x8  Data  Lc  qf_tick.o [5]
QP::l_this_file         0x00000be0    0xc  Data  Lc  qf_pspub.o [5]
QP::l_this_file         0x00000d5c    0x8  Data  Lc  qa_fifo.o [5]
QP::l_this_file         0x00001880    0x8  Data  Lc  qf_pool.o [5]
QP::l_this_file         0x00001648    0xc  Data  Lc  qhsm_ini.o [5]
QP::l_this_file         0x000014bc    0x8  Data  Lc  qte_arm.o [5]
QP::l_this_file         0x000013fc    0xc  Data  Lc  qte_ctor.o [5]
QP::l_this_file         0x00000790    0x8  Data  Lc  qa_sub.o [5]
QP::l_this_file         0x0000193c    0x8  Data  Lc  qf_act.o [5]
QP::l_this_file         0x00000db0    0x8  Data  Lc  qmp_get.o [5]
QP::l_this_file         0x00000e10    0x8  Data  Lc  qf_gc.o [5]
QP::l_this_file         0x000016f4    0xc  Data  Lc  qmp_init.o [5]
QP::l_this_file         0x0000117c    0xc  Data  Lc  qhsm_dis.o [5]
QP::l_this_file         0x00000f9c    0x8  Data  Lc  qa_get_.o [5]
QP::l_this_file         0x00000f10    0x8  Data  Lc  qmp_put.o [5]
Q_onAssert              0x000009c5    0x4  Code  Gb  bsp.o [1]
Region$$Table$$Base     0x00001a64          --   Gb  - Linker created -
Region$$Table$$Limit    0x00001a8c          --   Gb  - Linker created -
SHT$$INIT_ARRAY$$Base   0x00001bd0          --   Gb  - Linker created -
SHT$$INIT_ARRAY$$Limit  0x00001bd8          --   Gb  - Linker created -
SHT$$PREINIT_ARRAY$$Base
                        0x00001bd0          --   Gb  - Linker created -
SHT$$PREINIT_ARRAY$$Limit
                        0x00001bd0          --   Gb  - Linker created -
SVC_Handler             0x000018e1         Code  Gb  qk_port.o [5]
SysTick_Config(unsigned int)
                        0x000007d3   0x32  Code  Lc  bsp.o [1]
SysTick_Handler         0x00000805   0xb2  Code  Gb  bsp.o [1]
Virtual function table for DPP::Philo
                        0x00001b44   0x10  Data  Gb  philo.o [1]
Virtual function table for DPP::Table
                        0x00001b64   0x10  Data  Gb  table.o [1]
Virtual function table for QP::QActive
                        0x00001b54   0x10  Data  Gb  table.o [1]
Virtual function table for QP::QHsm
                        0x00001b74   0x10  Data  Gb  qhsm_ini.o [5]
__aeabi_fadd            0x00000d65   0x12  Code  Gb  FltAdd.o [6]
__aeabi_vec_ctor_nocookie_nodtor
                        0x000013a5   0x22  Code  Gb  cxxabi.o [4]
__call_ctors            0x00001aad   0x18  Code  Gb  cppinit.o [3]
__cmain                 0x00001ae1         Code  Gb  cmain.o [7]
__exit                  0x00001b09   0x14  Code  Gb  exit.o [8]
__iar_copy_init3        0x00000aaf   0x2e  Code  Gb  copy_init3.o [7]
__iar_cstart_call_ctors
                        0x00001a8d   0x20  Code  Gb  cmain_call_ctors.o [7]
__iar_data_init3        0x00001a19   0x28  Code  Gb  data_init.o [7]
__iar_init_vfp          0x00001ac5         Code  Gb  fpinit_M.o [6]
__iar_program_start     0x00001bc5         Code  Gb  cstartup_M.o [7]
__iar_zero_init3        0x00000bff   0x22  Code  Gb  zero_init3.o [7]
__sti__routine          0x00001189   0x12  Code  Lc  philo.o [1]
__sti__routine          0x0000026d    0xc  Code  Lc  table.o [1]
__vector_table          0x00000000  0x26c  Data  Gb  startup_ewarm.o [1]
_call_main              0x00001aed         Code  Gb  cmain.o [7]
_exit                   0x00001afd         Code  Gb  cexit.o [7]
_main                   0x00001af3         Code  Gb  cmain.o [7]
exit                    0x00001af7    0x4  Code  Gb  exit.o [3]
main                    0x00001701   0x8c  Code  Gb  main.o [1]
pulStack                0x20000328  0x400  Data  Lc  startup_ewarm.o [1]


[1] = D:\qp\qpcpp\examples\arm-cortex\qk\iar\dpp-qk-ev-lm4f120xl\rel
[2] = command line
[3] = dl7M_tln.a
[4] = dlpp7M_tl_ne.a
[5] = libqp_cortex-m4f.a
[6] = m7M_tlv.a
[7] = rt7M_tl.a
[8] = shb_l.a

  5 880 bytes of readonly  code memory
  1 284 bytes of readonly  data memory
  1 829 bytes of readwrite data memory

Errors: none
Warnings: none
