Archive member included because of file (symbol)

D:\qp\qpcpp/ports/arm-cortex/vanilla/gnu/spy\libqp_cortex-m3_cs.a(qhsm_ini.o)
                              spy/mine2.o (QP::QHsm::~QHsm())
D:\qp\qpcpp/ports/arm-cortex/vanilla/gnu/spy\libqp_cortex-m3_cs.a(qhsm_dis.o)
                              spy/tunnel.o (QP::QHsm::dispatch(QP::QEvt const*))
D:\qp\qpcpp/ports/arm-cortex/vanilla/gnu/spy\libqp_cortex-m3_cs.a(qhsm_top.o)
                              spy/mine2.o (QP::QHsm::top(void*, QP::QEvt const*))
D:\qp\qpcpp/ports/arm-cortex/vanilla/gnu/spy\libqp_cortex-m3_cs.a(qa_fifo.o)
                              spy/mine2.o (QP::QActive::postFIFO(QP::QEvt const*, void const*))
D:\qp\qpcpp/ports/arm-cortex/vanilla/gnu/spy\libqp_cortex-m3_cs.a(qa_sub.o)
                              spy/missile.o (QP::QActive::subscribe(int) const)
D:\qp\qpcpp/ports/arm-cortex/vanilla/gnu/spy\libqp_cortex-m3_cs.a(qf_act.o)
                              D:\qp\qpcpp/ports/arm-cortex/vanilla/gnu/spy\libqp_cortex-m3_cs.a(qa_sub.o) (QP::QF::active_)
D:\qp\qpcpp/ports/arm-cortex/vanilla/gnu/spy\libqp_cortex-m3_cs.a(qf_new.o)
                              spy/mine2.o (QP::QF::new_(unsigned short, int))
D:\qp\qpcpp/ports/arm-cortex/vanilla/gnu/spy\libqp_cortex-m3_cs.a(qf_pool.o)
                              spy/main.o (QP::QF::poolInit(void*, unsigned long, unsigned long))
D:\qp\qpcpp/ports/arm-cortex/vanilla/gnu/spy\libqp_cortex-m3_cs.a(qf_psini.o)
                              spy/main.o (QP::QF::psInit(QP::QSubscrList*, unsigned long))
D:\qp\qpcpp/ports/arm-cortex/vanilla/gnu/spy\libqp_cortex-m3_cs.a(qf_pspub.o)
                              spy/bsp.o (QP::QF::publish(QP::QEvt const*, void const*))
D:\qp\qpcpp/ports/arm-cortex/vanilla/gnu/spy\libqp_cortex-m3_cs.a(qf_pwr2.o)
                              D:\qp\qpcpp/ports/arm-cortex/vanilla/gnu/spy\libqp_cortex-m3_cs.a(qa_fifo.o) (QP::QF_div8Lkup)
D:\qp\qpcpp/ports/arm-cortex/vanilla/gnu/spy\libqp_cortex-m3_cs.a(qf_tick.o)
                              spy/bsp.o (QP::QF::tick(void const*))
D:\qp\qpcpp/ports/arm-cortex/vanilla/gnu/spy\libqp_cortex-m3_cs.a(qmp_get.o)
                              D:\qp\qpcpp/ports/arm-cortex/vanilla/gnu/spy\libqp_cortex-m3_cs.a(qf_new.o) (QP::QMPool::get())
D:\qp\qpcpp/ports/arm-cortex/vanilla/gnu/spy\libqp_cortex-m3_cs.a(qmp_init.o)
                              D:\qp\qpcpp/ports/arm-cortex/vanilla/gnu/spy\libqp_cortex-m3_cs.a(qf_pool.o) (QP::QMPool::init(void*, unsigned long, unsigned short))
D:\qp\qpcpp/ports/arm-cortex/vanilla/gnu/spy\libqp_cortex-m3_cs.a(qte_ctor.o)
                              spy/tunnel.o (QP::QTimeEvt::QTimeEvt(int))
D:\qp\qpcpp/ports/arm-cortex/vanilla/gnu/spy\libqp_cortex-m3_cs.a(qte_arm.o)
                              spy/tunnel.o (QP::QTimeEvt::arm_(QP::QActive*, unsigned short))
D:\qp\qpcpp/ports/arm-cortex/vanilla/gnu/spy\libqp_cortex-m3_cs.a(qte_darm.o)
                              spy/tunnel.o (QP::QTimeEvt::disarm())
D:\qp\qpcpp/ports/arm-cortex/vanilla/gnu/spy\libqp_cortex-m3_cs.a(qvanilla.o)
                              spy/main.o (QP::QF::init())
D:\qp\qpcpp/ports/arm-cortex/vanilla/gnu/spy\libqp_cortex-m3_cs.a(qs.o)
                              spy/bsp.o (QP::QS::initBuf(unsigned char*, unsigned long))
D:\qp\qpcpp/ports/arm-cortex/vanilla/gnu/spy\libqp_cortex-m3_cs.a(qs_.o)
                              D:\qp\qpcpp/ports/arm-cortex/vanilla/gnu/spy\libqp_cortex-m3_cs.a(qa_fifo.o) (QP::QS::u8_(unsigned char))
D:\qp\qpcpp/ports/arm-cortex/vanilla/gnu/spy\libqp_cortex-m3_cs.a(qs_blk.o)
                              spy/bsp.o (QP::QS::getBlock(unsigned short*))
D:\qp\qpcpp/ports/arm-cortex/vanilla/gnu/spy\libqp_cortex-m3_cs.a(qep.o)
                              D:\qp\qpcpp/ports/arm-cortex/vanilla/gnu/spy\libqp_cortex-m3_cs.a(qhsm_ini.o) (QP::QEP_reservedEvt_)
D:\qp\qpcpp/ports/arm-cortex/vanilla/gnu/spy\libqp_cortex-m3_cs.a(qa_get_.o)
                              D:\qp\qpcpp/ports/arm-cortex/vanilla/gnu/spy\libqp_cortex-m3_cs.a(qvanilla.o) (QP::QActive::get_())
D:\qp\qpcpp/ports/arm-cortex/vanilla/gnu/spy\libqp_cortex-m3_cs.a(qeq_init.o)
                              D:\qp\qpcpp/ports/arm-cortex/vanilla/gnu/spy\libqp_cortex-m3_cs.a(qvanilla.o) (QP::QEQueue::init(QP::QEvt const**, unsigned char))
D:\qp\qpcpp/ports/arm-cortex/vanilla/gnu/spy\libqp_cortex-m3_cs.a(qf_gc.o)
                              D:\qp\qpcpp/ports/arm-cortex/vanilla/gnu/spy\libqp_cortex-m3_cs.a(qf_pspub.o) (QP::QF::gc(QP::QEvt const*))
D:\qp\qpcpp/ports/arm-cortex/vanilla/gnu/spy\libqp_cortex-m3_cs.a(qmp_put.o)
                              D:\qp\qpcpp/ports/arm-cortex/vanilla/gnu/spy\libqp_cortex-m3_cs.a(qf_gc.o) (QP::QMPool::put(void*))
c:/tools/codesourcery/bin/../lib/gcc/arm-none-eabi/4.7.2/../../../../arm-none-eabi/lib/armv7-m\libc.a(lib_a-aeabi_atexit.o)
                              spy/mine2.o (__aeabi_atexit)
c:/tools/codesourcery/bin/../lib/gcc/arm-none-eabi/4.7.2/../../../../arm-none-eabi/lib/armv7-m\libc.a(lib_a-asm-memcpy.o)
                              spy/tunnel.o (memcpy)
c:/tools/codesourcery/bin/../lib/gcc/arm-none-eabi/4.7.2/../../../../arm-none-eabi/lib/armv7-m\libc.a(lib_a-init.o)
                              spy/startup_lm3s.o (__libc_init_array)
c:/tools/codesourcery/bin/../lib/gcc/arm-none-eabi/4.7.2/../../../../arm-none-eabi/lib/armv7-m\libc.a(lib_a-memmove.o)
                              spy/tunnel.o (memmove)
c:/tools/codesourcery/bin/../lib/gcc/arm-none-eabi/4.7.2/../../../../arm-none-eabi/lib/armv7-m\libc.a(lib_a-memset.o)
                              spy/tunnel.o (memset)

Discarded input sections

 .group         0x00000000        0x8 spy/mine2.o
 .group         0x00000000        0x8 spy/mine2.o
 .group         0x00000000        0x8 spy/mine2.o
 .group         0x00000000        0x8 spy/missile.o
 .group         0x00000000        0x8 spy/missile.o
 .group         0x00000000        0x8 spy/missile.o
 .group         0x00000000        0x8 spy/missile.o
 .group         0x00000000        0x8 spy/missile.o
 .group         0x00000000        0x8 spy/missile.o
 .group         0x00000000        0x8 spy/ship.o
 .group         0x00000000        0x8 spy/ship.o
 .group         0x00000000        0x8 spy/ship.o
 .group         0x00000000        0x8 spy/ship.o
 .group         0x00000000        0x8 spy/ship.o
 .group         0x00000000        0x8 spy/ship.o
 .text._ZN2QP7QActiveD2Ev
                0x00000000       0x14 spy/ship.o
 .text._ZN2QP7QActiveD0Ev
                0x00000000       0x1c spy/ship.o
 .rodata._ZTVN2QP7QActiveE
                0x00000000       0x10 spy/ship.o
 .group         0x00000000        0x8 spy/mine1.o
 .group         0x00000000        0x8 spy/mine1.o
 .group         0x00000000        0x8 spy/mine1.o
 .group         0x00000000        0x8 spy/tunnel.o
 .group         0x00000000        0x8 spy/tunnel.o
 .group         0x00000000        0x8 spy/tunnel.o
 .group         0x00000000        0x8 spy/tunnel.o
 .group         0x00000000        0x8 spy/tunnel.o
 .group         0x00000000        0x8 spy/tunnel.o
 .text._ZN2QP7QActiveD2Ev
                0x00000000       0x14 spy/tunnel.o
 .text._ZN2QP7QActiveD0Ev
                0x00000000       0x1c spy/tunnel.o
 .rodata._ZTVN2QP7QActiveE
                0x00000000       0x10 spy/tunnel.o
 .ARM.attributes
                0x00000000       0x2d c:/tools/codesourcery/bin/../lib/gcc/arm-none-eabi/4.7.2/../../../../arm-none-eabi/lib/armv7-m\libc.a(lib_a-aeabi_atexit.o)
 .debug_frame   0x00000000       0x20 c:/tools/codesourcery/bin/../lib/gcc/arm-none-eabi/4.7.2/../../../../arm-none-eabi/lib/armv7-m\libc.a(lib_a-aeabi_atexit.o)
 .ARM.attributes
                0x00000000       0x1b c:/tools/codesourcery/bin/../lib/gcc/arm-none-eabi/4.7.2/../../../../arm-none-eabi/lib/armv7-m\libc.a(lib_a-asm-memcpy.o)
 .ARM.attributes
                0x00000000       0x2d c:/tools/codesourcery/bin/../lib/gcc/arm-none-eabi/4.7.2/../../../../arm-none-eabi/lib/armv7-m\libc.a(lib_a-init.o)
 .debug_frame   0x00000000       0x2c c:/tools/codesourcery/bin/../lib/gcc/arm-none-eabi/4.7.2/../../../../arm-none-eabi/lib/armv7-m\libc.a(lib_a-init.o)
 .ARM.attributes
                0x00000000       0x2d c:/tools/codesourcery/bin/../lib/gcc/arm-none-eabi/4.7.2/../../../../arm-none-eabi/lib/armv7-m\libc.a(lib_a-memmove.o)
 .debug_frame   0x00000000       0x2c c:/tools/codesourcery/bin/../lib/gcc/arm-none-eabi/4.7.2/../../../../arm-none-eabi/lib/armv7-m\libc.a(lib_a-memmove.o)
 .ARM.attributes
                0x00000000       0x2d c:/tools/codesourcery/bin/../lib/gcc/arm-none-eabi/4.7.2/../../../../arm-none-eabi/lib/armv7-m\libc.a(lib_a-memset.o)
 .debug_frame   0x00000000       0x2c c:/tools/codesourcery/bin/../lib/gcc/arm-none-eabi/4.7.2/../../../../arm-none-eabi/lib/armv7-m\libc.a(lib_a-memset.o)

Memory Configuration

Name             Origin             Length             Attributes
ROM              0x00000000         0x00010000         xr
RAM              0x20000000         0x00002000         xrw
*default*        0x00000000         0xffffffff

Linker script and memory map

LOAD spy/display96x16x1.o
LOAD spy/startup_lm3s.o
LOAD spy/system_lm3s.o
LOAD spy/mine2.o
LOAD spy/main.o
LOAD spy/missile.o
LOAD spy/ship.o
LOAD spy/bsp.o
LOAD spy/mine1.o
LOAD spy/no_heap.o
LOAD spy/tunnel.o
LOAD spy/mini_cpp.o
LOAD D:\qp\qpcpp/ports/arm-cortex/vanilla/gnu/spy\libqp_cortex-m3_cs.a
                0x000003e8                STACK_SIZE = 0x3e8
                0x00000000                HEAP_SIZE = 0x0

.isr_vector     0x00000000       0xf0
 *(.isr_vector)
 .isr_vector    0x00000000       0xf0 spy/startup_lm3s.o
                0x00000000                g_pfnVectors
                0x000000f0                . = ALIGN (0x4)

.text           0x000000f0     0x6cd8
                0x000000f0                . = ALIGN (0x4)
 *(.text)
 .text          0x000000f0      0x550 spy/display96x16x1.o
                0x00000108                SysCtlDelay
                0x000001ac                Display96x16x1Clear
                0x0000022c                Display96x16x1StringDraw
                0x00000324                Display96x16x1ImageDraw
                0x000003ac                Display96x16x1Init
                0x00000574                Display96x16x1DisplayOn
                0x0000060c                Display96x16x1DisplayOff
 .text          0x00000640       0xb8 spy/startup_lm3s.o
                0x00000640                DebugMon_Handler
                0x00000640                FlashCtrl_IRQHandler
                0x00000640                Timer0B_IRQHandler
                0x00000640                I2C0_IRQHandler
                0x00000640                PendSV_Handler
                0x00000640                NMI_Handler
                0x00000640                I2C1_IRQHandler
                0x00000640                PWMGen0_IRQHandler
                0x00000640                UART1_IRQHandler
                0x00000640                CAN1_IRQHandler
                0x00000640                Timer1B_IRQHandler
                0x00000640                Watchdog_IRQHandler
                0x00000640                UART0_IRQHandler
                0x00000640                SSI0_IRQHandler
                0x00000640                UsageFault_Handler
                0x00000640                ADCSeq1_IRQHandler
                0x00000640                PWMFault_IRQHandler
                0x00000640                PWMGen1_IRQHandler
                0x00000640                SSI1_IRQHandler
                0x00000640                SysCtrl_IRQHandler
                0x00000640                Spurious_Handler
                0x00000640                GPIOPortC_IRQHandler
                0x00000640                ADCSeq2_IRQHandler
                0x00000640                PWMGen2_IRQHandler
                0x00000640                UART2_IRQHandler
                0x00000640                QEI1_IRQHandler
                0x00000640                QEI0_IRQHandler
                0x00000640                GPIOPortD_IRQHandler
                0x00000640                MemManage_Handler
                0x00000640                Ethernet_IRQHandler
                0x00000640                SVC_Handler
                0x00000640                Timer3B_IRQHandler
                0x00000640                Timer3A_IRQHandler
                0x00000640                GPIOPortA_IRQHandler
                0x00000640                Timer0A_IRQHandler
                0x00000640                ADCSeq0_IRQHandler
                0x00000640                Timer1A_IRQHandler
                0x00000640                GPIOPortG_IRQHandler
                0x00000640                GPIOPortE_IRQHandler
                0x00000640                CAN0_IRQHandler
                0x00000640                Comp0_IRQHandler
                0x00000640                Comp1_IRQHandler
                0x00000640                Comp2_IRQHandler
                0x00000640                GPIOPortF_IRQHandler
                0x00000640                GPIOPortB_IRQHandler
                0x00000640                CAN2_IRQHandler
                0x00000640                GPIOPortH_IRQHandler
                0x00000640                BusFault_Handler
                0x00000640                Timer2A_IRQHandler
                0x00000640                Timer2B_IRQHandler
                0x00000640                Hibernate_IRQHandler
                0x0000065c                Reset_Handler
                0x000006f4                _init
 .text          0x000006f8      0x2d0 spy/system_lm3s.o
                0x000006f8                SystemInit
 .text          0x000009c8      0x670 spy/mine2.o
                0x000009c8                Mine2::unused(Mine2*, QP::QEvt const*)
                0x00000a18                Mine2::exploding(Mine2*, QP::QEvt const*)
                0x00000aa0                Mine2::used(Mine2*, QP::QEvt const*)
                0x00000afc                Mine2::planted(Mine2*, QP::QEvt const*)
                0x00000c60                Mine2::initial(Mine2*, QP::QEvt const*)
                0x00000fc8                Mine2_getInst(unsigned char)
 .text          0x00001038      0x294 spy/main.o
                0x00001038                main
 .text          0x000012cc      0x348 spy/missile.o
                0x000012cc                Missile::armed(Missile*, QP::QEvt const*)
                0x000012f8                Missile::exploding(Missile*, QP::QEvt const*)
                0x00001380                Missile::flying(Missile*, QP::QEvt const*)
                0x00001410                Missile::initial(Missile*, QP::QEvt const*)
 .text          0x00001614      0x4d4 spy/ship.o
                0x00001614                Ship::active(Ship*, QP::QEvt const*)
                0x0000164c                Ship::parked(Ship*, QP::QEvt const*)
                0x00001670                Ship::exploding(Ship*, QP::QEvt const*)
                0x00001708                Ship::flying(Ship*, QP::QEvt const*)
                0x00001824                Ship::initial(Ship*, QP::QEvt const*)
 .text          0x00001ae8      0x690 spy/bsp.o
                0x00001ae8                SysTick_Handler
                0x00001b24                BSP_drawBitmap(unsigned char const*, unsigned char, unsigned char)
                0x00001b40                BSP_drawNString(unsigned char, unsigned char, char const*)
                0x00001b54                BSP_updateScore(unsigned short)
                0x00001b58                BSP_displayOn()
                0x00001b60                BSP_displayOff()
                0x00001b68                QP::QF::onStartup()
                0x00001bfc                QP::QF::onCleanup()
                0x00001c00                QP::QF::onIdle()
                0x00001c68                Q_onAssert
                0x00001c6c                ADCSeq3_IRQHandler
                0x00001d70                assert_failed
                0x00001d78                QP::QS::onStartup(void const*)
                0x00001f70                QP::QS::onCleanup()
                0x00001f74                QP::QS::onGetTime()
                0x00001fa4                QP::QS::onFlush()
                0x00001ffc                BSP_init()
 .text          0x00002178      0x670 spy/mine1.o
                0x00002178                Mine1::unused(Mine1*, QP::QEvt const*)
                0x000021c8                Mine1::exploding(Mine1*, QP::QEvt const*)
                0x00002250                Mine1::used(Mine1*, QP::QEvt const*)
                0x000022ac                Mine1::planted(Mine1*, QP::QEvt const*)
                0x00002410                Mine1::initial(Mine1*, QP::QEvt const*)
                0x00002778                Mine1_getInst(unsigned char)
 .text          0x000027e8       0x44 spy/no_heap.o
                0x000027e8                malloc
                0x00002800                free
                0x00002814                calloc
 .text          0x0000282c      0xfc4 spy/tunnel.o
                0x0000282c                Tunnel::screen_saver(Tunnel*, QP::QEvt const*)
                0x00002880                Tunnel::active(Tunnel*, QP::QEvt const*)
                0x000028dc                Tunnel::final(Tunnel*, QP::QEvt const*)
                0x00002920                Tunnel::initial(Tunnel*, QP::QEvt const*)
                0x00002de8                Tunnel::screen_saver_hide(Tunnel*, QP::QEvt const*)
                0x00002e44                Tunnel::game_over(Tunnel*, QP::QEvt const*)
                0x00002f08                Tunnel::Tunnel()
                0x00002f08                Tunnel::Tunnel()
                0x00002f70                Tunnel::advance()
                0x00003064                Tunnel::plantMine()
                0x00003130                Tunnel::dispatchToAllMines(QP::QEvt const*)
                0x00003150                Tunnel::addImageAt(unsigned char, unsigned char, signed char)
                0x000031e0                Tunnel::screen_saver_show(Tunnel*, QP::QEvt const*)
                0x000032a4                Tunnel::demo(Tunnel*, QP::QEvt const*)
                0x0000339c                Tunnel::isWallHit(unsigned char, unsigned char, unsigned char)
                0x00003458                Tunnel::playing(Tunnel*, QP::QEvt const*)
                0x00003678                do_bitmaps_overlap(unsigned char, unsigned char, unsigned char, unsigned char, unsigned char, unsigned char)
 .text          0x000037f0       0x1c spy/mini_cpp.o
                0x000037f0                operator new(unsigned int)
                0x000037f8                operator delete(void*)
                0x00003800                __cxa_atexit
                0x00003804                __cxa_guard_acquire
                0x00003808                __cxa_guard_release
 .text          0x0000380c      0x1ac D:\qp\qpcpp/ports/arm-cortex/vanilla/gnu/spy\libqp_cortex-m3_cs.a(qhsm_ini.o)
                0x0000380c                QP::QHsm::~QHsm()
                0x0000380c                QP::QHsm::~QHsm()
                0x00003818                QP::QHsm::~QHsm()
                0x0000382c                QP::QHsm::init(QP::QEvt const*)
 .text          0x000039b8      0x5dc D:\qp\qpcpp/ports/arm-cortex/vanilla/gnu/spy\libqp_cortex-m3_cs.a(qhsm_dis.o)
                0x000039b8                QP::QHsm::dispatch(QP::QEvt const*)
 .text          0x00003f94        0x8 D:\qp\qpcpp/ports/arm-cortex/vanilla/gnu/spy\libqp_cortex-m3_cs.a(qhsm_top.o)
                0x00003f94                QP::QHsm::top(void*, QP::QEvt const*)
 .text          0x00003f9c       0xe4 D:\qp\qpcpp/ports/arm-cortex/vanilla/gnu/spy\libqp_cortex-m3_cs.a(qa_fifo.o)
                0x00003f9c                QP::QActive::postFIFO(QP::QEvt const*, void const*)
 .text          0x00004080       0xa0 D:\qp\qpcpp/ports/arm-cortex/vanilla/gnu/spy\libqp_cortex-m3_cs.a(qa_sub.o)
                0x00004080                QP::QActive::subscribe(int) const
 .text          0x00004120       0xf8 D:\qp\qpcpp/ports/arm-cortex/vanilla/gnu/spy\libqp_cortex-m3_cs.a(qf_act.o)
                0x00004120                QP::QF::getVersion()
                0x00004128                QP::QF::add_(QP::QActive*)
                0x0000419c                QP::QF::remove_(QP::QActive const*)
 .text          0x00004218       0xac D:\qp\qpcpp/ports/arm-cortex/vanilla/gnu/spy\libqp_cortex-m3_cs.a(qf_new.o)
                0x00004218                QP::QF::new_(unsigned short, int)
 .text          0x000042c4       0x74 D:\qp\qpcpp/ports/arm-cortex/vanilla/gnu/spy\libqp_cortex-m3_cs.a(qf_pool.o)
                0x000042c4                QP::QF::poolInit(void*, unsigned long, unsigned long)
 .text          0x00004338        0xc D:\qp\qpcpp/ports/arm-cortex/vanilla/gnu/spy\libqp_cortex-m3_cs.a(qf_psini.o)
                0x00004338                QP::QF::psInit(QP::QSubscrList*, unsigned long)
 .text          0x00004344       0xec D:\qp\qpcpp/ports/arm-cortex/vanilla/gnu/spy\libqp_cortex-m3_cs.a(qf_pspub.o)
                0x00004344                QP::QF::publish(QP::QEvt const*, void const*)
 .text          0x00004430        0x0 D:\qp\qpcpp/ports/arm-cortex/vanilla/gnu/spy\libqp_cortex-m3_cs.a(qf_pwr2.o)
 .text          0x00004430      0x14c D:\qp\qpcpp/ports/arm-cortex/vanilla/gnu/spy\libqp_cortex-m3_cs.a(qf_tick.o)
                0x00004430                QP::QF::tick(void const*)
 .text          0x0000457c       0xb8 D:\qp\qpcpp/ports/arm-cortex/vanilla/gnu/spy\libqp_cortex-m3_cs.a(qmp_get.o)
                0x0000457c                QP::QMPool::get()
                0x000045f8                QP::QF::getPoolMargin(unsigned char)
 .text          0x00004634       0xe0 D:\qp\qpcpp/ports/arm-cortex/vanilla/gnu/spy\libqp_cortex-m3_cs.a(qmp_init.o)
                0x00004634                QP::QMPool::init(void*, unsigned long, unsigned short)
 .text          0x00004714       0x34 D:\qp\qpcpp/ports/arm-cortex/vanilla/gnu/spy\libqp_cortex-m3_cs.a(qte_ctor.o)
                0x00004714                QP::QTimeEvt::QTimeEvt(int)
                0x00004714                QP::QTimeEvt::QTimeEvt(int)
 .text          0x00004748       0xa4 D:\qp\qpcpp/ports/arm-cortex/vanilla/gnu/spy\libqp_cortex-m3_cs.a(qte_arm.o)
                0x00004748                QP::QF::noTimeEvtsActive()
                0x0000475c                QP::QTimeEvt::arm_(QP::QActive*, unsigned short)
 .text          0x000047ec       0xac D:\qp\qpcpp/ports/arm-cortex/vanilla/gnu/spy\libqp_cortex-m3_cs.a(qte_darm.o)
                0x000047ec                QP::QTimeEvt::disarm()
 .text          0x00004898       0xb8 D:\qp\qpcpp/ports/arm-cortex/vanilla/gnu/spy\libqp_cortex-m3_cs.a(qvanilla.o)
                0x00004898                QP::QF::init()
                0x0000489c                QP::QF::stop()
                0x000048a4                QP::QF::run()
                0x00004900                QP::QActive::start(unsigned char, QP::QEvt const**, unsigned long, void*, unsigned long, QP::QEvt const*)
                0x00004948                QP::QActive::stop()
 .text          0x00004950      0x91c D:\qp\qpcpp/ports/arm-cortex/vanilla/gnu/spy\libqp_cortex-m3_cs.a(qs.o)
                0x00004950                QP::QS::getVersion()
                0x00004958                QP::QS::initBuf(unsigned char*, unsigned long)
                0x00004964                QP::QS::filterOn(unsigned char)
                0x000049a0                QP::QS::filterOff(unsigned char)
                0x000049dc                QP::QS::begin(unsigned char)
                0x00004b28                QP::QS::end()
                0x00004c10                QP::QS::u8(unsigned char, unsigned char)
                0x00004d54                QP::QS::u16(unsigned char, unsigned short)
                0x00004f3c                QP::QS::u32(unsigned char, unsigned long)
 .text          0x0000526c      0x630 D:\qp\qpcpp/ports/arm-cortex/vanilla/gnu/spy\libqp_cortex-m3_cs.a(qs_.o)
                0x0000526c                QP::QS::u8_(unsigned char)
                0x0000532c                QP::QS::u16_(unsigned short)
                0x0000549c                QP::QS::u32_(unsigned long)
                0x00005774                QP::QS::str_(char const*)
                0x00005808                QP::QS::str_ROM_(char const*)
 .text          0x0000589c       0x64 D:\qp\qpcpp/ports/arm-cortex/vanilla/gnu/spy\libqp_cortex-m3_cs.a(qs_blk.o)
                0x0000589c                QP::QS::getBlock(unsigned short*)
 .text          0x00005900        0x8 D:\qp\qpcpp/ports/arm-cortex/vanilla/gnu/spy\libqp_cortex-m3_cs.a(qep.o)
                0x00005900                QP::QEP::getVersion()
 .text          0x00005908      0x13c D:\qp\qpcpp/ports/arm-cortex/vanilla/gnu/spy\libqp_cortex-m3_cs.a(qa_get_.o)
                0x00005908                QP::QActive::get_()
                0x00005a14                QP::QF::getQueueMargin(unsigned char)
 .text          0x00005a44       0x54 D:\qp\qpcpp/ports/arm-cortex/vanilla/gnu/spy\libqp_cortex-m3_cs.a(qeq_init.o)
                0x00005a44                QP::QEQueue::init(QP::QEvt const**, unsigned char)
 .text          0x00005a98       0xbc D:\qp\qpcpp/ports/arm-cortex/vanilla/gnu/spy\libqp_cortex-m3_cs.a(qf_gc.o)
                0x00005a98                QP::QF::gc(QP::QEvt const*)
 .text          0x00005b54       0x88 D:\qp\qpcpp/ports/arm-cortex/vanilla/gnu/spy\libqp_cortex-m3_cs.a(qmp_put.o)
                0x00005b54                QP::QMPool::put(void*)
 .text          0x00005bdc        0xa c:/tools/codesourcery/bin/../lib/gcc/arm-none-eabi/4.7.2/../../../../arm-none-eabi/lib/armv7-m\libc.a(lib_a-aeabi_atexit.o)
                0x00005bdc                __aeabi_atexit
 *fill*         0x00005be6        0x2 
 .text          0x00005be8      0x2d0 c:/tools/codesourcery/bin/../lib/gcc/arm-none-eabi/4.7.2/../../../../arm-none-eabi/lib/armv7-m\libc.a(lib_a-asm-memcpy.o)
                0x00005be8                memcpy
 .text          0x00005eb8       0x4c c:/tools/codesourcery/bin/../lib/gcc/arm-none-eabi/4.7.2/../../../../arm-none-eabi/lib/armv7-m\libc.a(lib_a-init.o)
                0x00005eb8                __libc_init_array
 .text          0x00005f04       0xc8 c:/tools/codesourcery/bin/../lib/gcc/arm-none-eabi/4.7.2/../../../../arm-none-eabi/lib/armv7-m\libc.a(lib_a-memmove.o)
                0x00005f04                memmove
 .text          0x00005fcc      0x110 c:/tools/codesourcery/bin/../lib/gcc/arm-none-eabi/4.7.2/../../../../arm-none-eabi/lib/armv7-m\libc.a(lib_a-memset.o)
                0x00005fcc                memset
 *(.text*)
 .text._ZN5Mine2D2Ev
                0x000060dc       0x14 spy/mine2.o
                0x000060dc                Mine2::~Mine2()
                0x000060dc                Mine2::~Mine2()
 .text._ZN5Mine2D0Ev
                0x000060f0       0x1c spy/mine2.o
                0x000060f0                Mine2::~Mine2()
 .text._ZN2QP7QActiveD2Ev
                0x0000610c       0x14 spy/missile.o
                0x0000610c                QP::QActive::~QActive()
                0x0000610c                QP::QActive::~QActive()
 .text._ZN7MissileD2Ev
                0x00006120       0x14 spy/missile.o
                0x00006120                Missile::~Missile()
                0x00006120                Missile::~Missile()
 .text._ZN2QP7QActiveD0Ev
                0x00006134       0x1c spy/missile.o
                0x00006134                QP::QActive::~QActive()
 .text._ZN7MissileD0Ev
                0x00006150       0x1c spy/missile.o
                0x00006150                Missile::~Missile()
 .text._ZN4ShipD2Ev
                0x0000616c       0x14 spy/ship.o
                0x0000616c                Ship::~Ship()
                0x0000616c                Ship::~Ship()
 .text._ZN4ShipD0Ev
                0x00006180       0x1c spy/ship.o
                0x00006180                Ship::~Ship()
 .text._ZN5Mine1D2Ev
                0x0000619c       0x14 spy/mine1.o
                0x0000619c                Mine1::~Mine1()
                0x0000619c                Mine1::~Mine1()
 .text._ZN5Mine1D0Ev
                0x000061b0       0x1c spy/mine1.o
                0x000061b0                Mine1::~Mine1()
 .text._ZN6TunnelD2Ev
                0x000061cc       0x14 spy/tunnel.o
                0x000061cc                Tunnel::~Tunnel()
                0x000061cc                Tunnel::~Tunnel()
 .text._ZN6TunnelD0Ev
                0x000061e0       0x1c spy/tunnel.o
                0x000061e0                Tunnel::~Tunnel()
 *(.rodata)
 .rodata        0x000061fc      0x2c0 spy/display96x16x1.o
 .rodata        0x000064bc       0x5c spy/system_lm3s.o
 .rodata        0x00006518       0xf4 spy/mine2.o
 .rodata        0x0000660c       0x9c spy/main.o
 .rodata        0x000066a8       0x94 spy/missile.o
                0x00006738                AO_Missile
 .rodata        0x0000673c       0xbc spy/ship.o
                0x000067f4                AO_Ship
 .rodata        0x000067f8       0x3c spy/bsp.o
 .rodata        0x00006834       0xf4 spy/mine1.o
 .rodata        0x00006928        0xc spy/no_heap.o
 .rodata        0x00006934      0x260 spy/tunnel.o
                0x00006b20                AO_Tunnel
 *fill*         0x00006b94        0x4 
 .rodata        0x00006b98       0x20 D:\qp\qpcpp/ports/arm-cortex/vanilla/gnu/spy\libqp_cortex-m3_cs.a(qhsm_ini.o)
                0x00006b98                vtable for QP::QHsm
 .rodata        0x00006bb8        0xc D:\qp\qpcpp/ports/arm-cortex/vanilla/gnu/spy\libqp_cortex-m3_cs.a(qhsm_dis.o)
 .rodata        0x00006bc4        0x8 D:\qp\qpcpp/ports/arm-cortex/vanilla/gnu/spy\libqp_cortex-m3_cs.a(qa_fifo.o)
 .rodata        0x00006bcc        0x8 D:\qp\qpcpp/ports/arm-cortex/vanilla/gnu/spy\libqp_cortex-m3_cs.a(qa_sub.o)
 .rodata        0x00006bd4       0x10 D:\qp\qpcpp/ports/arm-cortex/vanilla/gnu/spy\libqp_cortex-m3_cs.a(qf_act.o)
 .rodata        0x00006be4        0x8 D:\qp\qpcpp/ports/arm-cortex/vanilla/gnu/spy\libqp_cortex-m3_cs.a(qf_new.o)
 .rodata        0x00006bec        0x8 D:\qp\qpcpp/ports/arm-cortex/vanilla/gnu/spy\libqp_cortex-m3_cs.a(qf_pool.o)
 .rodata        0x00006bf4        0xc D:\qp\qpcpp/ports/arm-cortex/vanilla/gnu/spy\libqp_cortex-m3_cs.a(qf_pspub.o)
 .rodata        0x00006c00       0xcc D:\qp\qpcpp/ports/arm-cortex/vanilla/gnu/spy\libqp_cortex-m3_cs.a(qf_pwr2.o)
                0x00006c00                QP::QF_div8Lkup
                0x00006c44                QP::QF_invPwr2Lkup
                0x00006c88                QP::QF_pwr2Lkup
 .rodata        0x00006ccc        0x8 D:\qp\qpcpp/ports/arm-cortex/vanilla/gnu/spy\libqp_cortex-m3_cs.a(qf_tick.o)
 .rodata        0x00006cd4        0x8 D:\qp\qpcpp/ports/arm-cortex/vanilla/gnu/spy\libqp_cortex-m3_cs.a(qmp_get.o)
 .rodata        0x00006cdc        0xc D:\qp\qpcpp/ports/arm-cortex/vanilla/gnu/spy\libqp_cortex-m3_cs.a(qmp_init.o)
 .rodata        0x00006ce8        0xc D:\qp\qpcpp/ports/arm-cortex/vanilla/gnu/spy\libqp_cortex-m3_cs.a(qte_ctor.o)
 .rodata        0x00006cf4        0x8 D:\qp\qpcpp/ports/arm-cortex/vanilla/gnu/spy\libqp_cortex-m3_cs.a(qte_arm.o)
 .rodata        0x00006cfc        0xc D:\qp\qpcpp/ports/arm-cortex/vanilla/gnu/spy\libqp_cortex-m3_cs.a(qvanilla.o)
 .rodata        0x00006d08        0x8 D:\qp\qpcpp/ports/arm-cortex/vanilla/gnu/spy\libqp_cortex-m3_cs.a(qs.o)
 .rodata        0x00006d10       0x18 D:\qp\qpcpp/ports/arm-cortex/vanilla/gnu/spy\libqp_cortex-m3_cs.a(qep.o)
                0x00006d18                QP::QEP_reservedEvt_
 .rodata        0x00006d28        0x8 D:\qp\qpcpp/ports/arm-cortex/vanilla/gnu/spy\libqp_cortex-m3_cs.a(qa_get_.o)
 .rodata        0x00006d30        0x8 D:\qp\qpcpp/ports/arm-cortex/vanilla/gnu/spy\libqp_cortex-m3_cs.a(qf_gc.o)
 .rodata        0x00006d38        0x8 D:\qp\qpcpp/ports/arm-cortex/vanilla/gnu/spy\libqp_cortex-m3_cs.a(qmp_put.o)
 *(.rodata*)
 .rodata.str1.4
                0x00006d40        0x8 spy/startup_lm3s.o
 .rodata._ZTV5Mine2
                0x00006d48       0x10 spy/mine2.o
                0x00006d48                vtable for Mine2
 .rodata._ZTVN2QP7QActiveE
                0x00006d58       0x10 spy/missile.o
                0x00006d58                vtable for QP::QActive
 .rodata._ZTV7Missile
                0x00006d68       0x10 spy/missile.o
                0x00006d68                vtable for Missile
 .rodata._ZTV4Ship
                0x00006d78       0x10 spy/ship.o
                0x00006d78                vtable for Ship
 .rodata._ZTV5Mine1
                0x00006d88       0x10 spy/mine1.o
                0x00006d88                vtable for Mine1
 .rodata._ZTV6Tunnel
                0x00006d98       0x10 spy/tunnel.o
                0x00006d98                vtable for Tunnel
 .rodata.str1.4
                0x00006da8       0x20 spy/tunnel.o
 *(.init)
 *(.fini)
                0x00006dc8                . = ALIGN (0x4)

.glue_7         0x00006dc8        0x0
 .glue_7        0x00000000        0x0 linker stubs

.glue_7t        0x00006dc8        0x0
 .glue_7t       0x00000000        0x0 linker stubs

.vfp11_veneer   0x00006dc8        0x0
 .vfp11_veneer  0x00000000        0x0 linker stubs

.v4_bx          0x00006dc8        0x0
 .v4_bx         0x00000000        0x0 linker stubs

.iplt           0x00006dc8        0x0
 .iplt          0x00000000        0x0 spy/display96x16x1.o

.rel.dyn        0x00006dc8        0x0
 .rel.iplt      0x00000000        0x0 spy/display96x16x1.o

.preinit_array  0x00006dc8        0x0
                0x00006dc8                PROVIDE (__preinit_array_start, .)
 *(.preinit_array*)
                0x00006dc8                PROVIDE (__preinit_array_end, .)

.init_array     0x00006dc8       0x14
                0x00006dc8                PROVIDE (__init_array_start, .)
 *(SORT(.init_array.*))
 *(.init_array*)
 .init_array    0x00006dc8        0x4 spy/mine2.o
 .init_array    0x00006dcc        0x4 spy/missile.o
 .init_array    0x00006dd0        0x4 spy/ship.o
 .init_array    0x00006dd4        0x4 spy/mine1.o
 .init_array    0x00006dd8        0x4 spy/tunnel.o
                0x00006ddc                PROVIDE (__init_array_end, .)

.fini_array     0x00006ddc        0x0
                0x00006ddc                PROVIDE (__fini_array_start, .)
 *(.fini_array*)
 *(SORT(.fini_array.*))
                0x00006ddc                PROVIDE (__fini_array_end, .)
                0x00006ddc                _etext = .

.data           0x20000000        0x0 load address 0x00006ddc
                0x00006ddc                __data_load = LOADADDR (.data)
                0x20000000                __data_start = .
 *(.data)
 .data          0x20000000        0x0 spy/display96x16x1.o
 .data          0x20000000        0x0 spy/startup_lm3s.o
 .data          0x20000000        0x0 spy/system_lm3s.o
 .data          0x20000000        0x0 spy/mine2.o
 .data          0x20000000        0x0 spy/main.o
 .data          0x20000000        0x0 spy/missile.o
 .data          0x20000000        0x0 spy/ship.o
 .data          0x20000000        0x0 spy/bsp.o
 .data          0x20000000        0x0 spy/mine1.o
 .data          0x20000000        0x0 spy/no_heap.o
 .data          0x20000000        0x0 spy/tunnel.o
 .data          0x20000000        0x0 spy/mini_cpp.o
 .data          0x20000000        0x0 D:\qp\qpcpp/ports/arm-cortex/vanilla/gnu/spy\libqp_cortex-m3_cs.a(qhsm_ini.o)
 .data          0x20000000        0x0 D:\qp\qpcpp/ports/arm-cortex/vanilla/gnu/spy\libqp_cortex-m3_cs.a(qhsm_dis.o)
 .data          0x20000000        0x0 D:\qp\qpcpp/ports/arm-cortex/vanilla/gnu/spy\libqp_cortex-m3_cs.a(qhsm_top.o)
 .data          0x20000000        0x0 D:\qp\qpcpp/ports/arm-cortex/vanilla/gnu/spy\libqp_cortex-m3_cs.a(qa_fifo.o)
 .data          0x20000000        0x0 D:\qp\qpcpp/ports/arm-cortex/vanilla/gnu/spy\libqp_cortex-m3_cs.a(qa_sub.o)
 .data          0x20000000        0x0 D:\qp\qpcpp/ports/arm-cortex/vanilla/gnu/spy\libqp_cortex-m3_cs.a(qf_act.o)
 .data          0x20000000        0x0 D:\qp\qpcpp/ports/arm-cortex/vanilla/gnu/spy\libqp_cortex-m3_cs.a(qf_new.o)
 .data          0x20000000        0x0 D:\qp\qpcpp/ports/arm-cortex/vanilla/gnu/spy\libqp_cortex-m3_cs.a(qf_pool.o)
 .data          0x20000000        0x0 D:\qp\qpcpp/ports/arm-cortex/vanilla/gnu/spy\libqp_cortex-m3_cs.a(qf_psini.o)
 .data          0x20000000        0x0 D:\qp\qpcpp/ports/arm-cortex/vanilla/gnu/spy\libqp_cortex-m3_cs.a(qf_pspub.o)
 .data          0x20000000        0x0 D:\qp\qpcpp/ports/arm-cortex/vanilla/gnu/spy\libqp_cortex-m3_cs.a(qf_pwr2.o)
 .data          0x20000000        0x0 D:\qp\qpcpp/ports/arm-cortex/vanilla/gnu/spy\libqp_cortex-m3_cs.a(qf_tick.o)
 .data          0x20000000        0x0 D:\qp\qpcpp/ports/arm-cortex/vanilla/gnu/spy\libqp_cortex-m3_cs.a(qmp_get.o)
 .data          0x20000000        0x0 D:\qp\qpcpp/ports/arm-cortex/vanilla/gnu/spy\libqp_cortex-m3_cs.a(qmp_init.o)
 .data          0x20000000        0x0 D:\qp\qpcpp/ports/arm-cortex/vanilla/gnu/spy\libqp_cortex-m3_cs.a(qte_ctor.o)
 .data          0x20000000        0x0 D:\qp\qpcpp/ports/arm-cortex/vanilla/gnu/spy\libqp_cortex-m3_cs.a(qte_arm.o)
 .data          0x20000000        0x0 D:\qp\qpcpp/ports/arm-cortex/vanilla/gnu/spy\libqp_cortex-m3_cs.a(qte_darm.o)
 .data          0x20000000        0x0 D:\qp\qpcpp/ports/arm-cortex/vanilla/gnu/spy\libqp_cortex-m3_cs.a(qvanilla.o)
 .data          0x20000000        0x0 D:\qp\qpcpp/ports/arm-cortex/vanilla/gnu/spy\libqp_cortex-m3_cs.a(qs.o)
 .data          0x20000000        0x0 D:\qp\qpcpp/ports/arm-cortex/vanilla/gnu/spy\libqp_cortex-m3_cs.a(qs_.o)
 .data          0x20000000        0x0 D:\qp\qpcpp/ports/arm-cortex/vanilla/gnu/spy\libqp_cortex-m3_cs.a(qs_blk.o)
 .data          0x20000000        0x0 D:\qp\qpcpp/ports/arm-cortex/vanilla/gnu/spy\libqp_cortex-m3_cs.a(qep.o)
 .data          0x20000000        0x0 D:\qp\qpcpp/ports/arm-cortex/vanilla/gnu/spy\libqp_cortex-m3_cs.a(qa_get_.o)
 .data          0x20000000        0x0 D:\qp\qpcpp/ports/arm-cortex/vanilla/gnu/spy\libqp_cortex-m3_cs.a(qeq_init.o)
 .data          0x20000000        0x0 D:\qp\qpcpp/ports/arm-cortex/vanilla/gnu/spy\libqp_cortex-m3_cs.a(qf_gc.o)
 .data          0x20000000        0x0 D:\qp\qpcpp/ports/arm-cortex/vanilla/gnu/spy\libqp_cortex-m3_cs.a(qmp_put.o)
 .data          0x20000000        0x0 c:/tools/codesourcery/bin/../lib/gcc/arm-none-eabi/4.7.2/../../../../arm-none-eabi/lib/armv7-m\libc.a(lib_a-aeabi_atexit.o)
 .data          0x20000000        0x0 c:/tools/codesourcery/bin/../lib/gcc/arm-none-eabi/4.7.2/../../../../arm-none-eabi/lib/armv7-m\libc.a(lib_a-asm-memcpy.o)
 .data          0x20000000        0x0 c:/tools/codesourcery/bin/../lib/gcc/arm-none-eabi/4.7.2/../../../../arm-none-eabi/lib/armv7-m\libc.a(lib_a-init.o)
 .data          0x20000000        0x0 c:/tools/codesourcery/bin/../lib/gcc/arm-none-eabi/4.7.2/../../../../arm-none-eabi/lib/armv7-m\libc.a(lib_a-memmove.o)
 .data          0x20000000        0x0 c:/tools/codesourcery/bin/../lib/gcc/arm-none-eabi/4.7.2/../../../../arm-none-eabi/lib/armv7-m\libc.a(lib_a-memset.o)
 *(.data*)
                0x20000000                . = ALIGN (0x4)
                0x20000000                __data_end__ = .
                0x20000000                _edata = __data_end__

.igot.plt       0x20000000        0x0 load address 0x00006ddc
 .igot.plt      0x00000000        0x0 spy/display96x16x1.o

.bss            0x20000000      0xbc8 load address 0x00006ddc
                0x20000000                __bss_start__ = .
 *(.bss)
 .bss           0x20000000        0x8 spy/display96x16x1.o
 .bss           0x20000008        0x0 spy/startup_lm3s.o
 .bss           0x20000008        0x4 spy/system_lm3s.o
                0x20000008                SystemFrequency
 .bss           0x2000000c       0x68 spy/mine2.o
 .bss           0x20000074      0x114 spy/main.o
 .bss           0x20000188       0x20 spy/missile.o
 .bss           0x200001a8       0x24 spy/ship.o
 .bss           0x200001cc      0x61c spy/bsp.o
                0x200001cc                QS_tickTime_
                0x200001d0                QS_tickPeriod_
                0x200001d4                l_SysTick_Handler
                0x200001e0                l_ADCSeq3_IRQHandler
 .bss           0x200007e8       0x68 spy/mine1.o
 .bss           0x20000850        0x0 spy/no_heap.o
 .bss           0x20000850      0x208 spy/tunnel.o
 .bss           0x20000a58        0x4 spy/mini_cpp.o
                0x20000a58                __dso_handle
 .bss           0x20000a5c        0x0 D:\qp\qpcpp/ports/arm-cortex/vanilla/gnu/spy\libqp_cortex-m3_cs.a(qhsm_ini.o)
 .bss           0x20000a5c        0x0 D:\qp\qpcpp/ports/arm-cortex/vanilla/gnu/spy\libqp_cortex-m3_cs.a(qhsm_dis.o)
 .bss           0x20000a5c        0x0 D:\qp\qpcpp/ports/arm-cortex/vanilla/gnu/spy\libqp_cortex-m3_cs.a(qhsm_top.o)
 .bss           0x20000a5c        0x0 D:\qp\qpcpp/ports/arm-cortex/vanilla/gnu/spy\libqp_cortex-m3_cs.a(qa_fifo.o)
 .bss           0x20000a5c        0x0 D:\qp\qpcpp/ports/arm-cortex/vanilla/gnu/spy\libqp_cortex-m3_cs.a(qa_sub.o)
 .bss           0x20000a5c       0x88 D:\qp\qpcpp/ports/arm-cortex/vanilla/gnu/spy\libqp_cortex-m3_cs.a(qf_act.o)
                0x20000a5c                QP::QF::active_
                0x20000ae0                QP::QF_intLockNest_
 .bss           0x20000ae4        0x0 D:\qp\qpcpp/ports/arm-cortex/vanilla/gnu/spy\libqp_cortex-m3_cs.a(qf_new.o)
 .bss           0x20000ae4       0x7c D:\qp\qpcpp/ports/arm-cortex/vanilla/gnu/spy\libqp_cortex-m3_cs.a(qf_pool.o)
                0x20000ae4                QP::QF_maxPool_
                0x20000ae8                QP::QF_pool_
 .bss           0x20000b60        0x8 D:\qp\qpcpp/ports/arm-cortex/vanilla/gnu/spy\libqp_cortex-m3_cs.a(qf_psini.o)
                0x20000b60                QP::QF_subscrList_
                0x20000b64                QP::QF_maxSignal_
 .bss           0x20000b68        0x0 D:\qp\qpcpp/ports/arm-cortex/vanilla/gnu/spy\libqp_cortex-m3_cs.a(qf_pspub.o)
 .bss           0x20000b68        0x0 D:\qp\qpcpp/ports/arm-cortex/vanilla/gnu/spy\libqp_cortex-m3_cs.a(qf_pwr2.o)
 .bss           0x20000b68        0x0 D:\qp\qpcpp/ports/arm-cortex/vanilla/gnu/spy\libqp_cortex-m3_cs.a(qf_tick.o)
 .bss           0x20000b68        0x0 D:\qp\qpcpp/ports/arm-cortex/vanilla/gnu/spy\libqp_cortex-m3_cs.a(qmp_get.o)
 .bss           0x20000b68        0x0 D:\qp\qpcpp/ports/arm-cortex/vanilla/gnu/spy\libqp_cortex-m3_cs.a(qmp_init.o)
 .bss           0x20000b68        0x0 D:\qp\qpcpp/ports/arm-cortex/vanilla/gnu/spy\libqp_cortex-m3_cs.a(qte_ctor.o)
 .bss           0x20000b68        0x4 D:\qp\qpcpp/ports/arm-cortex/vanilla/gnu/spy\libqp_cortex-m3_cs.a(qte_arm.o)
                0x20000b68                QP::QF_timeEvtListHead_
 .bss           0x20000b6c        0x0 D:\qp\qpcpp/ports/arm-cortex/vanilla/gnu/spy\libqp_cortex-m3_cs.a(qte_darm.o)
 .bss           0x20000b6c        0xc D:\qp\qpcpp/ports/arm-cortex/vanilla/gnu/spy\libqp_cortex-m3_cs.a(qvanilla.o)
                0x20000b6c                QF_readySet_
                0x20000b75                QF_currPrio_
                0x20000b76                QF_intNest_
 .bss           0x20000b78       0x34 D:\qp\qpcpp/ports/arm-cortex/vanilla/gnu/spy\libqp_cortex-m3_cs.a(qs.o)
                0x20000b78                QP::QS_ring_
                0x20000b7c                QP::QS_end_
                0x20000b80                QP::QS::glbFilter_
                0x20000ba0                QP::QS_seq_
                0x20000ba1                QP::QS_chksum_
                0x20000ba2                QP::QS_head_
                0x20000ba4                QP::QS_used_
                0x20000ba6                QP::QS_tail_
                0x20000ba8                QP::QS_full_
 .bss           0x20000bac       0x1c D:\qp\qpcpp/ports/arm-cortex/vanilla/gnu/spy\libqp_cortex-m3_cs.a(qs_.o)
                0x20000bac                QP::QS::tickCtr_
                0x20000bb0                QP::QS::apObj_
                0x20000bb4                QP::QS::teObj_
                0x20000bb8                QP::QS::eqObj_
                0x20000bbc                QP::QS::mpObj_
                0x20000bc0                QP::QS::aoObj_
                0x20000bc4                QP::QS::smObj_
 .bss           0x20000bc8        0x0 D:\qp\qpcpp/ports/arm-cortex/vanilla/gnu/spy\libqp_cortex-m3_cs.a(qs_blk.o)
 .bss           0x20000bc8        0x0 D:\qp\qpcpp/ports/arm-cortex/vanilla/gnu/spy\libqp_cortex-m3_cs.a(qep.o)
 .bss           0x20000bc8        0x0 D:\qp\qpcpp/ports/arm-cortex/vanilla/gnu/spy\libqp_cortex-m3_cs.a(qa_get_.o)
 .bss           0x20000bc8        0x0 D:\qp\qpcpp/ports/arm-cortex/vanilla/gnu/spy\libqp_cortex-m3_cs.a(qeq_init.o)
 .bss           0x20000bc8        0x0 D:\qp\qpcpp/ports/arm-cortex/vanilla/gnu/spy\libqp_cortex-m3_cs.a(qf_gc.o)
 .bss           0x20000bc8        0x0 D:\qp\qpcpp/ports/arm-cortex/vanilla/gnu/spy\libqp_cortex-m3_cs.a(qmp_put.o)
 .bss           0x20000bc8        0x0 c:/tools/codesourcery/bin/../lib/gcc/arm-none-eabi/4.7.2/../../../../arm-none-eabi/lib/armv7-m\libc.a(lib_a-aeabi_atexit.o)
 .bss           0x20000bc8        0x0 c:/tools/codesourcery/bin/../lib/gcc/arm-none-eabi/4.7.2/../../../../arm-none-eabi/lib/armv7-m\libc.a(lib_a-asm-memcpy.o)
 .bss           0x20000bc8        0x0 c:/tools/codesourcery/bin/../lib/gcc/arm-none-eabi/4.7.2/../../../../arm-none-eabi/lib/armv7-m\libc.a(lib_a-init.o)
 .bss           0x20000bc8        0x0 c:/tools/codesourcery/bin/../lib/gcc/arm-none-eabi/4.7.2/../../../../arm-none-eabi/lib/armv7-m\libc.a(lib_a-memmove.o)
 .bss           0x20000bc8        0x0 c:/tools/codesourcery/bin/../lib/gcc/arm-none-eabi/4.7.2/../../../../arm-none-eabi/lib/armv7-m\libc.a(lib_a-memset.o)
 *(.bss*)
 *(COMMON)
                0x20000bc8                . = ALIGN (0x4)
                0x20000bc8                _ebss = .
                0x20000bc8                __bss_end__ = .
                0x20000bc8                PROVIDE (end, _ebss)
                0x20000bc8                PROVIDE (_end, _ebss)
                0x20000bc8                PROVIDE (__end__, _ebss)

.heap           0x20000bc8        0x0
                0x20000bc8                __heap_start__ = .
                0x20000bc8                . = (. + HEAP_SIZE)
                0x20000bc8                . = ALIGN (0x4)
                0x20000bc8                __heap_end__ = .

.stack          0x20000bc8      0x3e8 load address 0x000079a4
                0x20000bc8                __stack_start__ = .
                0x20000fb0                . = (. + STACK_SIZE)
 *fill*         0x20000bc8      0x3e8 
                0x20000fb0                . = ALIGN (0x4)
                0x20000fb0                __c_stack_top__ = .
                0x20000fb0                __stack_end__ = .

/DISCARD/
 libc.a(*)
 libm.a(*)
 libgcc.a(*)
OUTPUT(spy/game.elf elf32-littlearm)

.debug_info     0x00000000    0x1fd28
 .debug_info    0x00000000      0xd3f spy/display96x16x1.o
 .debug_info    0x00000d3f      0x24c spy/startup_lm3s.o
 .debug_info    0x00000f8b      0x45e spy/system_lm3s.o
 .debug_info    0x000013e9     0x1d7b spy/mine2.o
 .debug_info    0x00003164     0x10e6 spy/main.o
 .debug_info    0x0000424a     0x16c8 spy/missile.o
 .debug_info    0x00005912     0x1a2c spy/ship.o
 .debug_info    0x0000733e     0x2336 spy/bsp.o
 .debug_info    0x00009674     0x1d7b spy/mine1.o
 .debug_info    0x0000b3ef      0x2fd spy/no_heap.o
 .debug_info    0x0000b6ec     0x32cb spy/tunnel.o
 .debug_info    0x0000e9b7      0x17e spy/mini_cpp.o
 .debug_info    0x0000eb35      0xab0 D:\qp\qpcpp/ports/arm-cortex/vanilla/gnu/spy\libqp_cortex-m3_cs.a(qhsm_ini.o)
 .debug_info    0x0000f5e5      0xd18 D:\qp\qpcpp/ports/arm-cortex/vanilla/gnu/spy\libqp_cortex-m3_cs.a(qhsm_dis.o)
 .debug_info    0x000102fd      0x317 D:\qp\qpcpp/ports/arm-cortex/vanilla/gnu/spy\libqp_cortex-m3_cs.a(qhsm_top.o)
 .debug_info    0x00010614      0xdc9 D:\qp\qpcpp/ports/arm-cortex/vanilla/gnu/spy\libqp_cortex-m3_cs.a(qa_fifo.o)
 .debug_info    0x000113dd      0xbd7 D:\qp\qpcpp/ports/arm-cortex/vanilla/gnu/spy\libqp_cortex-m3_cs.a(qa_sub.o)
 .debug_info    0x00011fb4      0xcb8 D:\qp\qpcpp/ports/arm-cortex/vanilla/gnu/spy\libqp_cortex-m3_cs.a(qf_act.o)
 .debug_info    0x00012c6c      0xd5a D:\qp\qpcpp/ports/arm-cortex/vanilla/gnu/spy\libqp_cortex-m3_cs.a(qf_new.o)
 .debug_info    0x000139c6      0xaf2 D:\qp\qpcpp/ports/arm-cortex/vanilla/gnu/spy\libqp_cortex-m3_cs.a(qf_pool.o)
 .debug_info    0x000144b8      0x8da D:\qp\qpcpp/ports/arm-cortex/vanilla/gnu/spy\libqp_cortex-m3_cs.a(qf_psini.o)
 .debug_info    0x00014d92      0xd31 D:\qp\qpcpp/ports/arm-cortex/vanilla/gnu/spy\libqp_cortex-m3_cs.a(qf_pspub.o)
 .debug_info    0x00015ac3      0x8eb D:\qp\qpcpp/ports/arm-cortex/vanilla/gnu/spy\libqp_cortex-m3_cs.a(qf_pwr2.o)
 .debug_info    0x000163ae      0xc9e D:\qp\qpcpp/ports/arm-cortex/vanilla/gnu/spy\libqp_cortex-m3_cs.a(qf_tick.o)
 .debug_info    0x0001704c      0xd64 D:\qp\qpcpp/ports/arm-cortex/vanilla/gnu/spy\libqp_cortex-m3_cs.a(qmp_get.o)
 .debug_info    0x00017db0      0xcde D:\qp\qpcpp/ports/arm-cortex/vanilla/gnu/spy\libqp_cortex-m3_cs.a(qmp_init.o)
 .debug_info    0x00018a8e      0x91c D:\qp\qpcpp/ports/arm-cortex/vanilla/gnu/spy\libqp_cortex-m3_cs.a(qte_ctor.o)
 .debug_info    0x000193aa      0xc1a D:\qp\qpcpp/ports/arm-cortex/vanilla/gnu/spy\libqp_cortex-m3_cs.a(qte_arm.o)
 .debug_info    0x00019fc4      0xb37 D:\qp\qpcpp/ports/arm-cortex/vanilla/gnu/spy\libqp_cortex-m3_cs.a(qte_darm.o)
 .debug_info    0x0001aafb      0xd6b D:\qp\qpcpp/ports/arm-cortex/vanilla/gnu/spy\libqp_cortex-m3_cs.a(qvanilla.o)
 .debug_info    0x0001b866      0x5c9 D:\qp\qpcpp/ports/arm-cortex/vanilla/gnu/spy\libqp_cortex-m3_cs.a(qs.o)
 .debug_info    0x0001be2f      0x4ef D:\qp\qpcpp/ports/arm-cortex/vanilla/gnu/spy\libqp_cortex-m3_cs.a(qs_.o)
 .debug_info    0x0001c31e      0x300 D:\qp\qpcpp/ports/arm-cortex/vanilla/gnu/spy\libqp_cortex-m3_cs.a(qs_blk.o)
 .debug_info    0x0001c61e      0x33d D:\qp\qpcpp/ports/arm-cortex/vanilla/gnu/spy\libqp_cortex-m3_cs.a(qep.o)
 .debug_info    0x0001c95b      0xe48 D:\qp\qpcpp/ports/arm-cortex/vanilla/gnu/spy\libqp_cortex-m3_cs.a(qa_get_.o)
 .debug_info    0x0001d7a3      0xabf D:\qp\qpcpp/ports/arm-cortex/vanilla/gnu/spy\libqp_cortex-m3_cs.a(qeq_init.o)
 .debug_info    0x0001e262      0xe1b D:\qp\qpcpp/ports/arm-cortex/vanilla/gnu/spy\libqp_cortex-m3_cs.a(qf_gc.o)
 .debug_info    0x0001f07d      0xcab D:\qp\qpcpp/ports/arm-cortex/vanilla/gnu/spy\libqp_cortex-m3_cs.a(qmp_put.o)

.debug_abbrev   0x00000000     0x8380
 .debug_abbrev  0x00000000      0x1d2 spy/display96x16x1.o
 .debug_abbrev  0x000001d2      0x149 spy/startup_lm3s.o
 .debug_abbrev  0x0000031b      0x109 spy/system_lm3s.o
 .debug_abbrev  0x00000424      0x5b5 spy/mine2.o
 .debug_abbrev  0x000009d9      0x36a spy/main.o
 .debug_abbrev  0x00000d43      0x539 spy/missile.o
 .debug_abbrev  0x0000127c      0x564 spy/ship.o
 .debug_abbrev  0x000017e0      0x640 spy/bsp.o
 .debug_abbrev  0x00001e20      0x5b5 spy/mine1.o
 .debug_abbrev  0x000023d5      0x13d spy/no_heap.o
 .debug_abbrev  0x00002512      0x744 spy/tunnel.o
 .debug_abbrev  0x00002c56      0x132 spy/mini_cpp.o
 .debug_abbrev  0x00002d88      0x3e8 D:\qp\qpcpp/ports/arm-cortex/vanilla/gnu/spy\libqp_cortex-m3_cs.a(qhsm_ini.o)
 .debug_abbrev  0x00003170      0x263 D:\qp\qpcpp/ports/arm-cortex/vanilla/gnu/spy\libqp_cortex-m3_cs.a(qhsm_dis.o)
 .debug_abbrev  0x000033d3      0x136 D:\qp\qpcpp/ports/arm-cortex/vanilla/gnu/spy\libqp_cortex-m3_cs.a(qhsm_top.o)
 .debug_abbrev  0x00003509      0x457 D:\qp\qpcpp/ports/arm-cortex/vanilla/gnu/spy\libqp_cortex-m3_cs.a(qa_fifo.o)
 .debug_abbrev  0x00003960      0x3af D:\qp\qpcpp/ports/arm-cortex/vanilla/gnu/spy\libqp_cortex-m3_cs.a(qa_sub.o)
 .debug_abbrev  0x00003d0f      0x411 D:\qp\qpcpp/ports/arm-cortex/vanilla/gnu/spy\libqp_cortex-m3_cs.a(qf_act.o)
 .debug_abbrev  0x00004120      0x3f7 D:\qp\qpcpp/ports/arm-cortex/vanilla/gnu/spy\libqp_cortex-m3_cs.a(qf_new.o)
 .debug_abbrev  0x00004517      0x37c D:\qp\qpcpp/ports/arm-cortex/vanilla/gnu/spy\libqp_cortex-m3_cs.a(qf_pool.o)
 .debug_abbrev  0x00004893      0x2f0 D:\qp\qpcpp/ports/arm-cortex/vanilla/gnu/spy\libqp_cortex-m3_cs.a(qf_psini.o)
 .debug_abbrev  0x00004b83      0x443 D:\qp\qpcpp/ports/arm-cortex/vanilla/gnu/spy\libqp_cortex-m3_cs.a(qf_pspub.o)
 .debug_abbrev  0x00004fc6      0x2a8 D:\qp\qpcpp/ports/arm-cortex/vanilla/gnu/spy\libqp_cortex-m3_cs.a(qf_pwr2.o)
 .debug_abbrev  0x0000526e      0x415 D:\qp\qpcpp/ports/arm-cortex/vanilla/gnu/spy\libqp_cortex-m3_cs.a(qf_tick.o)
 .debug_abbrev  0x00005683      0x404 D:\qp\qpcpp/ports/arm-cortex/vanilla/gnu/spy\libqp_cortex-m3_cs.a(qmp_get.o)
 .debug_abbrev  0x00005a87      0x3be D:\qp\qpcpp/ports/arm-cortex/vanilla/gnu/spy\libqp_cortex-m3_cs.a(qmp_init.o)
 .debug_abbrev  0x00005e45      0x33b D:\qp\qpcpp/ports/arm-cortex/vanilla/gnu/spy\libqp_cortex-m3_cs.a(qte_ctor.o)
 .debug_abbrev  0x00006180      0x3f8 D:\qp\qpcpp/ports/arm-cortex/vanilla/gnu/spy\libqp_cortex-m3_cs.a(qte_arm.o)
 .debug_abbrev  0x00006578      0x363 D:\qp\qpcpp/ports/arm-cortex/vanilla/gnu/spy\libqp_cortex-m3_cs.a(qte_darm.o)
 .debug_abbrev  0x000068db      0x4d0 D:\qp\qpcpp/ports/arm-cortex/vanilla/gnu/spy\libqp_cortex-m3_cs.a(qvanilla.o)
 .debug_abbrev  0x00006dab      0x205 D:\qp\qpcpp/ports/arm-cortex/vanilla/gnu/spy\libqp_cortex-m3_cs.a(qs.o)
 .debug_abbrev  0x00006fb0      0x172 D:\qp\qpcpp/ports/arm-cortex/vanilla/gnu/spy\libqp_cortex-m3_cs.a(qs_.o)
 .debug_abbrev  0x00007122      0x135 D:\qp\qpcpp/ports/arm-cortex/vanilla/gnu/spy\libqp_cortex-m3_cs.a(qs_blk.o)
 .debug_abbrev  0x00007257      0x142 D:\qp\qpcpp/ports/arm-cortex/vanilla/gnu/spy\libqp_cortex-m3_cs.a(qep.o)
 .debug_abbrev  0x00007399      0x4a8 D:\qp\qpcpp/ports/arm-cortex/vanilla/gnu/spy\libqp_cortex-m3_cs.a(qa_get_.o)
 .debug_abbrev  0x00007841      0x36c D:\qp\qpcpp/ports/arm-cortex/vanilla/gnu/spy\libqp_cortex-m3_cs.a(qeq_init.o)
 .debug_abbrev  0x00007bad      0x43a D:\qp\qpcpp/ports/arm-cortex/vanilla/gnu/spy\libqp_cortex-m3_cs.a(qf_gc.o)
 .debug_abbrev  0x00007fe7      0x399 D:\qp\qpcpp/ports/arm-cortex/vanilla/gnu/spy\libqp_cortex-m3_cs.a(qmp_put.o)

.debug_loc      0x00000000     0x5634
 .debug_loc     0x00000000      0x479 spy/display96x16x1.o
 .debug_loc     0x00000479       0x40 spy/startup_lm3s.o
 .debug_loc     0x000004b9      0x137 spy/system_lm3s.o
 .debug_loc     0x000005f0      0x73c spy/mine2.o
 .debug_loc     0x00000d2c       0x2c spy/main.o
 .debug_loc     0x00000d58      0x510 spy/missile.o
 .debug_loc     0x00001268      0x637 spy/ship.o
 .debug_loc     0x0000189f      0x437 spy/bsp.o
 .debug_loc     0x00001cd6      0x73b spy/mine1.o
 .debug_loc     0x00002411       0x60 spy/no_heap.o
 .debug_loc     0x00002471     0x19a0 spy/tunnel.o
 .debug_loc     0x00003e11       0x82 spy/mini_cpp.o
 .debug_loc     0x00003e93      0x12c D:\qp\qpcpp/ports/arm-cortex/vanilla/gnu/spy\libqp_cortex-m3_cs.a(qhsm_ini.o)
 .debug_loc     0x00003fbf      0x477 D:\qp\qpcpp/ports/arm-cortex/vanilla/gnu/spy\libqp_cortex-m3_cs.a(qhsm_dis.o)
 .debug_loc     0x00004436      0x127 D:\qp\qpcpp/ports/arm-cortex/vanilla/gnu/spy\libqp_cortex-m3_cs.a(qa_fifo.o)
 .debug_loc     0x0000455d       0xb8 D:\qp\qpcpp/ports/arm-cortex/vanilla/gnu/spy\libqp_cortex-m3_cs.a(qa_sub.o)
 .debug_loc     0x00004615       0xd2 D:\qp\qpcpp/ports/arm-cortex/vanilla/gnu/spy\libqp_cortex-m3_cs.a(qf_act.o)
 .debug_loc     0x000046e7       0xc1 D:\qp\qpcpp/ports/arm-cortex/vanilla/gnu/spy\libqp_cortex-m3_cs.a(qf_new.o)
 .debug_loc     0x000047a8       0xd5 D:\qp\qpcpp/ports/arm-cortex/vanilla/gnu/spy\libqp_cortex-m3_cs.a(qf_pool.o)
 .debug_loc     0x0000487d       0xeb D:\qp\qpcpp/ports/arm-cortex/vanilla/gnu/spy\libqp_cortex-m3_cs.a(qf_pspub.o)
 .debug_loc     0x00004968       0x83 D:\qp\qpcpp/ports/arm-cortex/vanilla/gnu/spy\libqp_cortex-m3_cs.a(qf_tick.o)
 .debug_loc     0x000049eb       0x7f D:\qp\qpcpp/ports/arm-cortex/vanilla/gnu/spy\libqp_cortex-m3_cs.a(qmp_get.o)
 .debug_loc     0x00004a6a      0x10e D:\qp\qpcpp/ports/arm-cortex/vanilla/gnu/spy\libqp_cortex-m3_cs.a(qmp_init.o)
 .debug_loc     0x00004b78       0x5c D:\qp\qpcpp/ports/arm-cortex/vanilla/gnu/spy\libqp_cortex-m3_cs.a(qte_ctor.o)
 .debug_loc     0x00004bd4       0x94 D:\qp\qpcpp/ports/arm-cortex/vanilla/gnu/spy\libqp_cortex-m3_cs.a(qte_arm.o)
 .debug_loc     0x00004c68       0xab D:\qp\qpcpp/ports/arm-cortex/vanilla/gnu/spy\libqp_cortex-m3_cs.a(qte_darm.o)
 .debug_loc     0x00004d13      0x1b9 D:\qp\qpcpp/ports/arm-cortex/vanilla/gnu/spy\libqp_cortex-m3_cs.a(qvanilla.o)
 .debug_loc     0x00004ecc      0x26a D:\qp\qpcpp/ports/arm-cortex/vanilla/gnu/spy\libqp_cortex-m3_cs.a(qs.o)
 .debug_loc     0x00005136      0x1c6 D:\qp\qpcpp/ports/arm-cortex/vanilla/gnu/spy\libqp_cortex-m3_cs.a(qs_.o)
 .debug_loc     0x000052fc       0xac D:\qp\qpcpp/ports/arm-cortex/vanilla/gnu/spy\libqp_cortex-m3_cs.a(qs_blk.o)
 .debug_loc     0x000053a8       0xb8 D:\qp\qpcpp/ports/arm-cortex/vanilla/gnu/spy\libqp_cortex-m3_cs.a(qa_get_.o)
 .debug_loc     0x00005460       0x80 D:\qp\qpcpp/ports/arm-cortex/vanilla/gnu/spy\libqp_cortex-m3_cs.a(qeq_init.o)
 .debug_loc     0x000054e0       0xf8 D:\qp\qpcpp/ports/arm-cortex/vanilla/gnu/spy\libqp_cortex-m3_cs.a(qf_gc.o)
 .debug_loc     0x000055d8       0x5c D:\qp\qpcpp/ports/arm-cortex/vanilla/gnu/spy\libqp_cortex-m3_cs.a(qmp_put.o)

.debug_aranges  0x00000000      0x538
 .debug_aranges
                0x00000000       0x20 spy/display96x16x1.o
 .debug_aranges
                0x00000020       0x20 spy/startup_lm3s.o
 .debug_aranges
                0x00000040       0x20 spy/system_lm3s.o
 .debug_aranges
                0x00000060       0x30 spy/mine2.o
 .debug_aranges
                0x00000090       0x20 spy/main.o
 .debug_aranges
                0x000000b0       0x40 spy/missile.o
 .debug_aranges
                0x000000f0       0x40 spy/ship.o
 .debug_aranges
                0x00000130       0x20 spy/bsp.o
 .debug_aranges
                0x00000150       0x30 spy/mine1.o
 .debug_aranges
                0x00000180       0x20 spy/no_heap.o
 .debug_aranges
                0x000001a0       0x40 spy/tunnel.o
 .debug_aranges
                0x000001e0       0x20 spy/mini_cpp.o
 .debug_aranges
                0x00000200       0x20 D:\qp\qpcpp/ports/arm-cortex/vanilla/gnu/spy\libqp_cortex-m3_cs.a(qhsm_ini.o)
 .debug_aranges
                0x00000220       0x20 D:\qp\qpcpp/ports/arm-cortex/vanilla/gnu/spy\libqp_cortex-m3_cs.a(qhsm_dis.o)
 .debug_aranges
                0x00000240       0x20 D:\qp\qpcpp/ports/arm-cortex/vanilla/gnu/spy\libqp_cortex-m3_cs.a(qhsm_top.o)
 .debug_aranges
                0x00000260       0x20 D:\qp\qpcpp/ports/arm-cortex/vanilla/gnu/spy\libqp_cortex-m3_cs.a(qa_fifo.o)
 .debug_aranges
                0x00000280       0x20 D:\qp\qpcpp/ports/arm-cortex/vanilla/gnu/spy\libqp_cortex-m3_cs.a(qa_sub.o)
 .debug_aranges
                0x000002a0       0x20 D:\qp\qpcpp/ports/arm-cortex/vanilla/gnu/spy\libqp_cortex-m3_cs.a(qf_act.o)
 .debug_aranges
                0x000002c0       0x20 D:\qp\qpcpp/ports/arm-cortex/vanilla/gnu/spy\libqp_cortex-m3_cs.a(qf_new.o)
 .debug_aranges
                0x000002e0       0x20 D:\qp\qpcpp/ports/arm-cortex/vanilla/gnu/spy\libqp_cortex-m3_cs.a(qf_pool.o)
 .debug_aranges
                0x00000300       0x20 D:\qp\qpcpp/ports/arm-cortex/vanilla/gnu/spy\libqp_cortex-m3_cs.a(qf_psini.o)
 .debug_aranges
                0x00000320       0x20 D:\qp\qpcpp/ports/arm-cortex/vanilla/gnu/spy\libqp_cortex-m3_cs.a(qf_pspub.o)
 .debug_aranges
                0x00000340       0x18 D:\qp\qpcpp/ports/arm-cortex/vanilla/gnu/spy\libqp_cortex-m3_cs.a(qf_pwr2.o)
 .debug_aranges
                0x00000358       0x20 D:\qp\qpcpp/ports/arm-cortex/vanilla/gnu/spy\libqp_cortex-m3_cs.a(qf_tick.o)
 .debug_aranges
                0x00000378       0x20 D:\qp\qpcpp/ports/arm-cortex/vanilla/gnu/spy\libqp_cortex-m3_cs.a(qmp_get.o)
 .debug_aranges
                0x00000398       0x20 D:\qp\qpcpp/ports/arm-cortex/vanilla/gnu/spy\libqp_cortex-m3_cs.a(qmp_init.o)
 .debug_aranges
                0x000003b8       0x20 D:\qp\qpcpp/ports/arm-cortex/vanilla/gnu/spy\libqp_cortex-m3_cs.a(qte_ctor.o)
 .debug_aranges
                0x000003d8       0x20 D:\qp\qpcpp/ports/arm-cortex/vanilla/gnu/spy\libqp_cortex-m3_cs.a(qte_arm.o)
 .debug_aranges
                0x000003f8       0x20 D:\qp\qpcpp/ports/arm-cortex/vanilla/gnu/spy\libqp_cortex-m3_cs.a(qte_darm.o)
 .debug_aranges
                0x00000418       0x20 D:\qp\qpcpp/ports/arm-cortex/vanilla/gnu/spy\libqp_cortex-m3_cs.a(qvanilla.o)
 .debug_aranges
                0x00000438       0x20 D:\qp\qpcpp/ports/arm-cortex/vanilla/gnu/spy\libqp_cortex-m3_cs.a(qs.o)
 .debug_aranges
                0x00000458       0x20 D:\qp\qpcpp/ports/arm-cortex/vanilla/gnu/spy\libqp_cortex-m3_cs.a(qs_.o)
 .debug_aranges
                0x00000478       0x20 D:\qp\qpcpp/ports/arm-cortex/vanilla/gnu/spy\libqp_cortex-m3_cs.a(qs_blk.o)
 .debug_aranges
                0x00000498       0x20 D:\qp\qpcpp/ports/arm-cortex/vanilla/gnu/spy\libqp_cortex-m3_cs.a(qep.o)
 .debug_aranges
                0x000004b8       0x20 D:\qp\qpcpp/ports/arm-cortex/vanilla/gnu/spy\libqp_cortex-m3_cs.a(qa_get_.o)
 .debug_aranges
                0x000004d8       0x20 D:\qp\qpcpp/ports/arm-cortex/vanilla/gnu/spy\libqp_cortex-m3_cs.a(qeq_init.o)
 .debug_aranges
                0x000004f8       0x20 D:\qp\qpcpp/ports/arm-cortex/vanilla/gnu/spy\libqp_cortex-m3_cs.a(qf_gc.o)
 .debug_aranges
                0x00000518       0x20 D:\qp\qpcpp/ports/arm-cortex/vanilla/gnu/spy\libqp_cortex-m3_cs.a(qmp_put.o)

.debug_line     0x00000000     0x4364
 .debug_line    0x00000000      0x229 spy/display96x16x1.o
 .debug_line    0x00000229       0x7d spy/startup_lm3s.o
 .debug_line    0x000002a6      0x1a1 spy/system_lm3s.o
 .debug_line    0x00000447      0x2d8 spy/mine2.o
 .debug_line    0x0000071f      0x147 spy/main.o
 .debug_line    0x00000866      0x23c spy/missile.o
 .debug_line    0x00000aa2      0x262 spy/ship.o
 .debug_line    0x00000d04      0x26e spy/bsp.o
 .debug_line    0x00000f72      0x2d7 spy/mine1.o
 .debug_line    0x00001249      0x145 spy/no_heap.o
 .debug_line    0x0000138e      0x540 spy/tunnel.o
 .debug_line    0x000018ce       0xf7 spy/mini_cpp.o
 .debug_line    0x000019c5      0x1c0 D:\qp\qpcpp/ports/arm-cortex/vanilla/gnu/spy\libqp_cortex-m3_cs.a(qhsm_ini.o)
 .debug_line    0x00001b85      0x39d D:\qp\qpcpp/ports/arm-cortex/vanilla/gnu/spy\libqp_cortex-m3_cs.a(qhsm_dis.o)
 .debug_line    0x00001f22      0x10a D:\qp\qpcpp/ports/arm-cortex/vanilla/gnu/spy\libqp_cortex-m3_cs.a(qhsm_top.o)
 .debug_line    0x0000202c      0x197 D:\qp\qpcpp/ports/arm-cortex/vanilla/gnu/spy\libqp_cortex-m3_cs.a(qa_fifo.o)
 .debug_line    0x000021c3      0x167 D:\qp\qpcpp/ports/arm-cortex/vanilla/gnu/spy\libqp_cortex-m3_cs.a(qa_sub.o)
 .debug_line    0x0000232a      0x190 D:\qp\qpcpp/ports/arm-cortex/vanilla/gnu/spy\libqp_cortex-m3_cs.a(qf_act.o)
 .debug_line    0x000024ba      0x16b D:\qp\qpcpp/ports/arm-cortex/vanilla/gnu/spy\libqp_cortex-m3_cs.a(qf_new.o)
 .debug_line    0x00002625      0x151 D:\qp\qpcpp/ports/arm-cortex/vanilla/gnu/spy\libqp_cortex-m3_cs.a(qf_pool.o)
 .debug_line    0x00002776      0x116 D:\qp\qpcpp/ports/arm-cortex/vanilla/gnu/spy\libqp_cortex-m3_cs.a(qf_psini.o)
 .debug_line    0x0000288c      0x179 D:\qp\qpcpp/ports/arm-cortex/vanilla/gnu/spy\libqp_cortex-m3_cs.a(qf_pspub.o)
 .debug_line    0x00002a05       0xf9 D:\qp\qpcpp/ports/arm-cortex/vanilla/gnu/spy\libqp_cortex-m3_cs.a(qf_pwr2.o)
 .debug_line    0x00002afe      0x1c8 D:\qp\qpcpp/ports/arm-cortex/vanilla/gnu/spy\libqp_cortex-m3_cs.a(qf_tick.o)
 .debug_line    0x00002cc6      0x17a D:\qp\qpcpp/ports/arm-cortex/vanilla/gnu/spy\libqp_cortex-m3_cs.a(qmp_get.o)
 .debug_line    0x00002e40      0x17b D:\qp\qpcpp/ports/arm-cortex/vanilla/gnu/spy\libqp_cortex-m3_cs.a(qmp_init.o)
 .debug_line    0x00002fbb      0x12e D:\qp\qpcpp/ports/arm-cortex/vanilla/gnu/spy\libqp_cortex-m3_cs.a(qte_ctor.o)
 .debug_line    0x000030e9      0x176 D:\qp\qpcpp/ports/arm-cortex/vanilla/gnu/spy\libqp_cortex-m3_cs.a(qte_arm.o)
 .debug_line    0x0000325f      0x17e D:\qp\qpcpp/ports/arm-cortex/vanilla/gnu/spy\libqp_cortex-m3_cs.a(qte_darm.o)
 .debug_line    0x000033dd      0x167 D:\qp\qpcpp/ports/arm-cortex/vanilla/gnu/spy\libqp_cortex-m3_cs.a(qvanilla.o)
 .debug_line    0x00003544      0x38b D:\qp\qpcpp/ports/arm-cortex/vanilla/gnu/spy\libqp_cortex-m3_cs.a(qs.o)
 .debug_line    0x000038cf      0x277 D:\qp\qpcpp/ports/arm-cortex/vanilla/gnu/spy\libqp_cortex-m3_cs.a(qs_.o)
 .debug_line    0x00003b46      0x112 D:\qp\qpcpp/ports/arm-cortex/vanilla/gnu/spy\libqp_cortex-m3_cs.a(qs_blk.o)
 .debug_line    0x00003c58      0x107 D:\qp\qpcpp/ports/arm-cortex/vanilla/gnu/spy\libqp_cortex-m3_cs.a(qep.o)
 .debug_line    0x00003d5f      0x1c4 D:\qp\qpcpp/ports/arm-cortex/vanilla/gnu/spy\libqp_cortex-m3_cs.a(qa_get_.o)
 .debug_line    0x00003f23      0x13c D:\qp\qpcpp/ports/arm-cortex/vanilla/gnu/spy\libqp_cortex-m3_cs.a(qeq_init.o)
 .debug_line    0x0000405f      0x199 D:\qp\qpcpp/ports/arm-cortex/vanilla/gnu/spy\libqp_cortex-m3_cs.a(qf_gc.o)
 .debug_line    0x000041f8      0x16c D:\qp\qpcpp/ports/arm-cortex/vanilla/gnu/spy\libqp_cortex-m3_cs.a(qmp_put.o)

.debug_str      0x00000000     0x32a8
 .debug_str     0x00000000      0x3af spy/display96x16x1.o
                                0x456 (size before relaxing)
 .debug_str     0x000003af       0xe8 spy/startup_lm3s.o
                                0x151 (size before relaxing)
 .debug_str     0x00000497       0x49 spy/system_lm3s.o
                                0x25a (size before relaxing)
 .debug_str     0x000004e0      0xea9 spy/mine2.o
                               0x1003 (size before relaxing)
 .debug_str     0x00001389      0x111 spy/main.o
                                0xce7 (size before relaxing)
 .debug_str     0x0000149a      0x11b spy/missile.o
                                0xf34 (size before relaxing)
 .debug_str     0x000015b5      0x10a spy/ship.o
                                0xf5c (size before relaxing)
 .debug_str     0x000016bf      0x7fe spy/bsp.o
                               0x167f (size before relaxing)
 .debug_str     0x00001ebd      0x127 spy/mine1.o
                               0x1003 (size before relaxing)
 .debug_str     0x00001fe4       0x21 spy/no_heap.o
                                0x238 (size before relaxing)
 .debug_str     0x00002005      0x5f0 spy/tunnel.o
                               0x1586 (size before relaxing)
 .debug_str     0x000025f5       0x41 spy/mini_cpp.o
                                0x10e (size before relaxing)
 .debug_str     0x00002636      0x195 D:\qp\qpcpp/ports/arm-cortex/vanilla/gnu/spy\libqp_cortex-m3_cs.a(qhsm_ini.o)
                                0x9de (size before relaxing)
 .debug_str     0x000027cb       0x2d D:\qp\qpcpp/ports/arm-cortex/vanilla/gnu/spy\libqp_cortex-m3_cs.a(qhsm_dis.o)
                                0x865 (size before relaxing)
 .debug_str     0x000027f8       0x24 D:\qp\qpcpp/ports/arm-cortex/vanilla/gnu/spy\libqp_cortex-m3_cs.a(qhsm_top.o)
                                0x283 (size before relaxing)
 .debug_str     0x0000281c      0x184 D:\qp\qpcpp/ports/arm-cortex/vanilla/gnu/spy\libqp_cortex-m3_cs.a(qa_fifo.o)
                                0xcf4 (size before relaxing)
 .debug_str     0x000029a0       0x74 D:\qp\qpcpp/ports/arm-cortex/vanilla/gnu/spy\libqp_cortex-m3_cs.a(qa_sub.o)
                                0xc1b (size before relaxing)
 .debug_str     0x00002a14       0xda D:\qp\qpcpp/ports/arm-cortex/vanilla/gnu/spy\libqp_cortex-m3_cs.a(qf_act.o)
                                0xc63 (size before relaxing)
 .debug_str     0x00002aee      0x116 D:\qp\qpcpp/ports/arm-cortex/vanilla/gnu/spy\libqp_cortex-m3_cs.a(qf_new.o)
                                0xcca (size before relaxing)
 .debug_str     0x00002c04       0x3b D:\qp\qpcpp/ports/arm-cortex/vanilla/gnu/spy\libqp_cortex-m3_cs.a(qf_pool.o)
                                0x7b6 (size before relaxing)
 .debug_str     0x00002c3f       0x2d D:\qp\qpcpp/ports/arm-cortex/vanilla/gnu/spy\libqp_cortex-m3_cs.a(qf_psini.o)
                                0x705 (size before relaxing)
 .debug_str     0x00002c6c       0x45 D:\qp\qpcpp/ports/arm-cortex/vanilla/gnu/spy\libqp_cortex-m3_cs.a(qf_pspub.o)
                                0xca7 (size before relaxing)
 .debug_str     0x00002cb1       0x22 D:\qp\qpcpp/ports/arm-cortex/vanilla/gnu/spy\libqp_cortex-m3_cs.a(qf_pwr2.o)
                                0x665 (size before relaxing)
 .debug_str     0x00002cd3       0x74 D:\qp\qpcpp/ports/arm-cortex/vanilla/gnu/spy\libqp_cortex-m3_cs.a(qf_tick.o)
                                0xc22 (size before relaxing)
 .debug_str     0x00002d47       0x6c D:\qp\qpcpp/ports/arm-cortex/vanilla/gnu/spy\libqp_cortex-m3_cs.a(qmp_get.o)
                                0xce6 (size before relaxing)
 .debug_str     0x00002db3       0x3e D:\qp\qpcpp/ports/arm-cortex/vanilla/gnu/spy\libqp_cortex-m3_cs.a(qmp_init.o)
                                0xc79 (size before relaxing)
 .debug_str     0x00002df1       0x40 D:\qp\qpcpp/ports/arm-cortex/vanilla/gnu/spy\libqp_cortex-m3_cs.a(qte_ctor.o)
                                0x6ac (size before relaxing)
 .debug_str     0x00002e31       0x59 D:\qp\qpcpp/ports/arm-cortex/vanilla/gnu/spy\libqp_cortex-m3_cs.a(qte_arm.o)
                                0xc39 (size before relaxing)
 .debug_str     0x00002e8a       0x2c D:\qp\qpcpp/ports/arm-cortex/vanilla/gnu/spy\libqp_cortex-m3_cs.a(qte_darm.o)
                                0xb9c (size before relaxing)
 .debug_str     0x00002eb6       0x56 D:\qp\qpcpp/ports/arm-cortex/vanilla/gnu/spy\libqp_cortex-m3_cs.a(qvanilla.o)
                                0x90d (size before relaxing)
 .debug_str     0x00002f0c      0x18a D:\qp\qpcpp/ports/arm-cortex/vanilla/gnu/spy\libqp_cortex-m3_cs.a(qs.o)
                                0x404 (size before relaxing)
 .debug_str     0x00003096       0xe9 D:\qp\qpcpp/ports/arm-cortex/vanilla/gnu/spy\libqp_cortex-m3_cs.a(qs_.o)
                                0x3e0 (size before relaxing)
 .debug_str     0x0000317f       0x29 D:\qp\qpcpp/ports/arm-cortex/vanilla/gnu/spy\libqp_cortex-m3_cs.a(qs_blk.o)
                                0x2b0 (size before relaxing)
 .debug_str     0x000031a8       0x38 D:\qp\qpcpp/ports/arm-cortex/vanilla/gnu/spy\libqp_cortex-m3_cs.a(qep.o)
                                0x2b1 (size before relaxing)
 .debug_str     0x000031e0       0x55 D:\qp\qpcpp/ports/arm-cortex/vanilla/gnu/spy\libqp_cortex-m3_cs.a(qa_get_.o)
                                0xd10 (size before relaxing)
 .debug_str     0x00003235       0x23 D:\qp\qpcpp/ports/arm-cortex/vanilla/gnu/spy\libqp_cortex-m3_cs.a(qeq_init.o)
                                0xb6d (size before relaxing)
 .debug_str     0x00003258       0x26 D:\qp\qpcpp/ports/arm-cortex/vanilla/gnu/spy\libqp_cortex-m3_cs.a(qf_gc.o)
                                0xcf8 (size before relaxing)
 .debug_str     0x0000327e       0x2a D:\qp\qpcpp/ports/arm-cortex/vanilla/gnu/spy\libqp_cortex-m3_cs.a(qmp_put.o)
                                0xc74 (size before relaxing)

.comment        0x00000000       0x2b
 .comment       0x00000000       0x2b spy/display96x16x1.o
                                 0x2c (size before relaxing)
 .comment       0x00000000       0x2c spy/startup_lm3s.o
 .comment       0x00000000       0x2c spy/system_lm3s.o
 .comment       0x00000000       0x2c spy/mine2.o
 .comment       0x00000000       0x2c spy/main.o
 .comment       0x00000000       0x2c spy/missile.o
 .comment       0x00000000       0x2c spy/ship.o
 .comment       0x00000000       0x2c spy/bsp.o
 .comment       0x00000000       0x2c spy/mine1.o
 .comment       0x00000000       0x2c spy/no_heap.o
 .comment       0x00000000       0x2c spy/tunnel.o
 .comment       0x00000000       0x2c spy/mini_cpp.o
 .comment       0x00000000       0x2c D:\qp\qpcpp/ports/arm-cortex/vanilla/gnu/spy\libqp_cortex-m3_cs.a(qhsm_ini.o)
 .comment       0x00000000       0x2c D:\qp\qpcpp/ports/arm-cortex/vanilla/gnu/spy\libqp_cortex-m3_cs.a(qhsm_dis.o)
 .comment       0x00000000       0x2c D:\qp\qpcpp/ports/arm-cortex/vanilla/gnu/spy\libqp_cortex-m3_cs.a(qhsm_top.o)
 .comment       0x00000000       0x2c D:\qp\qpcpp/ports/arm-cortex/vanilla/gnu/spy\libqp_cortex-m3_cs.a(qa_fifo.o)
 .comment       0x00000000       0x2c D:\qp\qpcpp/ports/arm-cortex/vanilla/gnu/spy\libqp_cortex-m3_cs.a(qa_sub.o)
 .comment       0x00000000       0x2c D:\qp\qpcpp/ports/arm-cortex/vanilla/gnu/spy\libqp_cortex-m3_cs.a(qf_act.o)
 .comment       0x00000000       0x2c D:\qp\qpcpp/ports/arm-cortex/vanilla/gnu/spy\libqp_cortex-m3_cs.a(qf_new.o)
 .comment       0x00000000       0x2c D:\qp\qpcpp/ports/arm-cortex/vanilla/gnu/spy\libqp_cortex-m3_cs.a(qf_pool.o)
 .comment       0x00000000       0x2c D:\qp\qpcpp/ports/arm-cortex/vanilla/gnu/spy\libqp_cortex-m3_cs.a(qf_psini.o)
 .comment       0x00000000       0x2c D:\qp\qpcpp/ports/arm-cortex/vanilla/gnu/spy\libqp_cortex-m3_cs.a(qf_pspub.o)
 .comment       0x00000000       0x2c D:\qp\qpcpp/ports/arm-cortex/vanilla/gnu/spy\libqp_cortex-m3_cs.a(qf_pwr2.o)
 .comment       0x00000000       0x2c D:\qp\qpcpp/ports/arm-cortex/vanilla/gnu/spy\libqp_cortex-m3_cs.a(qf_tick.o)
 .comment       0x00000000       0x2c D:\qp\qpcpp/ports/arm-cortex/vanilla/gnu/spy\libqp_cortex-m3_cs.a(qmp_get.o)
 .comment       0x00000000       0x2c D:\qp\qpcpp/ports/arm-cortex/vanilla/gnu/spy\libqp_cortex-m3_cs.a(qmp_init.o)
 .comment       0x00000000       0x2c D:\qp\qpcpp/ports/arm-cortex/vanilla/gnu/spy\libqp_cortex-m3_cs.a(qte_ctor.o)
 .comment       0x00000000       0x2c D:\qp\qpcpp/ports/arm-cortex/vanilla/gnu/spy\libqp_cortex-m3_cs.a(qte_arm.o)
 .comment       0x00000000       0x2c D:\qp\qpcpp/ports/arm-cortex/vanilla/gnu/spy\libqp_cortex-m3_cs.a(qte_darm.o)
 .comment       0x00000000       0x2c D:\qp\qpcpp/ports/arm-cortex/vanilla/gnu/spy\libqp_cortex-m3_cs.a(qvanilla.o)
 .comment       0x00000000       0x2c D:\qp\qpcpp/ports/arm-cortex/vanilla/gnu/spy\libqp_cortex-m3_cs.a(qs.o)
 .comment       0x00000000       0x2c D:\qp\qpcpp/ports/arm-cortex/vanilla/gnu/spy\libqp_cortex-m3_cs.a(qs_.o)
 .comment       0x00000000       0x2c D:\qp\qpcpp/ports/arm-cortex/vanilla/gnu/spy\libqp_cortex-m3_cs.a(qs_blk.o)
 .comment       0x00000000       0x2c D:\qp\qpcpp/ports/arm-cortex/vanilla/gnu/spy\libqp_cortex-m3_cs.a(qep.o)
 .comment       0x00000000       0x2c D:\qp\qpcpp/ports/arm-cortex/vanilla/gnu/spy\libqp_cortex-m3_cs.a(qa_get_.o)
 .comment       0x00000000       0x2c D:\qp\qpcpp/ports/arm-cortex/vanilla/gnu/spy\libqp_cortex-m3_cs.a(qeq_init.o)
 .comment       0x00000000       0x2c D:\qp\qpcpp/ports/arm-cortex/vanilla/gnu/spy\libqp_cortex-m3_cs.a(qf_gc.o)
 .comment       0x00000000       0x2c D:\qp\qpcpp/ports/arm-cortex/vanilla/gnu/spy\libqp_cortex-m3_cs.a(qmp_put.o)

.ARM.attributes
                0x00000000       0x31
 .ARM.attributes
                0x00000000       0x33 spy/display96x16x1.o
 .ARM.attributes
                0x00000033       0x33 spy/startup_lm3s.o
 .ARM.attributes
                0x00000066       0x33 spy/system_lm3s.o
 .ARM.attributes
                0x00000099       0x33 spy/mine2.o
 .ARM.attributes
                0x000000cc       0x33 spy/main.o
 .ARM.attributes
                0x000000ff       0x33 spy/missile.o
 .ARM.attributes
                0x00000132       0x33 spy/ship.o
 .ARM.attributes
                0x00000165       0x33 spy/bsp.o
 .ARM.attributes
                0x00000198       0x33 spy/mine1.o
 .ARM.attributes
                0x000001cb       0x33 spy/no_heap.o
 .ARM.attributes
                0x000001fe       0x33 spy/tunnel.o
 .ARM.attributes
                0x00000231       0x33 spy/mini_cpp.o
 .ARM.attributes
                0x00000264       0x33 D:\qp\qpcpp/ports/arm-cortex/vanilla/gnu/spy\libqp_cortex-m3_cs.a(qhsm_ini.o)
 .ARM.attributes
                0x00000297       0x33 D:\qp\qpcpp/ports/arm-cortex/vanilla/gnu/spy\libqp_cortex-m3_cs.a(qhsm_dis.o)
 .ARM.attributes
                0x000002ca       0x33 D:\qp\qpcpp/ports/arm-cortex/vanilla/gnu/spy\libqp_cortex-m3_cs.a(qhsm_top.o)
 .ARM.attributes
                0x000002fd       0x33 D:\qp\qpcpp/ports/arm-cortex/vanilla/gnu/spy\libqp_cortex-m3_cs.a(qa_fifo.o)
 .ARM.attributes
                0x00000330       0x33 D:\qp\qpcpp/ports/arm-cortex/vanilla/gnu/spy\libqp_cortex-m3_cs.a(qa_sub.o)
 .ARM.attributes
                0x00000363       0x33 D:\qp\qpcpp/ports/arm-cortex/vanilla/gnu/spy\libqp_cortex-m3_cs.a(qf_act.o)
 .ARM.attributes
                0x00000396       0x33 D:\qp\qpcpp/ports/arm-cortex/vanilla/gnu/spy\libqp_cortex-m3_cs.a(qf_new.o)
 .ARM.attributes
                0x000003c9       0x33 D:\qp\qpcpp/ports/arm-cortex/vanilla/gnu/spy\libqp_cortex-m3_cs.a(qf_pool.o)
 .ARM.attributes
                0x000003fc       0x33 D:\qp\qpcpp/ports/arm-cortex/vanilla/gnu/spy\libqp_cortex-m3_cs.a(qf_psini.o)
 .ARM.attributes
                0x0000042f       0x33 D:\qp\qpcpp/ports/arm-cortex/vanilla/gnu/spy\libqp_cortex-m3_cs.a(qf_pspub.o)
 .ARM.attributes
                0x00000462       0x33 D:\qp\qpcpp/ports/arm-cortex/vanilla/gnu/spy\libqp_cortex-m3_cs.a(qf_pwr2.o)
 .ARM.attributes
                0x00000495       0x33 D:\qp\qpcpp/ports/arm-cortex/vanilla/gnu/spy\libqp_cortex-m3_cs.a(qf_tick.o)
 .ARM.attributes
                0x000004c8       0x33 D:\qp\qpcpp/ports/arm-cortex/vanilla/gnu/spy\libqp_cortex-m3_cs.a(qmp_get.o)
 .ARM.attributes
                0x000004fb       0x33 D:\qp\qpcpp/ports/arm-cortex/vanilla/gnu/spy\libqp_cortex-m3_cs.a(qmp_init.o)
 .ARM.attributes
                0x0000052e       0x33 D:\qp\qpcpp/ports/arm-cortex/vanilla/gnu/spy\libqp_cortex-m3_cs.a(qte_ctor.o)
 .ARM.attributes
                0x00000561       0x33 D:\qp\qpcpp/ports/arm-cortex/vanilla/gnu/spy\libqp_cortex-m3_cs.a(qte_arm.o)
 .ARM.attributes
                0x00000594       0x33 D:\qp\qpcpp/ports/arm-cortex/vanilla/gnu/spy\libqp_cortex-m3_cs.a(qte_darm.o)
 .ARM.attributes
                0x000005c7       0x33 D:\qp\qpcpp/ports/arm-cortex/vanilla/gnu/spy\libqp_cortex-m3_cs.a(qvanilla.o)
 .ARM.attributes
                0x000005fa       0x33 D:\qp\qpcpp/ports/arm-cortex/vanilla/gnu/spy\libqp_cortex-m3_cs.a(qs.o)
 .ARM.attributes
                0x0000062d       0x33 D:\qp\qpcpp/ports/arm-cortex/vanilla/gnu/spy\libqp_cortex-m3_cs.a(qs_.o)
 .ARM.attributes
                0x00000660       0x33 D:\qp\qpcpp/ports/arm-cortex/vanilla/gnu/spy\libqp_cortex-m3_cs.a(qs_blk.o)
 .ARM.attributes
                0x00000693       0x33 D:\qp\qpcpp/ports/arm-cortex/vanilla/gnu/spy\libqp_cortex-m3_cs.a(qep.o)
 .ARM.attributes
                0x000006c6       0x33 D:\qp\qpcpp/ports/arm-cortex/vanilla/gnu/spy\libqp_cortex-m3_cs.a(qa_get_.o)
 .ARM.attributes
                0x000006f9       0x33 D:\qp\qpcpp/ports/arm-cortex/vanilla/gnu/spy\libqp_cortex-m3_cs.a(qeq_init.o)
 .ARM.attributes
                0x0000072c       0x33 D:\qp\qpcpp/ports/arm-cortex/vanilla/gnu/spy\libqp_cortex-m3_cs.a(qf_gc.o)
 .ARM.attributes
                0x0000075f       0x33 D:\qp\qpcpp/ports/arm-cortex/vanilla/gnu/spy\libqp_cortex-m3_cs.a(qmp_put.o)

.debug_frame    0x00000000     0x1100
 .debug_frame   0x00000000      0x14c spy/display96x16x1.o
 .debug_frame   0x0000014c       0x5c spy/startup_lm3s.o
 .debug_frame   0x000001a8       0x2c spy/system_lm3s.o
 .debug_frame   0x000001d4      0x100 spy/mine2.o
 .debug_frame   0x000002d4       0x2c spy/main.o
 .debug_frame   0x00000300       0xe4 spy/missile.o
 .debug_frame   0x000003e4       0xf8 spy/ship.o
 .debug_frame   0x000004dc      0x190 spy/bsp.o
 .debug_frame   0x0000066c      0x100 spy/mine1.o
 .debug_frame   0x0000076c       0x58 spy/no_heap.o
 .debug_frame   0x000007c4      0x26c spy/tunnel.o
 .debug_frame   0x00000a30       0x70 spy/mini_cpp.o
 .debug_frame   0x00000aa0       0x60 D:\qp\qpcpp/ports/arm-cortex/vanilla/gnu/spy\libqp_cortex-m3_cs.a(qhsm_ini.o)
 .debug_frame   0x00000b00       0x38 D:\qp\qpcpp/ports/arm-cortex/vanilla/gnu/spy\libqp_cortex-m3_cs.a(qhsm_dis.o)
 .debug_frame   0x00000b38       0x20 D:\qp\qpcpp/ports/arm-cortex/vanilla/gnu/spy\libqp_cortex-m3_cs.a(qhsm_top.o)
 .debug_frame   0x00000b58       0x2c D:\qp\qpcpp/ports/arm-cortex/vanilla/gnu/spy\libqp_cortex-m3_cs.a(qa_fifo.o)
 .debug_frame   0x00000b84       0x30 D:\qp\qpcpp/ports/arm-cortex/vanilla/gnu/spy\libqp_cortex-m3_cs.a(qa_sub.o)
 .debug_frame   0x00000bb4       0x58 D:\qp\qpcpp/ports/arm-cortex/vanilla/gnu/spy\libqp_cortex-m3_cs.a(qf_act.o)
 .debug_frame   0x00000c0c       0x38 D:\qp\qpcpp/ports/arm-cortex/vanilla/gnu/spy\libqp_cortex-m3_cs.a(qf_new.o)
 .debug_frame   0x00000c44       0x30 D:\qp\qpcpp/ports/arm-cortex/vanilla/gnu/spy\libqp_cortex-m3_cs.a(qf_pool.o)
 .debug_frame   0x00000c74       0x20 D:\qp\qpcpp/ports/arm-cortex/vanilla/gnu/spy\libqp_cortex-m3_cs.a(qf_psini.o)
 .debug_frame   0x00000c94       0x38 D:\qp\qpcpp/ports/arm-cortex/vanilla/gnu/spy\libqp_cortex-m3_cs.a(qf_pspub.o)
 .debug_frame   0x00000ccc       0x38 D:\qp\qpcpp/ports/arm-cortex/vanilla/gnu/spy\libqp_cortex-m3_cs.a(qf_tick.o)
 .debug_frame   0x00000d04       0x44 D:\qp\qpcpp/ports/arm-cortex/vanilla/gnu/spy\libqp_cortex-m3_cs.a(qmp_get.o)
 .debug_frame   0x00000d48       0x30 D:\qp\qpcpp/ports/arm-cortex/vanilla/gnu/spy\libqp_cortex-m3_cs.a(qmp_init.o)
 .debug_frame   0x00000d78       0x2c D:\qp\qpcpp/ports/arm-cortex/vanilla/gnu/spy\libqp_cortex-m3_cs.a(qte_ctor.o)
 .debug_frame   0x00000da4       0x3c D:\qp\qpcpp/ports/arm-cortex/vanilla/gnu/spy\libqp_cortex-m3_cs.a(qte_arm.o)
 .debug_frame   0x00000de0       0x28 D:\qp\qpcpp/ports/arm-cortex/vanilla/gnu/spy\libqp_cortex-m3_cs.a(qte_darm.o)
 .debug_frame   0x00000e08       0x90 D:\qp\qpcpp/ports/arm-cortex/vanilla/gnu/spy\libqp_cortex-m3_cs.a(qvanilla.o)
 .debug_frame   0x00000e98       0xc0 D:\qp\qpcpp/ports/arm-cortex/vanilla/gnu/spy\libqp_cortex-m3_cs.a(qs.o)
 .debug_frame   0x00000f58       0x98 D:\qp\qpcpp/ports/arm-cortex/vanilla/gnu/spy\libqp_cortex-m3_cs.a(qs_.o)
 .debug_frame   0x00000ff0       0x28 D:\qp\qpcpp/ports/arm-cortex/vanilla/gnu/spy\libqp_cortex-m3_cs.a(qs_blk.o)
 .debug_frame   0x00001018       0x20 D:\qp\qpcpp/ports/arm-cortex/vanilla/gnu/spy\libqp_cortex-m3_cs.a(qep.o)
 .debug_frame   0x00001038       0x44 D:\qp\qpcpp/ports/arm-cortex/vanilla/gnu/spy\libqp_cortex-m3_cs.a(qa_get_.o)
 .debug_frame   0x0000107c       0x2c D:\qp\qpcpp/ports/arm-cortex/vanilla/gnu/spy\libqp_cortex-m3_cs.a(qeq_init.o)
 .debug_frame   0x000010a8       0x2c D:\qp\qpcpp/ports/arm-cortex/vanilla/gnu/spy\libqp_cortex-m3_cs.a(qf_gc.o)
 .debug_frame   0x000010d4       0x2c D:\qp\qpcpp/ports/arm-cortex/vanilla/gnu/spy\libqp_cortex-m3_cs.a(qmp_put.o)

.debug_ranges   0x00000000      0x1d8
 .debug_ranges  0x00000000       0x38 spy/mine2.o
 .debug_ranges  0x00000038       0x30 spy/missile.o
 .debug_ranges  0x00000068       0x48 spy/ship.o
 .debug_ranges  0x000000b0       0x38 spy/mine1.o
 .debug_ranges  0x000000e8       0x78 spy/tunnel.o
 .debug_ranges  0x00000160       0x18 D:\qp\qpcpp/ports/arm-cortex/vanilla/gnu/spy\libqp_cortex-m3_cs.a(qhsm_ini.o)
 .debug_ranges  0x00000178       0x18 D:\qp\qpcpp/ports/arm-cortex/vanilla/gnu/spy\libqp_cortex-m3_cs.a(qhsm_dis.o)
 .debug_ranges  0x00000190       0x18 D:\qp\qpcpp/ports/arm-cortex/vanilla/gnu/spy\libqp_cortex-m3_cs.a(qf_pspub.o)
 .debug_ranges  0x000001a8       0x30 D:\qp\qpcpp/ports/arm-cortex/vanilla/gnu/spy\libqp_cortex-m3_cs.a(qvanilla.o)
