###############################################################################
#                                                                             #
# IAR ELF Linker V6.50.2.4510/W32 for ARM               11/Feb/2013  22:51:54 #
# Copyright 2007-2012 IAR Systems AB.                                         #
#                                                                             #
#    Output file  =  D:\qp\qpcpp\examples\arm-cortex\vanilla\iar\dpp-ev-lm3s8 #
#                    11\spy\dpp.out                                           #
#    Map file     =  D:\qp\qpcpp\examples\arm-cortex\vanilla\iar\dpp-ev-lm3s8 #
#                    11\spy\dpp.map                                           #
#    Command line =  D:\qp\qpcpp\examples\arm-cortex\vanilla\iar\dpp-ev-lm3s8 #
#                    11\spy\bsp.o D:\qp\qpcpp\examples\arm-cortex\vanilla\iar #
#                    \dpp-ev-lm3s811\spy\display96x16x1.o                     #
#                    D:\qp\qpcpp\examples\arm-cortex\vanilla\iar\dpp-ev-lm3s8 #
#                    11\spy\main.o D:\qp\qpcpp\examples\arm-cortex\vanilla\ia #
#                    r\dpp-ev-lm3s811\spy\philo.o                             #
#                    D:\qp\qpcpp\examples\arm-cortex\vanilla\iar\dpp-ev-lm3s8 #
#                    11\spy\startup_ewarm.o D:\qp\qpcpp\examples\arm-cortex\v #
#                    anilla\iar\dpp-ev-lm3s811\spy\system_lm3s.o              #
#                    D:\qp\qpcpp\examples\arm-cortex\vanilla\iar\dpp-ev-lm3s8 #
#                    11\spy\table.o --redirect _Printf=_PrintfTiny            #
#                    --redirect _Scanf=_ScanfSmall -o                         #
#                    D:\qp\qpcpp\examples\arm-cortex\vanilla\iar\dpp-ev-lm3s8 #
#                    11\spy\dpp.out --map D:\qp\qpcpp\examples\arm-cortex\van #
#                    illa\iar\dpp-ev-lm3s811\spy\dpp.map --config             #
#                    D:\qp\qpcpp\examples\arm-cortex\vanilla\iar\dpp-ev-lm3s8 #
#                    11\lm3s811.icf --semihosting                             #
#                    D:\qp\qpcpp\ports\arm-cortex\vanilla\iar\spy\libqp_corte #
#                    x-m3.a --entry __iar_program_start --vfe                 #
#                                                                             #
#                                                                             #
###############################################################################

*******************************************************************************
*** RUNTIME MODEL ATTRIBUTES
***

CppFlavor                     = *
__CPP_Language                = EC++
__Heap_Handler                = Basic
__SystemLibrary               = DLib
__dlib_dynamic_initialization = normal


*******************************************************************************
*** PLACEMENT SUMMARY
***

"A1":  place at start of [0x00000000-0x0000ffff] { ro section .intvec };
"P1":  place in [from 0x00000000 to 0x0000ffff] { ro };
"P2":  place in [from 0x20000000 to 0x20001fff] { rw, block HEAP };

  Section             Kind        Address    Size  Object
  -------             ----        -------    ----  ------
"A1":                                        0xf0
  .intvec             const    0x00000000    0xf0  startup_ewarm.o [1]
                             - 0x000000f0    0xf0

"P1":                                      0x3d88
  .text               ro code  0x000000f0   0x708  table.o [1]
  .text               ro code  0x000007f8    0x50  cxxabi.o [4]
  .text               ro code  0x00000848     0xc  table.o [1]
  .text               ro code  0x00000854   0x244  qs.o [5]
  .text               ro code  0x00000a98   0x320  qs_.o [5]
  .text               ro code  0x00000db8   0x5c8  bsp.o [1]
  .text               ro code  0x00001380    0xa0  qa_sub.o [5]
  .text               ro code  0x00001420     0x8  table.o [1]
  .text               ro code  0x00001428     0x4  table.o [1]
  .text               ro code  0x0000142c     0x8  table.o [1]
  .text               ro code  0x00001434    0x12  table.o [1]
  .text               ro code  0x00001446    0x2e  copy_init3.o [6]
  .text               ro code  0x00001474    0x94  qf_new.o [5]
  .text               ro code  0x00001508    0xd8  qf_pspub.o [5]
  .text               ro code  0x000015e0    0x12  table.o [1]
  .text               ro code  0x000015f2    0x22  zero_init3.o [6]
  .text               ro code  0x00001614    0x98  cppinit.o [3]
  .text               ro code  0x000016ac    0x1c  table.o [1]
  .text               ro code  0x000016c8    0x3a  ABImemset48.o [6]
  .text               ro code  0x00001704     0x6  ABImemclr4.o [6]
  .text               ro code  0x0000170c   0x118  qf_tick.o [5]
  .text               ro code  0x00001824    0xe0  qa_fifo.o [5]
  .text               ro code  0x00001904   0x2a0  system_lm3s.o [1]
  .text               ro code  0x00001ba4   0x414  display96x16x1.o [1]
  .text               ro code  0x00001fb8    0x9a  qs_str.o [5]
  .text               ro code  0x00002054    0x5c  qs_blk.o [5]
  .text               ro code  0x000020b0    0x80  qmp_get.o [5]
  .text               ro code  0x00002130    0xb4  qf_gc.o [5]
  .text               ro code  0x000021e4     0xc  table.o [1]
  .text               ro code  0x000021f0     0x8  qf_tick.o [5]
  .text               ro code  0x000021f8    0x84  qmp_put.o [5]
  .text               ro code  0x0000227c    0x14  table.o [1]
  .text               ro code  0x00002290   0x568  philo.o [1]
  .text               ro code  0x000027f8    0x38  qte_ctor.o [5]
  .text               ro code  0x00002830    0x16  philo.o [1]
  .text               ro code  0x00002846    0x1a  philo.o [1]
  .text               ro code  0x00002860    0x8c  qte_darm.o [5]
  .text               ro code  0x000028ec    0x14  philo.o [1]
  .text               ro code  0x00002900     0x4  philo.o [1]
  .text               ro code  0x00002904    0x16  philo.o [1]
  .text               ro code  0x0000291c    0x94  qte_arm.o [5]
  .text               ro code  0x000029b0   0x3ec  qhsm_dis.o [5]
  .rodata             const    0x00002d9c   0x1dc  display96x16x1.o [1]
  .text               ro code  0x00002f78   0x1c8  main.o [1]
  .text               ro code  0x00003140    0xb0  qvanilla.o [5]
  .text               ro code  0x000031f0     0xc  qf_psini.o [5]
  .text               ro code  0x000031fc    0x60  qf_pool.o [5]
  .text               ro code  0x0000325c   0x100  qa_get_.o [5]
  .text               ro code  0x0000335c    0x50  qeq_init.o [5]
  .text               ro code  0x000033ac    0x70  qf_act.o [5]
  .text               ro code  0x0000341c   0x154  qhsm_ini.o [5]
  .text               ro code  0x00003570    0xc0  qmp_init.o [5]
  .rodata             const    0x00003630   0x100  qf_log2.o [5]
  .rodata             const    0x00003730    0xcc  qf_pwr2.o [5]
  .rodata             const    0x000037fc    0x74  display96x16x1.o [1]
  .rodata             const    0x00003870    0x5c  system_lm3s.o [1]
  .rodata             const    0x000038cc    0x50  display96x16x1.o [1]
  .rodata             const    0x0000391c    0x48  philo.o [1]
  .rodata             const    0x00003964    0x48  table.o [1]
  .rodata             const    0x000039ac    0x44  bsp.o [1]
  .text               ro code  0x000039f0    0x28  data_init.o [6]
  .iar.init_table     const    0x00003a18    0x28  - Linker created -
  .text               ro code  0x00003a40    0x20  startup_ewarm.o [1]
  .text               ro code  0x00003a60    0x20  cmain_call_ctors.o [6]
  .rodata             const    0x00003a80    0x18  bsp.o [1]
  .rodata             const    0x00003a98    0x18  philo.o [1]
  .rodata             const    0x00003ab0    0x18  philo.o [1]
  .rodata             const    0x00003ac8    0x18  philo.o [1]
  .rodata             const    0x00003ae0    0x18  philo.o [1]
  .rodata             const    0x00003af8    0x18  philo.o [1]
  .text               ro code  0x00003b10    0x16  cmain.o [6]
  .text               ro code  0x00003b26     0x4  low_level_init.o [3]
  .text               ro code  0x00003b2a     0x4  exit.o [3]
  .text               ro code  0x00003b30     0xe  cexit.o [6]
  .text               ro code  0x00003b40    0x14  exit.o [7]
  .rodata             const    0x00003b54    0x14  bsp.o [1]
  .rodata             const    0x00003b68    0x14  main.o [1]
  .rodata             const    0x00003b7c    0x14  main.o [1]
  .rodata             const    0x00003b90    0x14  main.o [1]
  .rodata             const    0x00003ba4    0x14  main.o [1]
  .rodata             const    0x00003bb8    0x14  main.o [1]
  .rodata             const    0x00003bcc    0x14  philo.o [1]
  .rodata             const    0x00003be0    0x14  philo.o [1]
  .rodata             const    0x00003bf4    0x14  startup_ewarm.o [1]
  .rodata             const    0x00003c08    0x10  bsp.o [1]
  .rodata             const    0x00003c18    0x10  bsp.o [1]
  .rodata             const    0x00003c28    0x10  main.o [1]
  .rodata             const    0x00003c38    0x10  philo.o [1]
  .rodata             const    0x00003c48    0x10  philo.o [1]
  .rodata             const    0x00003c58    0x10  philo.o [1]
  .rodata             const    0x00003c68    0x10  philo.o [1]
  .rodata             const    0x00003c78    0x10  table.o [1]
  .rodata             const    0x00003c88    0x10  table.o [1]
  .rodata             const    0x00003c98    0x10  table.o [1]
  .rodata             const    0x00003ca8    0x10  table.o [1]
  .rodata             const    0x00003cb8    0x10  table.o [1]
  .rodata             const    0x00003cc8    0x10  table.o [1]
  .rodata             const    0x00003cd8    0x10  table.o [1]
  .rodata             const    0x00003ce8    0x10  table.o [1]
  .rodata             const    0x00003cf8    0x10  qhsm_ini.o [5]
  .rodata             const    0x00003d08    0x10  qep.o [5]
  .text               ro code  0x00003d18     0xe  philo.o [1]
  .text               ro code  0x00003d26     0xc  table.o [1]
  .text               ro code  0x00003d32     0xe  table.o [1]
  .text               ro code  0x00003d40     0xe  table.o [1]
  .rodata             const    0x00003d50     0xc  bsp.o [1]
  .rodata             const    0x00003d5c     0xc  main.o [1]
  .rodata             const    0x00003d68     0xc  philo.o [1]
  .rodata             const    0x00003d74     0xc  philo.o [1]
  .rodata             const    0x00003d80     0xc  philo.o [1]
  .rodata             const    0x00003d8c     0xc  philo.o [1]
  .rodata             const    0x00003d98     0xc  philo.o [1]
  .rodata             const    0x00003da4     0xc  philo.o [1]
  .rodata             const    0x00003db0     0xc  philo.o [1]
  .rodata             const    0x00003dbc     0xc  startup_ewarm.o [1]
  .rodata             const    0x00003dc8     0xc  table.o [1]
  .rodata             const    0x00003dd4     0xc  table.o [1]
  .rodata             const    0x00003de0     0xc  table.o [1]
  .rodata             const    0x00003dec     0xc  table.o [1]
  .rodata             const    0x00003df8     0xc  table.o [1]
  .rodata             const    0x00003e04     0xc  table.o [1]
  .rodata             const    0x00003e10     0xc  table.o [1]
  .text               ro code  0x00003e1c     0xc  cstartup_M.o [6]
  .rodata             const    0x00003e28     0x8  display96x16x1.o [1]
  .rodata             const    0x00003e30     0x8  display96x16x1.o [1]
  .rodata             const    0x00003e38     0x8  display96x16x1.o [1]
  .rodata             const    0x00003e40     0x8  display96x16x1.o [1]
  .rodata             const    0x00003e48     0x8  table.o [1]
  SHT$$PREINIT_ARRAY           0x00003e50     0x0  <Block>
  SHT$$INIT_ARRAY              0x00003e50     0x8  <Block>
    .init_array       const    0x00003e50     0x4  philo.o [1]
    .init_array       const    0x00003e54     0x4  table.o [1]
  .rodata             const    0x00003e58     0x4  bsp.o [1]
  .rodata             const    0x00003e5c     0x4  bsp.o [1]
  .rodata             const    0x00003e60     0x4  table.o [1]
  .rodata             const    0x00003e64     0x4  table.o [1]
  .rodata             const    0x00003e68     0x4  table.o [1]
  .rodata             const    0x00003e6c     0x4  table.o [1]
  .text               ro code  0x00003e70     0x4  qhsm_top.o [5]
  .text               ro code  0x00003e74     0x0  cstart_call_dtors.o [6]
  .rodata             const    0x00003e74     0x0  zero_init3.o [6]
  .rodata             const    0x00003e74     0x0  copy_init3.o [6]
  Initializer bytes   ro data  0x00003e74     0x4  <for P2 s0>
                             - 0x00003e78  0x3d88

"P2", part 1 of 3:                            0x4
  P2 s0                        0x20000000     0x4  <Init block>
    .data             inited   0x20000000     0x4  bsp.o [1]
                             - 0x20000004     0x4

"P2", part 2 of 3:                          0x988
  .bss                zero     0x20000004   0x600  bsp.o [1]
  .bss                zero     0x20000604    0xf0  philo.o [1]
  .bss                zero     0x200006f4    0x84  qf_act.o [5]
  .bss                zero     0x20000778    0x7c  qf_pool.o [5]
  .bss                zero     0x200007f4    0x64  main.o [1]
  .bss                zero     0x20000858    0x50  main.o [1]
  .bss                zero     0x200008a8    0x28  table.o [1]
  .bss                zero     0x200008d0    0x20  main.o [1]
  .bss                zero     0x200008f0    0x20  qs.o [5]
  .bss                zero     0x20000910    0x14  main.o [1]
  .bss                zero     0x20000924    0x10  qs.o [5]
  .bss                zero     0x20000934     0xd  qvanilla.o [5]
  .bss                zero     0x20000941     0x1  bsp.o [1]
  .bss                zero     0x20000942     0x1  bsp.o [1]
  .bss                zero     0x20000943     0x1  bsp.o [1]
  .bss                zero     0x20000944     0x8  qf_psini.o [5]
  .bss                zero     0x2000094c     0x4  bsp.o [1]
  .bss                zero     0x20000950     0x4  bsp.o [1]
  .bss                zero     0x20000954     0x4  bsp.o [1]
  .bss                zero     0x20000958     0x4  display96x16x1.o [1]
  .bss                zero     0x2000095c     0x4  system_lm3s.o [1]
  .bss                zero     0x20000960     0x4  qs_.o [5]
  .bss                zero     0x20000964     0x4  qs_.o [5]
  .bss                zero     0x20000968     0x4  qs_.o [5]
  .bss                zero     0x2000096c     0x4  qs_.o [5]
  .bss                zero     0x20000970     0x4  qs_.o [5]
  .bss                zero     0x20000974     0x4  qs_.o [5]
  .bss                zero     0x20000978     0x4  qs_.o [5]
  .bss                zero     0x2000097c     0x4  qte_arm.o [5]
  .bss                zero     0x20000980     0x4  cppinit.o [3]
  .bss                zero     0x20000984     0x4  cppinit.o [3]
  .bss                zero     0x20000988     0x1  display96x16x1.o [1]
  .bss                zero     0x20000989     0x1  display96x16x1.o [1]
  .bss                zero     0x2000098a     0x1  philo.o [1]
                             - 0x2000098b   0x987

"P2", part 3 of 3:                          0x328
  .noinit             uninit   0x2000098c   0x190  startup_ewarm.o [1]
  .iar.dynexit                 0x20000b1c   0x198  <Block>
    .iar.dynexit      uninit   0x20000b1c     0xc  cppinit.o [3]
    .iar.dynexit      uninit   0x20000b28   0x18c  <Block tail>
                             - 0x20000cb4   0x328


*******************************************************************************
*** INIT TABLE
***

          Address     Size
          -------     ----
Zero (__iar_zero_init3)
    1 destination range, total size 0x987:
          0x20000004  0x987

Copy (__iar_copy_init3)
    1 source range, total size 0x4:
          0x00003e74    0x4
    1 destination range, total size 0x4:
          0x20000000    0x4

Extra (__iar_cstart_call_ctors)



*******************************************************************************
*** MODULE SUMMARY
***

    Module               ro code  ro data  rw data
    ------               -------  -------  -------
D:\qp\qpcpp\examples\arm-cortex\vanilla\iar\dpp-ev-lm3s811\spy: [1]
    bsp.o                  1 480      168    1 555
    display96x16x1.o       1 044      704        6
    main.o                   456      128      232
    philo.o                1 492      384      241
    startup_ewarm.o           32      272      400
    system_lm3s.o            672       92        4
    table.o                1 968      312       40
    ----------------------------------------------
    Total:                 7 144    2 060    2 478

command line: [2]
    ----------------------------------------------
    Total:

dl7M_tln.a: [3]
    cppinit.o                152                20
    exit.o                     4
    low_level_init.o           4
    ----------------------------------------------
    Total:                   160                20

dlpp7M_tl_ne.a: [4]
    cxxabi.o                  80
    ----------------------------------------------
    Total:                    80

libqp_cortex-m3.a: [5]
    qa_fifo.o                224
    qa_get_.o                256
    qa_sub.o                 160
    qep.o                              16
    qeq_init.o                80
    qf_act.o                 112               132
    qf_gc.o                  180
    qf_log2.o                         256
    qf_new.o                 148
    qf_pool.o                 96               124
    qf_psini.o                12                 8
    qf_pspub.o               216
    qf_pwr2.o                         204
    qf_tick.o                288
    qhsm_dis.o             1 004
    qhsm_ini.o               340       16
    qhsm_top.o                 4
    qmp_get.o                128
    qmp_init.o               192
    qmp_put.o                132
    qs.o                     580                48
    qs_.o                    800                28
    qs_blk.o                  92
    qs_str.o                 154
    qte_arm.o                148                 4
    qte_ctor.o                56
    qte_darm.o               140
    qvanilla.o               176                13
    ----------------------------------------------
    Total:                 5 718      492      357

rt7M_tl.a: [6]
    ABImemclr4.o               6
    ABImemset48.o             58
    cexit.o                   14
    cmain.o                   22
    cmain_call_ctors.o        32
    copy_init3.o              46
    cstart_call_dtors.o
    cstartup_M.o              12
    data_init.o               40
    zero_init3.o              34
    ----------------------------------------------
    Total:                   264

shb_l.a: [7]
    exit.o                    20
    ----------------------------------------------
    Total:                    20

    Gaps                      12        2
    Linker created                     40      396
--------------------------------------------------
    Grand Total:          13 398    2 594    3 251


*******************************************************************************
*** ENTRY LIST
***

Entry                      Address   Size  Type      Object
-----                      -------   ----  ----      ------
.iar.dynexit$$Base      0x20000b1c          --   Gb  - Linker created -
.iar.dynexit$$Limit     0x20000cb4          --   Gb  - Linker created -
?main                   0x00003b11         Code  Gb  cmain.o [6]
DPP::AO_Philo           0x00003bcc   0x14  Data  Gb  philo.o [1]
DPP::AO_Table           0x00003e6c    0x4  Data  Gb  table.o [1]
DPP::BSP_displayPaused(unsigned char)
                        0x000010b5   0x1a  Code  Gb  bsp.o [1]
DPP::BSP_displayPhilStat(unsigned char, char const *)
                        0x00001049   0x6c  Code  Gb  bsp.o [1]
DPP::BSP_init()         0x00000f21  0x128  Code  Gb  bsp.o [1]
DPP::BSP_random()       0x000010cf   0x14  Code  Gb  bsp.o [1]
DPP::BSP_terminate(short)
                        0x000010e3    0x2  Code  Gb  bsp.o [1]
DPP::EATING             0x00003e68    0x4  Data  Lc  table.o [1]
DPP::HUNGRY             0x00003e64    0x4  Data  Lc  table.o [1]
DPP::LEFT(unsigned char)
                        0x00001435   0x12  Code  Gb  table.o [1]
DPP::PHILO_ID(DPP::Philo const *)
                        0x000028ed   0x14  Code  Gb  philo.o [1]
DPP::Philo::Philo()     0x000022cd   0x22  Code  Gb  philo.o [1]
DPP::Philo::eating(DPP::Philo*, QP::QEvt const *)
                        0x000026cd   0x9a  Code  Gb  philo.o [1]
DPP::Philo::hungry(DPP::Philo*, QP::QEvt const *)
                        0x00002641   0x8a  Code  Gb  philo.o [1]
DPP::Philo::initial(DPP::Philo*, QP::QEvt const *)
                        0x000022f1  0x2ca  Code  Gb  philo.o [1]
DPP::Philo::thinking(DPP::Philo*, QP::QEvt const *)
                        0x000025bd   0x82  Code  Gb  philo.o [1]
DPP::Philo::~Philo()    0x00003d19    0xe  Code  Gb  philo.o [1]
DPP::QS_tickPeriod_     0x20000954    0x4  Data  Gb  bsp.o [1]
DPP::QS_tickTime_       0x20000950    0x4  Data  Gb  bsp.o [1]
DPP::RIGHT(unsigned char)
                        0x000015e1   0x12  Code  Gb  table.o [1]
DPP::THINKING           0x00003e60    0x4  Data  Lc  table.o [1]
DPP::Table::Table()     0x00000109   0x36  Code  Gb  table.o [1]
DPP::Table::active(DPP::Table*, QP::QEvt const *)
                        0x00000391   0x42  Code  Gb  table.o [1]
DPP::Table::initial(DPP::Table*, QP::QEvt const *)
                        0x00000141  0x24e  Code  Gb  table.o [1]
DPP::Table::paused(DPP::Table*, QP::QEvt const *)
                        0x00000691  0x106  Code  Gb  table.o [1]
DPP::Table::serving(DPP::Table*, QP::QEvt const *)
                        0x000003d5  0x2ba  Code  Gb  table.o [1]
DPP::Table::~Table()    0x00003d41    0xe  Code  Gb  table.o [1]
DPP::eat_time()         0x00002905   0x16  Code  Gb  philo.o [1]
DPP::l_GPIOPortA_IRQHandler
                        0x20000942    0x1  Data  Lc  bsp.o [1]
DPP::l_SysTick_Handler  0x20000941    0x1  Data  Lc  bsp.o [1]
DPP::l_philo            0x20000604   0xf0  Data  Lc  philo.o [1]
DPP::l_rnd              0x2000094c    0x4  Data  Lc  bsp.o [1]
DPP::l_table            0x200008a8   0x28  Data  Lc  table.o [1]
DPP::l_this_file        0x000039ac   0x44  Data  Lc  bsp.o [1]
DPP::l_this_file        0x0000391c   0x48  Data  Lc  philo.o [1]
DPP::l_this_file        0x00003964   0x48  Data  Lc  table.o [1]
DPP::think_time()       0x00002831   0x16  Code  Gb  philo.o [1]
Display96x16x1Clear     0x00001c65   0x74  Code  Gb  display96x16x1.o [1]
Display96x16x1Init      0x00001d9f  0x19a  Code  Gb  display96x16x1.o [1]
Display96x16x1StringDraw
                        0x00001cd9   0xc6  Code  Gb  display96x16x1.o [1]
Display96x16x1WriteArray
                        0x00001bf1   0x36  Code  Lc  display96x16x1.o [1]
Display96x16x1WriteByte
                        0x00001bc7   0x2a  Code  Lc  display96x16x1.o [1]
Display96x16x1WriteFinal
                        0x00001c27   0x3e  Code  Lc  display96x16x1.o [1]
Display96x16x1WriteFirst
                        0x00001bad   0x1a  Code  Lc  display96x16x1.o [1]
DtorRecArray            0x20000b1c    0xc  Data  Lc  cppinit.o [3]
GPIOPortA_IRQHandler    0x00000f05   0x1c  Code  Gb  bsp.o [1]
HardFault_Handler       0x00003a4d    0xc  Code  Gb  startup_ewarm.o [1]
NMI_Handler             0x00003a41    0xc  Code  Gb  startup_ewarm.o [1]
NVIC_EnableIRQ(IRQn)    0x00000db9   0x1a  Code  Lc  bsp.o [1]
NVIC_SetPriority(IRQn, unsigned int)
                        0x00000dd3   0x26  Code  Lc  bsp.o [1]
QF_currPrio_            0x20000940    0x1  Data  Gb  qvanilla.o [5]
QF_readySet_            0x20000934    0xc  Data  Gb  qvanilla.o [5]
QP::QActive::QActive(unsigned char (*)(void *, QP::QEvt const *))
                        0x000016ad   0x1c  Code  Gb  table.o [1]
QP::QActive::QActive(unsigned char (*)(void *, QP::QEvt const *)) [subobject]
                        0x00000849    0xc  Code  Gb  table.o [1]
QP::QActive::get_()     0x0000325d   0xe4  Code  Gb  qa_get_.o [5]
QP::QActive::postFIFO(QP::QEvt const *, void const *)
                        0x00001825   0xc4  Code  Gb  qa_fifo.o [5]
QP::QActive::start(unsigned char, QP::QEvt const **, unsigned int, void *, unsigned int, QP::QEvt const *)
                        0x0000319d   0x46  Code  Gb  qvanilla.o [5]
QP::QActive::subscribe(int) const
                        0x00001381   0x7c  Code  Gb  qa_sub.o [5]
QP::QActive::~QActive()
                        0x00003d33    0xe  Code  Gb  table.o [1]
QP::QActive::~QActive() [subobject]
                        0x00003d27    0xc  Code  Gb  table.o [1]
QP::QEP_reservedEvt_    0x00003d08   0x10  Data  Gb  qep.o [5]
QP::QEQueue::init(QP::QEvt const **, unsigned char)
                        0x0000335d   0x50  Code  Gb  qeq_init.o [5]
QP::QF::active_         0x200006f4   0x84  Data  Gb  qf_act.o [5]
QP::QF::add_(QP::QActive *)
                        0x000033ad   0x5a  Code  Gb  qf_act.o [5]
QP::QF::gc(QP::QEvt const *)
                        0x00002131   0x9e  Code  Gb  qf_gc.o [5]
QP::QF::init()          0x00003141    0x2  Code  Gb  qvanilla.o [5]
QP::QF::new_(unsigned short, int)
                        0x00001475   0x7e  Code  Gb  qf_new.o [5]
QP::QF::onIdle()        0x00001113   0x44  Code  Gb  bsp.o [1]
QP::QF::onStartup()     0x000010e9   0x2a  Code  Gb  bsp.o [1]
QP::QF::poolInit(void *, unsigned int, unsigned int)
                        0x000031fd   0x54  Code  Gb  qf_pool.o [5]
QP::QF::psInit(QP::QSubscrList *, unsigned int)
                        0x000031f1    0xc  Code  Gb  qf_psini.o [5]
QP::QF::publish(QP::QEvt const *, void const *)
                        0x00001509   0xb2  Code  Gb  qf_pspub.o [5]
QP::QF::run()           0x00003143   0x4e  Code  Gb  qvanilla.o [5]
QP::QF::tick(void const *)
                        0x0000170d   0xfe  Code  Gb  qf_tick.o [5]
QP::QF_EVT_REF_CTR_DEC_(QP::QEvt const *)
                        0x000021f1    0x8  Code  Gb  qf_tick.o [5]
QP::QF_div8Lkup         0x000037b8   0x44  Data  Gb  qf_pwr2.o [5]
QP::QF_invPwr2Lkup      0x00003774   0x44  Data  Gb  qf_pwr2.o [5]
QP::QF_log2Lkup         0x00003630  0x100  Data  Gb  qf_log2.o [5]
QP::QF_maxPool_         0x20000778    0x1  Data  Gb  qf_pool.o [5]
QP::QF_maxSignal_       0x20000948    0x4  Data  Gb  qf_psini.o [5]
QP::QF_pool_            0x2000077c   0x78  Data  Gb  qf_pool.o [5]
QP::QF_pwr2Lkup         0x00003730   0x44  Data  Gb  qf_pwr2.o [5]
QP::QF_subscrList_      0x20000944    0x4  Data  Gb  qf_psini.o [5]
QP::QF_timeEvtListHead_
                        0x2000097c    0x4  Data  Gb  qte_arm.o [5]
QP::QHsm::QHsm(unsigned char (*)(void *, QP::QEvt const *))
                        0x0000227d   0x14  Code  Gb  table.o [1]
QP::QHsm::QHsm(unsigned char (*)(void *, QP::QEvt const *)) [subobject]
                        0x000021e5    0xc  Code  Gb  table.o [1]
QP::QHsm::Q_HANDLED()   0x00001429    0x4  Code  Gb  table.o [1]
QP::QHsm::Q_UNHANDLED()
                        0x00002901    0x4  Code  Gb  philo.o [1]
QP::QHsm::dispatch(QP::QEvt const *)
                        0x000029b1  0x38c  Code  Gb  qhsm_dis.o [5]
QP::QHsm::init(QP::QEvt const *)
                        0x0000341f  0x12c  Code  Gb  qhsm_ini.o [5]
QP::QHsm::super(unsigned char (*)(void *, QP::QEvt const *))
                        0x0000142d    0x8  Code  Gb  table.o [1]
QP::QHsm::top(void *, QP::QEvt const *)
                        0x00003e71    0x4  Code  Gb  qhsm_top.o [5]
QP::QHsm::tran(unsigned char (*)(void *, QP::QEvt const *))
                        0x00001421    0x8  Code  Gb  table.o [1]
QP::QHsm::~QHsm() [subobject]
                        0x0000341d    0x2  Code  Gb  qhsm_ini.o [5]
QP::QMPool::get()       0x000020b1   0x6e  Code  Gb  qmp_get.o [5]
QP::QMPool::init(void *, unsigned int, unsigned short)
                        0x00003571   0xac  Code  Gb  qmp_init.o [5]
QP::QMPool::put(void *)
                        0x000021f9   0x74  Code  Gb  qmp_put.o [5]
QP::QS::aoObj_          0x20000964    0x4  Data  Gb  qs_.o [5]
QP::QS::apObj_          0x20000974    0x4  Data  Gb  qs_.o [5]
QP::QS::begin(unsigned char)
                        0x000008b7   0xae  Code  Gb  qs.o [5]
QP::QS::end()           0x00000965   0x88  Code  Gb  qs.o [5]
QP::QS::eqObj_          0x2000096c    0x4  Data  Gb  qs_.o [5]
QP::QS::filterOff(unsigned char)
                        0x0000088b   0x2c  Code  Gb  qs.o [5]
QP::QS::filterOn(unsigned char)
                        0x0000085f   0x2c  Code  Gb  qs.o [5]
QP::QS::getBlock(unsigned short *)
                        0x00002055   0x5c  Code  Gb  qs_blk.o [5]
QP::QS::glbFilter_      0x200008f0   0x20  Data  Gb  qs.o [5]
QP::QS::initBuf(unsigned char *, unsigned int)
                        0x00000855    0xa  Code  Gb  qs.o [5]
QP::QS::mpObj_          0x20000968    0x4  Data  Gb  qs_.o [5]
QP::QS::onFlush()       0x00001279   0x42  Code  Gb  bsp.o [1]
QP::QS::onGetTime()     0x00001257   0x1a  Code  Gb  bsp.o [1]
QP::QS::onStartup(void const *)
                        0x00001157  0x100  Code  Gb  bsp.o [1]
QP::QS::smObj_          0x20000960    0x4  Data  Gb  qs_.o [5]
QP::QS::str(char const *)
                        0x00001fb9   0x7a  Code  Gb  qs_str.o [5]
QP::QS::str_ROM_(char const *)
                        0x00000d45   0x6a  Code  Gb  qs_.o [5]
QP::QS::teObj_          0x20000970    0x4  Data  Gb  qs_.o [5]
QP::QS::tickCtr_        0x20000978    0x4  Data  Gb  qs_.o [5]
QP::QS::u16_(unsigned short)
                        0x00000af9   0xbe  Code  Gb  qs_.o [5]
QP::QS::u32_(unsigned int)
                        0x00000bb7  0x17a  Code  Gb  qs_.o [5]
QP::QS::u8(unsigned char, unsigned char)
                        0x000009ed   0x9c  Code  Gb  qs.o [5]
QP::QS::u8_(unsigned char)
                        0x00000a99   0x60  Code  Gb  qs_.o [5]
QP::QS_chksum_          0x20000925    0x1  Data  Gb  qs.o [5]
QP::QS_end_             0x20000926    0x2  Data  Gb  qs.o [5]
QP::QS_head_            0x20000928    0x2  Data  Gb  qs.o [5]
QP::QS_ring_            0x20000930    0x4  Data  Gb  qs.o [5]
QP::QS_seq_             0x20000924    0x1  Data  Gb  qs.o [5]
QP::QS_tail_            0x2000092a    0x2  Data  Gb  qs.o [5]
QP::QS_used_            0x2000092c    0x2  Data  Gb  qs.o [5]
QP::QTimeEvt::QTimeEvt(int)
                        0x000027f9   0x2a  Code  Gb  qte_ctor.o [5]
QP::QTimeEvt::arm_(QP::QActive *, unsigned short)
                        0x0000291d   0x7c  Code  Gb  qte_arm.o [5]
QP::QTimeEvt::disarm()  0x00002861   0x8c  Code  Gb  qte_darm.o [5]
QP::QTimeEvt::postIn(QP::QActive *, unsigned short)
                        0x00002847   0x1a  Code  Gb  philo.o [1]
QP::l_this_file         0x00001500    0x8  Data  Lc  qf_new.o [5]
QP::l_this_file         0x0000181c    0x8  Data  Lc  qf_tick.o [5]
QP::l_this_file         0x000015d4    0xc  Data  Lc  qf_pspub.o [5]
QP::l_this_file         0x000018fc    0x8  Data  Lc  qa_fifo.o [5]
QP::l_this_file         0x000031e4    0xc  Data  Lc  qvanilla.o [5]
QP::l_this_file         0x00003254    0x8  Data  Lc  qf_pool.o [5]
QP::l_this_file         0x00003564    0xc  Data  Lc  qhsm_ini.o [5]
QP::l_this_file         0x000029a8    0x8  Data  Lc  qte_arm.o [5]
QP::l_this_file         0x00002824    0xc  Data  Lc  qte_ctor.o [5]
QP::l_this_file         0x00001418    0x8  Data  Lc  qa_sub.o [5]
QP::l_this_file         0x00002128    0x8  Data  Lc  qmp_get.o [5]
QP::l_this_file         0x000021dc    0x8  Data  Lc  qf_gc.o [5]
QP::l_this_file         0x00003414    0x8  Data  Lc  qf_act.o [5]
QP::l_this_file         0x00002d90    0xc  Data  Lc  qhsm_dis.o [5]
QP::l_this_file         0x00003354    0x8  Data  Lc  qa_get_.o [5]
QP::l_this_file         0x00003624    0xc  Data  Lc  qmp_init.o [5]
QP::l_this_file         0x00002274    0x8  Data  Lc  qmp_put.o [5]
Q_onAssert              0x000010e5    0x4  Code  Gb  bsp.o [1]
Region$$Table$$Base     0x00003a18          --   Gb  - Linker created -
Region$$Table$$Limit    0x00003a40          --   Gb  - Linker created -
SHT$$INIT_ARRAY$$Base   0x00003e50          --   Gb  - Linker created -
SHT$$INIT_ARRAY$$Limit  0x00003e58          --   Gb  - Linker created -
SHT$$PREINIT_ARRAY$$Base
                        0x00003e50          --   Gb  - Linker created -
SHT$$PREINIT_ARRAY$$Limit
                        0x00003e50          --   Gb  - Linker created -
SysCtlDelay             0x00001ba5    0x8  Code  Lc  display96x16x1.o [1]
SysTick_Config(unsigned int)
                        0x00000df9   0x38  Code  Lc  bsp.o [1]
SysTick_Handler         0x00000e31   0xd4  Code  Gb  bsp.o [1]
SystemFrequency         0x2000095c    0x4  Data  Gb  system_lm3s.o [1]
SystemInit              0x00001905  0x2a0  Code  Gb  system_lm3s.o [1]
Virtual function table for DPP::Philo
                        0x00003c38   0x10  Data  Gb  philo.o [1]
Virtual function table for DPP::Table
                        0x00003c88   0x10  Data  Gb  table.o [1]
Virtual function table for QP::QActive
                        0x00003c78   0x10  Data  Gb  table.o [1]
Virtual function table for QP::QHsm
                        0x00003cf8   0x10  Data  Gb  qhsm_ini.o [5]
__aeabi_atexit          0x00000839    0xa  Code  Gb  cxxabi.o [4]
__aeabi_memclr4         0x00001705         Code  Gb  ABImemclr4.o [6]
__aeabi_memset4         0x000016c9         Code  Gb  ABImemset48.o [6]
__aeabi_memset8         0x000016c9         Code  Gb  ABImemset48.o [6]
__aeabi_vec_ctor_nocookie_nodtor
                        0x000007f9   0x22  Code  Gb  cxxabi.o [4]
__aeabi_vec_dtor        0x0000081b   0x1e  Code  Gb  cxxabi.o [4]
__call_ctors            0x00001615   0x18  Code  Gb  cppinit.o [3]
__call_dtors            0x00001667    0x2  Code  Gb  cppinit.o [3]
__cexit_call_dtors      0x00003b33         Code  Gb  cexit.o [6]
__cmain                 0x00003b11         Code  Gb  cmain.o [6]
__cstart_call_dtors     0x00003e74         Data  Gb  cstart_call_dtors.o [6]
__cxa_atexit            0x0000162d   0x3a  Code  Gb  cppinit.o [3]
__cxa_finalize          0x00001669   0x36  Code  Gb  cppinit.o [3]
__dso_handle            0x20000984    0x4  Data  Gb  cppinit.o [3]
__exit                  0x00003b41   0x14  Code  Gb  exit.o [7]
__iar_Memset4_word      0x000016d1         Code  Gb  ABImemset48.o [6]
__iar_Memset8_word      0x000016d1         Code  Gb  ABImemset48.o [6]
__iar_copy_init3        0x00001447   0x2e  Code  Gb  copy_init3.o [6]
__iar_cstart_call_ctors
                        0x00003a61   0x20  Code  Gb  cmain_call_ctors.o [6]
__iar_data_init3        0x000039f1   0x28  Code  Gb  data_init.o [6]
__iar_program_start     0x00003e1d         Code  Gb  cstartup_M.o [6]
__iar_zero_init3        0x000015f3   0x22  Code  Gb  zero_init3.o [6]
__low_level_init        0x00003b27    0x4  Code  Gb  low_level_init.o [3]
__sti__routine          0x00002291   0x22  Code  Lc  philo.o [1]
__sti__routine          0x000000f1   0x18  Code  Lc  table.o [1]
__vector_table          0x00000000   0xf0  Data  Gb  startup_ewarm.o [1]
_call_main              0x00003b1d         Code  Gb  cmain.o [6]
_exit                   0x00003b31         Code  Gb  cexit.o [6]
_main                   0x00003b23         Code  Gb  cmain.o [6]
exit                    0x00003b2b    0x4  Code  Gb  exit.o [3]
g_pucFont               0x00002d9c  0x1dc  Data  Lc  display96x16x1.o [1]
g_pucOSRAMInit          0x000037fc   0x74  Data  Lc  display96x16x1.o [1]
g_pucOSRAMRow1          0x00003e28    0x8  Data  Lc  display96x16x1.o [1]
g_pucOSRAMRow2          0x00003e30    0x8  Data  Lc  display96x16x1.o [1]
g_pucRITInit            0x000038cc   0x50  Data  Lc  display96x16x1.o [1]
g_pucRITRow1            0x00003e38    0x8  Data  Lc  display96x16x1.o [1]
g_pucRITRow2            0x00003e40    0x8  Data  Lc  display96x16x1.o [1]
g_ucColumnAdjust        0x20000989    0x1  Data  Lc  display96x16x1.o [1]
g_ucDisplayIsRIT        0x20000988    0x1  Data  Lc  display96x16x1.o [1]
g_ulDelay               0x20000958    0x4  Data  Lc  display96x16x1.o [1]
l_pulXtals              0x00003870   0x5c  Data  Lc  system_lm3s.o [1]
main                    0x00002f79  0x1c8  Code  Gb  main.o [1]
next_abi_dtor_rec       0x20000980    0x4  Data  Lc  cppinit.o [3]
pulStack                0x2000098c  0x190  Data  Lc  startup_ewarm.o [1]


[1] = D:\qp\qpcpp\examples\arm-cortex\vanilla\iar\dpp-ev-lm3s811\spy
[2] = command line
[3] = dl7M_tln.a
[4] = dlpp7M_tl_ne.a
[5] = libqp_cortex-m3.a
[6] = rt7M_tl.a
[7] = shb_l.a

  13 398 bytes of readonly  code memory
   2 594 bytes of readonly  data memory
   3 251 bytes of readwrite data memory

Errors: none
Warnings: none
