###############################################################################
#                                                                             #
# IAR ELF Linker V6.50.2.4510/W32 for ARM               11/Feb/2013  22:51:51 #
# Copyright 2007-2012 IAR Systems AB.                                         #
#                                                                             #
#    Output file  =  D:\qp\qpcpp\examples\arm-cortex\vanilla\iar\dpp-ev-lm3s8 #
#                    11\rel\dpp.out                                           #
#    Map file     =  D:\qp\qpcpp\examples\arm-cortex\vanilla\iar\dpp-ev-lm3s8 #
#                    11\rel\dpp.map                                           #
#    Command line =  D:\qp\qpcpp\examples\arm-cortex\vanilla\iar\dpp-ev-lm3s8 #
#                    11\rel\bsp.o D:\qp\qpcpp\examples\arm-cortex\vanilla\iar #
#                    \dpp-ev-lm3s811\rel\display96x16x1.o                     #
#                    D:\qp\qpcpp\examples\arm-cortex\vanilla\iar\dpp-ev-lm3s8 #
#                    11\rel\main.o D:\qp\qpcpp\examples\arm-cortex\vanilla\ia #
#                    r\dpp-ev-lm3s811\rel\philo.o                             #
#                    D:\qp\qpcpp\examples\arm-cortex\vanilla\iar\dpp-ev-lm3s8 #
#                    11\rel\startup_ewarm.o D:\qp\qpcpp\examples\arm-cortex\v #
#                    anilla\iar\dpp-ev-lm3s811\rel\system_lm3s.o              #
#                    D:\qp\qpcpp\examples\arm-cortex\vanilla\iar\dpp-ev-lm3s8 #
#                    11\rel\table.o --redirect _Printf=_PrintfTiny            #
#                    --redirect _Scanf=_ScanfSmall -o                         #
#                    D:\qp\qpcpp\examples\arm-cortex\vanilla\iar\dpp-ev-lm3s8 #
#                    11\rel\dpp.out --map D:\qp\qpcpp\examples\arm-cortex\van #
#                    illa\iar\dpp-ev-lm3s811\rel\dpp.map --config             #
#                    D:\qp\qpcpp\examples\arm-cortex\vanilla\iar\dpp-ev-lm3s8 #
#                    11\lm3s811.icf --semihosting                             #
#                    D:\qp\qpcpp\ports\arm-cortex\vanilla\iar\rel\libqp_corte #
#                    x-m3.a --entry __iar_program_start --inline --vfe        #
#                                                                             #
#                                                                             #
###############################################################################

*******************************************************************************
*** RUNTIME MODEL ATTRIBUTES
***

CppFlavor                     = *
__CPP_Language                = EC++
__Heap_Handler                = Basic
__SystemLibrary               = DLib
__dlib_dynamic_initialization = normal


*******************************************************************************
*** PLACEMENT SUMMARY
***

"A1":  place at start of [0x00000000-0x0000ffff] { ro section .intvec };
"P1":  place in [from 0x00000000 to 0x0000ffff] { ro };
"P2":  place in [from 0x20000000 to 0x20001fff] { rw, block HEAP };

  Section             Kind        Address    Size  Object
  -------             ----        -------    ----  ------
"A1":                                        0xf0
  .intvec             const    0x00000000    0xf0  startup_ewarm.o [1]
                             - 0x000000f0    0xf0

"P1":                                      0x23e0
  .text               ro code  0x000000f0   0x4cc  table.o [1]
  .text               ro code  0x000005bc    0x50  cxxabi.o [4]
  .text               ro code  0x0000060c     0xc  table.o [1]
  .text               ro code  0x00000618    0x68  qa_sub.o [5]
  .text               ro code  0x00000680   0x270  bsp.o [1]
  .text               ro code  0x000008f0     0x8  table.o [1]
  .text               ro code  0x000008f8     0x8  table.o [1]
  .text               ro code  0x00000900    0x12  table.o [1]
  .text               ro code  0x00000912    0x2e  copy_init3.o [6]
  .text               ro code  0x00000940    0x64  qf_new.o [5]
  .text               ro code  0x000009a4    0xac  qf_pspub.o [5]
  .text               ro code  0x00000a50    0x12  table.o [1]
  .text               ro code  0x00000a62    0x22  zero_init3.o [6]
  .text               ro code  0x00000a84    0x98  cppinit.o [3]
  .text               ro code  0x00000b1c    0x1c  table.o [1]
  .text               ro code  0x00000b38    0x84  qf_tick.o [5]
  .text               ro code  0x00000bbc    0x90  qa_fifo.o [5]
  .text               ro code  0x00000c4c   0x2a0  system_lm3s.o [1]
  .text               ro code  0x00000eec   0x414  display96x16x1.o [1]
  .text               ro code  0x00001300    0x40  qmp_get.o [5]
  .text               ro code  0x00001340    0x60  qf_gc.o [5]
  .text               ro code  0x000013a0     0xc  table.o [1]
  .text               ro code  0x000013ac    0x4c  qmp_put.o [5]
  .text               ro code  0x000013f8    0x14  table.o [1]
  .text               ro code  0x0000140c   0x244  philo.o [1]
  .text               ro code  0x00001650    0x3c  qte_ctor.o [5]
  .text               ro code  0x0000168c    0x16  philo.o [1]
  .text               ro code  0x000016a2    0x1a  philo.o [1]
  .text               ro code  0x000016bc    0x12  qte_darm.o [5]
  .text               ro code  0x000016d0    0x14  philo.o [1]
  .text               ro code  0x000016e4    0x16  philo.o [1]
  .text               ro code  0x000016fc    0x4c  qte_arm.o [5]
  .text               ro code  0x00001748   0x1e4  qhsm_dis.o [5]
  .rodata             const    0x0000192c   0x1dc  display96x16x1.o [1]
  .rodata             const    0x00001b08   0x100  qf_log2.o [5]
  .rodata             const    0x00001c08    0xcc  qf_pwr2.o [5]
  .text               ro code  0x00001cd4    0xc4  qhsm_ini.o [5]
  .text               ro code  0x00001d98    0xac  qvanilla.o [5]
  .text               ro code  0x00001e44    0x78  qa_get_.o [5]
  .text               ro code  0x00001ebc    0x12  qeq_init.o [5]
  .text               ro code  0x00001ed0    0x3c  qf_act.o [5]
  .text               ro code  0x00001f0c    0xac  qmp_init.o [5]
  .text               ro code  0x00001fb8    0x8c  main.o [1]
  .text               ro code  0x00002044     0xc  qf_psini.o [5]
  .text               ro code  0x00002050    0x68  qf_pool.o [5]
  .rodata             const    0x000020b8    0x74  display96x16x1.o [1]
  .rodata             const    0x0000212c    0x5c  system_lm3s.o [1]
  .rodata             const    0x00002188    0x50  display96x16x1.o [1]
  .rodata             const    0x000021d8    0x48  philo.o [1]
  .rodata             const    0x00002220    0x48  table.o [1]
  .rodata             const    0x00002268    0x44  bsp.o [1]
  .text               ro code  0x000022ac    0x28  data_init.o [6]
  .iar.init_table     const    0x000022d4    0x28  - Linker created -
  .text               ro code  0x000022fc    0x20  startup_ewarm.o [1]
  .text               ro code  0x0000231c    0x20  cmain_call_ctors.o [6]
  .text               ro code  0x0000233c    0x16  cmain.o [6]
  .text               ro code  0x00002352     0x4  exit.o [3]
  .text               ro code  0x00002358     0xe  cexit.o [6]
  .text               ro code  0x00002368    0x14  exit.o [7]
  .rodata             const    0x0000237c    0x14  philo.o [1]
  .rodata             const    0x00002390    0x14  startup_ewarm.o [1]
  .rodata             const    0x000023a4    0x10  bsp.o [1]
  .rodata             const    0x000023b4    0x10  bsp.o [1]
  .rodata             const    0x000023c4    0x10  philo.o [1]
  .rodata             const    0x000023d4    0x10  table.o [1]
  .rodata             const    0x000023e4    0x10  table.o [1]
  .rodata             const    0x000023f4    0x10  qhsm_ini.o [5]
  .rodata             const    0x00002404    0x10  qep.o [5]
  .text               ro code  0x00002414     0xe  philo.o [1]
  .text               ro code  0x00002422     0xc  table.o [1]
  .text               ro code  0x0000242e     0xe  table.o [1]
  .text               ro code  0x0000243c     0xe  table.o [1]
  .rodata             const    0x0000244c     0xc  startup_ewarm.o [1]
  .rodata             const    0x00002458     0xc  table.o [1]
  .rodata             const    0x00002464     0xc  table.o [1]
  .rodata             const    0x00002470     0xc  table.o [1]
  .text               ro code  0x0000247c     0xc  cstartup_M.o [6]
  .rodata             const    0x00002488     0x8  display96x16x1.o [1]
  .rodata             const    0x00002490     0x8  display96x16x1.o [1]
  .rodata             const    0x00002498     0x8  display96x16x1.o [1]
  .rodata             const    0x000024a0     0x8  display96x16x1.o [1]
  SHT$$PREINIT_ARRAY           0x000024a8     0x0  <Block>
  SHT$$INIT_ARRAY              0x000024a8     0x8  <Block>
    .init_array       const    0x000024a8     0x4  philo.o [1]
    .init_array       const    0x000024ac     0x4  table.o [1]
  .rodata             const    0x000024b0     0x4  bsp.o [1]
  .rodata             const    0x000024b4     0x4  bsp.o [1]
  .rodata             const    0x000024b8     0x4  table.o [1]
  .rodata             const    0x000024bc     0x4  table.o [1]
  .rodata             const    0x000024c0     0x4  table.o [1]
  .rodata             const    0x000024c4     0x4  table.o [1]
  .text               ro code  0x000024c8     0x4  qhsm_top.o [5]
  .text               ro code  0x000024cc     0x0  cstart_call_dtors.o [6]
  .rodata             const    0x000024cc     0x0  zero_init3.o [6]
  .rodata             const    0x000024cc     0x0  copy_init3.o [6]
  Initializer bytes   ro data  0x000024cc     0x4  <for P2 s0>
                             - 0x000024d0  0x23e0

"P2", part 1 of 3:                            0x4
  P2 s0                        0x20000000     0x4  <Init block>
    .data             inited   0x20000000     0x4  bsp.o [1]
                             - 0x20000004     0x4

"P2", part 2 of 3:                          0x334
  .bss                zero     0x20000004    0xf0  philo.o [1]
  .bss                zero     0x200000f4    0x84  qf_act.o [5]
  .bss                zero     0x20000178    0x7c  qf_pool.o [5]
  .bss                zero     0x200001f4    0x64  main.o [1]
  .bss                zero     0x20000258    0x50  main.o [1]
  .bss                zero     0x200002a8    0x28  table.o [1]
  .bss                zero     0x200002d0    0x20  main.o [1]
  .bss                zero     0x200002f0    0x14  main.o [1]
  .bss                zero     0x20000304     0xd  qvanilla.o [5]
  .bss                zero     0x20000311     0x1  bsp.o [1]
  .bss                zero     0x20000312     0x1  display96x16x1.o [1]
  .bss                zero     0x20000313     0x1  display96x16x1.o [1]
  .bss                zero     0x20000314     0x8  qf_psini.o [5]
  .bss                zero     0x2000031c     0x4  bsp.o [1]
  .bss                zero     0x20000320     0x4  display96x16x1.o [1]
  .bss                zero     0x20000324     0x4  system_lm3s.o [1]
  .bss                zero     0x20000328     0x4  qte_arm.o [5]
  .bss                zero     0x2000032c     0x4  cppinit.o [3]
  .bss                zero     0x20000330     0x4  cppinit.o [3]
  .bss                zero     0x20000334     0x1  philo.o [1]
                             - 0x20000335   0x331

"P2", part 3 of 3:                          0x328
  .noinit             uninit   0x20000338   0x190  startup_ewarm.o [1]
  .iar.dynexit                 0x200004c8   0x198  <Block>
    .iar.dynexit      uninit   0x200004c8     0xc  cppinit.o [3]
    .iar.dynexit      uninit   0x200004d4   0x18c  <Block tail>
                             - 0x20000660   0x328


*******************************************************************************
*** INIT TABLE
***

          Address     Size
          -------     ----
Zero (__iar_zero_init3)
    1 destination range, total size 0x331:
          0x20000004  0x331

Copy (__iar_copy_init3)
    1 source range, total size 0x4:
          0x000024cc    0x4
    1 destination range, total size 0x4:
          0x20000000    0x4

Extra (__iar_cstart_call_ctors)



*******************************************************************************
*** MODULE SUMMARY
***

    Module               ro code  ro data  rw data
    ------               -------  -------  -------
D:\qp\qpcpp\examples\arm-cortex\vanilla\iar\dpp-ev-lm3s811\rel: [1]
    bsp.o                    624      112        9
    display96x16x1.o       1 044      704        6
    main.o                   140               232
    philo.o                  684      112      241
    startup_ewarm.o           32      272      400
    system_lm3s.o            672       92        4
    table.o                1 392      160       40
    ----------------------------------------------
    Total:                 4 588    1 452      932

command line: [2]
    ----------------------------------------------
    Total:

dl7M_tln.a: [3]
    cppinit.o                152                20
    exit.o                     4
    ----------------------------------------------
    Total:                   156                20

dlpp7M_tl_ne.a: [4]
    cxxabi.o                  80
    ----------------------------------------------
    Total:                    80

libqp_cortex-m3.a: [5]
    qa_fifo.o                144
    qa_get_.o                120
    qa_sub.o                 104
    qep.o                              16
    qeq_init.o                18
    qf_act.o                  60               132
    qf_gc.o                   96
    qf_log2.o                         256
    qf_new.o                 100
    qf_pool.o                104               124
    qf_psini.o                12                 8
    qf_pspub.o               172
    qf_pwr2.o                         204
    qf_tick.o                132
    qhsm_dis.o               484
    qhsm_ini.o               196       16
    qhsm_top.o                 4
    qmp_get.o                 64
    qmp_init.o               172
    qmp_put.o                 76
    qte_arm.o                 76                 4
    qte_ctor.o                60
    qte_darm.o                18
    qvanilla.o               172                13
    ----------------------------------------------
    Total:                 2 384      492      281

rt7M_tl.a: [6]
    cexit.o                   14
    cmain.o                   22
    cmain_call_ctors.o        32
    copy_init3.o              46
    cstart_call_dtors.o
    cstartup_M.o              12
    data_init.o               40
    zero_init3.o              34
    ----------------------------------------------
    Total:                   200

shb_l.a: [7]
    exit.o                    20
    ----------------------------------------------
    Total:                    20

    Gaps                      10        2
    Linker created                     40      396
--------------------------------------------------
    Grand Total:           7 438    1 986    1 629


*******************************************************************************
*** ENTRY LIST
***

Entry                      Address   Size  Type      Object
-----                      -------   ----  ----      ------
.iar.dynexit$$Base      0x200004c8          --   Gb  - Linker created -
.iar.dynexit$$Limit     0x20000660          --   Gb  - Linker created -
?main                   0x0000233d         Code  Gb  cmain.o [6]
DPP::AO_Philo           0x0000237c   0x14  Data  Gb  philo.o [1]
DPP::AO_Table           0x000024c4    0x4  Data  Gb  table.o [1]
DPP::BSP_displayPaused(unsigned char)
                        0x00000821   0x1a  Code  Gb  bsp.o [1]
DPP::BSP_displayPhilStat(unsigned char, char const *)
                        0x000007fb   0x26  Code  Gb  bsp.o [1]
DPP::BSP_init()         0x00000791   0x6a  Code  Gb  bsp.o [1]
DPP::BSP_random()       0x0000083b   0x14  Code  Gb  bsp.o [1]
DPP::EATING             0x000024c0    0x4  Data  Lc  table.o [1]
DPP::HUNGRY             0x000024bc    0x4  Data  Lc  table.o [1]
DPP::LEFT(unsigned char)
                        0x00000901   0x12  Code  Gb  table.o [1]
DPP::PHILO_ID(DPP::Philo const *)
                        0x000016d1   0x14  Code  Gb  philo.o [1]
DPP::Philo::Philo()     0x00001441   0x20  Code  Gb  philo.o [1]
DPP::Philo::eating(DPP::Philo*, QP::QEvt const *)
                        0x00001595   0x98  Code  Gb  philo.o [1]
DPP::Philo::hungry(DPP::Philo*, QP::QEvt const *)
                        0x0000150d   0x88  Code  Gb  philo.o [1]
DPP::Philo::initial(DPP::Philo*, QP::QEvt const *)
                        0x00001461   0x28  Code  Gb  philo.o [1]
DPP::Philo::thinking(DPP::Philo*, QP::QEvt const *)
                        0x00001489   0x82  Code  Gb  philo.o [1]
DPP::Philo::~Philo()    0x00002415    0xe  Code  Gb  philo.o [1]
DPP::RIGHT(unsigned char)
                        0x00000a51   0x12  Code  Gb  table.o [1]
DPP::THINKING           0x000024b8    0x4  Data  Lc  table.o [1]
DPP::Table::Table()     0x00000109   0x36  Code  Gb  table.o [1]
DPP::Table::active(DPP::Table*, QP::QEvt const *)
                        0x00000197   0x42  Code  Gb  table.o [1]
DPP::Table::initial(DPP::Table*, QP::QEvt const *)
                        0x00000141   0x56  Code  Gb  table.o [1]
DPP::Table::paused(DPP::Table*, QP::QEvt const *)
                        0x00000489  0x106  Code  Gb  table.o [1]
DPP::Table::serving(DPP::Table*, QP::QEvt const *)
                        0x000001d9  0x2b0  Code  Gb  table.o [1]
DPP::Table::~Table()    0x0000243d    0xe  Code  Gb  table.o [1]
DPP::eat_time()         0x000016e5   0x16  Code  Gb  philo.o [1]
DPP::l_philo            0x20000004   0xf0  Data  Lc  philo.o [1]
DPP::l_rnd              0x2000031c    0x4  Data  Lc  bsp.o [1]
DPP::l_table            0x200002a8   0x28  Data  Lc  table.o [1]
DPP::l_this_file        0x00002268   0x44  Data  Lc  bsp.o [1]
DPP::l_this_file        0x000021d8   0x48  Data  Lc  philo.o [1]
DPP::l_this_file        0x00002220   0x48  Data  Lc  table.o [1]
DPP::think_time()       0x0000168d   0x16  Code  Gb  philo.o [1]
Display96x16x1Clear     0x00000fad   0x74  Code  Gb  display96x16x1.o [1]
Display96x16x1Init      0x000010e7  0x19a  Code  Gb  display96x16x1.o [1]
Display96x16x1StringDraw
                        0x00001021   0xc6  Code  Gb  display96x16x1.o [1]
Display96x16x1WriteArray
                        0x00000f39   0x36  Code  Lc  display96x16x1.o [1]
Display96x16x1WriteByte
                        0x00000f0f   0x2a  Code  Lc  display96x16x1.o [1]
Display96x16x1WriteFinal
                        0x00000f6f   0x3e  Code  Lc  display96x16x1.o [1]
Display96x16x1WriteFirst
                        0x00000ef5   0x1a  Code  Lc  display96x16x1.o [1]
DtorRecArray            0x200004c8    0xc  Data  Lc  cppinit.o [3]
GPIOPortA_IRQHandler    0x0000077b   0x16  Code  Gb  bsp.o [1]
HardFault_Handler       0x00002309    0xc  Code  Gb  startup_ewarm.o [1]
NMI_Handler             0x000022fd    0xc  Code  Gb  startup_ewarm.o [1]
NVIC_EnableIRQ(IRQn)    0x00000681   0x18  Code  Lc  bsp.o [1]
NVIC_SetPriority(IRQn, unsigned int)
                        0x00000699   0x22  Code  Lc  bsp.o [1]
QF_currPrio_            0x20000310    0x1  Data  Gb  qvanilla.o [5]
QF_readySet_            0x20000304    0xc  Data  Gb  qvanilla.o [5]
QP::QActive::QActive(unsigned char (*)(void *, QP::QEvt const *))
                        0x00000b1d   0x1c  Code  Gb  table.o [1]
QP::QActive::QActive(unsigned char (*)(void *, QP::QEvt const *)) [subobject]
                        0x0000060d    0xc  Code  Gb  table.o [1]
QP::QActive::get_()     0x00001e45   0x62  Code  Gb  qa_get_.o [5]
QP::QActive::postFIFO(QP::QEvt const *)
                        0x00000bbd   0x7a  Code  Gb  qa_fifo.o [5]
QP::QActive::start(unsigned char, QP::QEvt const **, unsigned int, void *, unsigned int, QP::QEvt const *)
                        0x00001df5   0x42  Code  Gb  qvanilla.o [5]
QP::QActive::subscribe(int) const
                        0x00000619   0x4c  Code  Gb  qa_sub.o [5]
QP::QActive::~QActive()
                        0x0000242f    0xe  Code  Gb  table.o [1]
QP::QActive::~QActive() [subobject]
                        0x00002423    0xc  Code  Gb  table.o [1]
QP::QEP_reservedEvt_    0x00002404   0x10  Data  Gb  qep.o [5]
QP::QEQueue::init(QP::QEvt const **, unsigned char)
                        0x00001ebd   0x12  Code  Gb  qeq_init.o [5]
QP::QF::active_         0x200000f4   0x84  Data  Gb  qf_act.o [5]
QP::QF::add_(QP::QActive *)
                        0x00001ed1   0x2e  Code  Gb  qf_act.o [5]
QP::QF::gc(QP::QEvt const *)
                        0x00001341   0x50  Code  Gb  qf_gc.o [5]
QP::QF::new_(unsigned short, int)
                        0x00000941   0x54  Code  Gb  qf_new.o [5]
QP::QF::onIdle()        0x0000087d   0x12  Code  Gb  bsp.o [1]
QP::QF::onStartup()     0x00000853   0x2a  Code  Gb  bsp.o [1]
QP::QF::poolInit(void *, unsigned int, unsigned int)
                        0x00002051   0x5a  Code  Gb  qf_pool.o [5]
QP::QF::psInit(QP::QSubscrList *, unsigned int)
                        0x00002045    0xc  Code  Gb  qf_psini.o [5]
QP::QF::publish(QP::QEvt const *)
                        0x000009a5   0x8a  Code  Gb  qf_pspub.o [5]
QP::QF::run()           0x00001d99   0x4e  Code  Gb  qvanilla.o [5]
QP::QF::tick()          0x00000b39   0x76  Code  Gb  qf_tick.o [5]
QP::QF_div8Lkup         0x00001c90   0x44  Data  Gb  qf_pwr2.o [5]
QP::QF_invPwr2Lkup      0x00001c4c   0x44  Data  Gb  qf_pwr2.o [5]
QP::QF_log2Lkup         0x00001b08  0x100  Data  Gb  qf_log2.o [5]
QP::QF_maxPool_         0x20000178    0x1  Data  Gb  qf_pool.o [5]
QP::QF_maxSignal_       0x20000318    0x4  Data  Gb  qf_psini.o [5]
QP::QF_pool_            0x2000017c   0x78  Data  Gb  qf_pool.o [5]
QP::QF_pwr2Lkup         0x00001c08   0x44  Data  Gb  qf_pwr2.o [5]
QP::QF_subscrList_      0x20000314    0x4  Data  Gb  qf_psini.o [5]
QP::QF_timeEvtListHead_
                        0x20000328    0x4  Data  Gb  qte_arm.o [5]
QP::QHsm::QHsm(unsigned char (*)(void *, QP::QEvt const *))
                        0x000013f9   0x14  Code  Gb  table.o [1]
QP::QHsm::QHsm(unsigned char (*)(void *, QP::QEvt const *)) [subobject]
                        0x000013a1    0xc  Code  Gb  table.o [1]
QP::QHsm::dispatch(QP::QEvt const *)
                        0x00001749  0x1d2  Code  Gb  qhsm_dis.o [5]
QP::QHsm::init(QP::QEvt const *)
                        0x00001cd5   0xac  Code  Gb  qhsm_ini.o [5]
QP::QHsm::super(unsigned char (*)(void *, QP::QEvt const *))
                        0x000008f9    0x8  Code  Gb  table.o [1]
QP::QHsm::top(void *, QP::QEvt const *)
                        0x000024c9    0x4  Code  Gb  qhsm_top.o [5]
QP::QHsm::tran(unsigned char (*)(void *, QP::QEvt const *))
                        0x000008f1    0x8  Code  Gb  table.o [1]
QP::QMPool::get()       0x00001301   0x38  Code  Gb  qmp_get.o [5]
QP::QMPool::init(void *, unsigned int, unsigned short)
                        0x00001f0d   0x9e  Code  Gb  qmp_init.o [5]
QP::QMPool::put(void *)
                        0x000013ad   0x44  Code  Gb  qmp_put.o [5]
QP::QTimeEvt::QTimeEvt(int)
                        0x00001651   0x2e  Code  Gb  qte_ctor.o [5]
QP::QTimeEvt::arm_(QP::QActive *, unsigned short)
                        0x000016fd   0x3e  Code  Gb  qte_arm.o [5]
QP::QTimeEvt::disarm()  0x000016bd   0x12  Code  Gb  qte_darm.o [5]
QP::QTimeEvt::postIn(QP::QActive *, unsigned short)
                        0x000016a3   0x1a  Code  Gb  philo.o [1]
QP::l_this_file         0x0000099c    0x8  Data  Lc  qf_new.o [5]
QP::l_this_file         0x00000bb4    0x8  Data  Lc  qf_tick.o [5]
QP::l_this_file         0x00000a44    0xc  Data  Lc  qf_pspub.o [5]
QP::l_this_file         0x00000c44    0x8  Data  Lc  qa_fifo.o [5]
QP::l_this_file         0x00001e38    0xc  Data  Lc  qvanilla.o [5]
QP::l_this_file         0x000020b0    0x8  Data  Lc  qf_pool.o [5]
QP::l_this_file         0x00001d8c    0xc  Data  Lc  qhsm_ini.o [5]
QP::l_this_file         0x00001740    0x8  Data  Lc  qte_arm.o [5]
QP::l_this_file         0x00001680    0xc  Data  Lc  qte_ctor.o [5]
QP::l_this_file         0x00000678    0x8  Data  Lc  qa_sub.o [5]
QP::l_this_file         0x00001338    0x8  Data  Lc  qmp_get.o [5]
QP::l_this_file         0x00001398    0x8  Data  Lc  qf_gc.o [5]
QP::l_this_file         0x00001f04    0x8  Data  Lc  qf_act.o [5]
QP::l_this_file         0x00001920    0xc  Data  Lc  qhsm_dis.o [5]
QP::l_this_file         0x00001eb4    0x8  Data  Lc  qa_get_.o [5]
QP::l_this_file         0x00001fac    0xc  Data  Lc  qmp_init.o [5]
QP::l_this_file         0x000013f0    0x8  Data  Lc  qmp_put.o [5]
Q_onAssert              0x0000084f    0x4  Code  Gb  bsp.o [1]
Region$$Table$$Base     0x000022d4          --   Gb  - Linker created -
Region$$Table$$Limit    0x000022fc          --   Gb  - Linker created -
SHT$$INIT_ARRAY$$Base   0x000024a8          --   Gb  - Linker created -
SHT$$INIT_ARRAY$$Limit  0x000024b0          --   Gb  - Linker created -
SHT$$PREINIT_ARRAY$$Base
                        0x000024a8          --   Gb  - Linker created -
SHT$$PREINIT_ARRAY$$Limit
                        0x000024a8          --   Gb  - Linker created -
SysCtlDelay             0x00000eed    0x8  Code  Lc  display96x16x1.o [1]
SysTick_Config(unsigned int)
                        0x000006bb   0x32  Code  Lc  bsp.o [1]
SysTick_Handler         0x000006ed   0x8e  Code  Gb  bsp.o [1]
SystemFrequency         0x20000324    0x4  Data  Gb  system_lm3s.o [1]
SystemInit              0x00000c4d  0x2a0  Code  Gb  system_lm3s.o [1]
Virtual function table for DPP::Philo
                        0x000023c4   0x10  Data  Gb  philo.o [1]
Virtual function table for DPP::Table
                        0x000023e4   0x10  Data  Gb  table.o [1]
Virtual function table for QP::QActive
                        0x000023d4   0x10  Data  Gb  table.o [1]
Virtual function table for QP::QHsm
                        0x000023f4   0x10  Data  Gb  qhsm_ini.o [5]
__aeabi_atexit          0x000005fd    0xa  Code  Gb  cxxabi.o [4]
__aeabi_vec_ctor_nocookie_nodtor
                        0x000005bd   0x22  Code  Gb  cxxabi.o [4]
__aeabi_vec_dtor        0x000005df   0x1e  Code  Gb  cxxabi.o [4]
__call_ctors            0x00000a85   0x18  Code  Gb  cppinit.o [3]
__call_dtors            0x00000ad7    0x2  Code  Gb  cppinit.o [3]
__cexit_call_dtors      0x0000235b         Code  Gb  cexit.o [6]
__cmain                 0x0000233d         Code  Gb  cmain.o [6]
__cstart_call_dtors     0x000024cc         Data  Gb  cstart_call_dtors.o [6]
__cxa_atexit            0x00000a9d   0x3a  Code  Gb  cppinit.o [3]
__cxa_finalize          0x00000ad9   0x36  Code  Gb  cppinit.o [3]
__dso_handle            0x20000330    0x4  Data  Gb  cppinit.o [3]
__exit                  0x00002369   0x14  Code  Gb  exit.o [7]
__iar_copy_init3        0x00000913   0x2e  Code  Gb  copy_init3.o [6]
__iar_cstart_call_ctors
                        0x0000231d   0x20  Code  Gb  cmain_call_ctors.o [6]
__iar_data_init3        0x000022ad   0x28  Code  Gb  data_init.o [6]
__iar_program_start     0x0000247d         Code  Gb  cstartup_M.o [6]
__iar_zero_init3        0x00000a63   0x22  Code  Gb  zero_init3.o [6]
__sti__routine          0x0000140d   0x1e  Code  Lc  philo.o [1]
__sti__routine          0x000000f1   0x18  Code  Lc  table.o [1]
__vector_table          0x00000000   0xf0  Data  Gb  startup_ewarm.o [1]
_call_main              0x00002349         Code  Gb  cmain.o [6]
_exit                   0x00002359         Code  Gb  cexit.o [6]
_main                   0x0000234f         Code  Gb  cmain.o [6]
exit                    0x00002353    0x4  Code  Gb  exit.o [3]
g_pucFont               0x0000192c  0x1dc  Data  Lc  display96x16x1.o [1]
g_pucOSRAMInit          0x000020b8   0x74  Data  Lc  display96x16x1.o [1]
g_pucOSRAMRow1          0x00002488    0x8  Data  Lc  display96x16x1.o [1]
g_pucOSRAMRow2          0x00002490    0x8  Data  Lc  display96x16x1.o [1]
g_pucRITInit            0x00002188   0x50  Data  Lc  display96x16x1.o [1]
g_pucRITRow1            0x00002498    0x8  Data  Lc  display96x16x1.o [1]
g_pucRITRow2            0x000024a0    0x8  Data  Lc  display96x16x1.o [1]
g_ucColumnAdjust        0x20000313    0x1  Data  Lc  display96x16x1.o [1]
g_ucDisplayIsRIT        0x20000312    0x1  Data  Lc  display96x16x1.o [1]
g_ulDelay               0x20000320    0x4  Data  Lc  display96x16x1.o [1]
l_pulXtals              0x0000212c   0x5c  Data  Lc  system_lm3s.o [1]
main                    0x00001fb9   0x8c  Code  Gb  main.o [1]
next_abi_dtor_rec       0x2000032c    0x4  Data  Lc  cppinit.o [3]
pulStack                0x20000338  0x190  Data  Lc  startup_ewarm.o [1]


[1] = D:\qp\qpcpp\examples\arm-cortex\vanilla\iar\dpp-ev-lm3s811\rel
[2] = command line
[3] = dl7M_tln.a
[4] = dlpp7M_tl_ne.a
[5] = libqp_cortex-m3.a
[6] = rt7M_tl.a
[7] = shb_l.a

  7 438 bytes of readonly  code memory
  1 986 bytes of readonly  data memory
  1 629 bytes of readwrite data memory

Errors: none
Warnings: none
